Microchip MPLAB XC8 Compiler V2.31

Linker command line:

-W-3 --edf=C:\Program Files\Microchip\xc8\v2.31\pic\dat\en_msgs.txt -cn \
  -h+dist/default/production\Cluster.X.production.sym \
  --cmf=dist/default/production\Cluster.X.production.cmf -z -Q16F887 \
  -oC:\Users\danny\AppData\Local\Temp\s6o4.2 --defsym=__MPLAB_BUILD=1 \
  -Mdist/default/production/Cluster.X.production.map -E1 -ver=XC8 Compiler \
  --acfsm=1493 -ASTACK=0110h-016Fh -pstack=STACK -ACODE=00h-07FFhx4 \
  -ASTRCODE=00h-01FFFh -ASTRING=00h-0FFhx32 -ACONST=00h-0FFhx32 \
  -AENTRY=00h-0FFhx32 -ACOMMON=070h-07Fh -ABANK0=020h-06Fh \
  -ABANK1=0A0h-0EFh -ABANK2=0110h-016Fh -ABANK3=0190h-01EFh \
  -ARAM=020h-06Fh,0A0h-0EFh,0110h-016Fh,0190h-01EFh \
  -AABS1=020h-07Fh,0A0h-0EFh,0110h-016Fh,0190h-01EFh -ASFR0=00h-01Fh \
  -ASFR1=080h-09Fh -ASFR2=0100h-010Fh -ASFR3=0180h-018Fh \
  -ACONFIG=02007h-02008h -DCONFIG=2 -AIDLOC=02000h-02003h -DIDLOC=2 \
  -AEEDATA=00h-0FFh/02100h -peeprom_data=EEDATA -DEEDATA=2 -DCODE=2 \
  -DSTRCODE=2 -DSTRING=2 -DCONST=2 -DENTRY=2 \
  -preset_vec=00h,intentry,init,end_init -ppowerup=CODE -pcinit=CODE \
  -pfunctab=ENTRY -k C:\Users\danny\AppData\Local\Temp\s6o4.o \
  dist/default/production\Cluster.X.production.o 

Object code version is 3.11

Machine type is 16F887



                Name                               Link     Load   Length Selector   Space Scale
C:\Users\danny\AppData\Local\Temp\s6o4.o
                end_init                              0        0        3        0       0
                config                             2007     2007        2        0       4
dist/default/production\Cluster.X.production.o
                cinit                               7F9      7F9        7      FF2       0
                config                             2007     2007        2        0       4
                text4                               5AC      5AC        C      B58       0
                text3                               5B8      5B8       1F      B70       0
                text2                               622      622       9D      C44       0
                text1                               5D7      5D7       4B      BAE       0
                maintext                            6BF      6BF      13A      D7E       0
                cstackBANK0                          20       20        D       20       1
                cstackCOMMON                         70       70        E       70       1
                bssBANK0                             2D       2D        1       20       1
                strings                               3        3       DE        6       0

TOTAL           Name                               Link     Load   Length     Space
        CLASS   STACK          

        CLASS   CODE           
                end_init                              0        0        3         0
                cinit                               7F9      7F9        7         0
                text4                               5AC      5AC        C         0
                text3                               5B8      5B8       1F         0
                text2                               622      622       9D         0
                text1                               5D7      5D7       4B         0
                maintext                            6BF      6BF      13A         0

        CLASS   STRCODE        

        CLASS   STRING         
                strings                               3        3       DE         0

        CLASS   CONST          

        CLASS   ENTRY          

        CLASS   COMMON         
                cstackCOMMON                         70       70        E         1

        CLASS   BANK0          
                cstackBANK0                          20       20        D         1
                bssBANK0                             2D       2D        1         1

        CLASS   BANK1          

        CLASS   BANK2          

        CLASS   BANK3          

        CLASS   RAM            

        CLASS   ABS1           
                abs_s1                               7E       7E        2         1

        CLASS   SFR0           

        CLASS   SFR1           

        CLASS   SFR2           

        CLASS   SFR3           

        CLASS   CONFIG         
                config                             2007     2007        2         4

        CLASS   IDLOC          

        CLASS   EEDATA         



SEGMENTS        Name                           Load    Length   Top    Selector   Space  Class     Delta

                reset_vec                      000000  000003  000003         0       0  CODE        2
                strings                        000003  0000DE  0000E1         6       0  STRING      2
                cstackBANK0                    000020  00000E  00002E        20       1  BANK0       1
                cstackCOMMON                   000070  00000E  00007E        70       1  COMMON      1
                text4                          0005AC  00000C  0005B8       B58       0  CODE        2
                text3                          0005B8  00001F  0005D7       B70       0  CODE        2
                text1                          0005D7  00004B  000622       BAE       0  CODE        2
                text2                          000622  00009D  0006BF       C44       0  CODE        2
                maintext                       0006BF  00013A  0007F9       D7E       0  CODE        2
                cinit                          0007F9  000007  000800       FF2       0  CODE        2


UNUSED ADDRESS RANGES

        Name                Unused          Largest block    Delta
        BANK0            002E-006F             42           1
        BANK1            00A0-00EF             50           1
        BANK2            0110-016F             60           1
        BANK3            0190-01EF             60           1
        CODE             00E1-05AB            4CB           2
                         0800-1FFF            800
        CONST            00E1-05AB            100           2
                         0800-1FFF            100
        EEDATA           2100-21FF            100           2
        ENTRY            00E1-05AB            100           2
                         0800-1FFF            100
        IDLOC            2000-2003              4           2
        RAM              002E-006F             42           1
                         00A0-00EF             50
                         0110-016F             60
                         0190-01EF             60
        SFR0             0000-001F             20           1
        SFR1             0080-009F             20           1
        SFR2             0100-010F             10           1
        SFR3             0180-018F             10           1
        STACK            0110-016F             60           1
        STRCODE          00E1-05AB            4CB           2
                         0800-1FFF           1800
        STRING           00E1-05AB            100           2
                         0800-1FFF            100

                                  Symbol Table

?___aldiv                cstackCOMMON 0070
_ANSELH                  (abs)        0189
_PORTB                   (abs)        0006
_PORTE                   (abs)        0009
_RCREG                   (abs)        001A
_RCSTAbits               (abs)        0018
_SPBRG                   (abs)        0099
_TRISB                   (abs)        0086
_TRISBbits               (abs)        0086
_TRISE                   (abs)        0089
_TXREG                   (abs)        0019
_TXSTAbits               (abs)        0098
__Habs1                  abs1         0000
__Hbank0                 bank0        0000
__Hbank1                 bank1        0000
__Hbank2                 bank2        0000
__Hbank3                 bank3        0000
__HbssBANK0              bssBANK0     0000
__Hcinit                 cinit        0800
__Hclrtext               clrtext      0000
__Hcode                  code         0000
__Hcommon                common       0000
__Hconfig                config       2009
__HcstackBANK0           cstackBANK0  0000
__HcstackCOMMON          cstackCOMMON 0000
__Heeprom_data           eeprom_data  0000
__Hend_init              end_init     0003
__Hfunctab               functab      0000
__Hinit                  init         0000
__Hintentry              intentry     0000
__Hmaintext              maintext     0000
__Hpowerup               powerup      0000
__Hram                   ram          0000
__Hreset_vec             reset_vec    0000
__Hsfr0                  sfr0         0000
__Hsfr1                  sfr1         0000
__Hsfr2                  sfr2         0000
__Hsfr3                  sfr3         0000
__Hspace_0               (abs)        0800
__Hspace_1               (abs)        007E
__Hspace_2               (abs)        0000
__Hspace_3               (abs)        0000
__Hspace_4               (abs)        4010
__Hstack                 stack        0000
__Hstrings               strings      0000
__Htext                  text         0000
__Labs1                  abs1         0000
__Lbank0                 bank0        0000
__Lbank1                 bank1        0000
__Lbank2                 bank2        0000
__Lbank3                 bank3        0000
__LbssBANK0              bssBANK0     0000
__Lcinit                 cinit        07F9
__Lclrtext               clrtext      0000
__Lcode                  code         0000
__Lcommon                common       0000
__Lconfig                config       0000
__LcstackBANK0           cstackBANK0  0000
__LcstackCOMMON          cstackCOMMON 0000
__Leeprom_data           eeprom_data  0000
__Lend_init              end_init     0000
__Lfunctab               functab      0000
__Linit                  init         0000
__Lintentry              intentry     0000
__Lmaintext              maintext     0000
__Lpowerup               powerup      0000
__Lram                   ram          0000
__Lreset_vec             reset_vec    0000
__Lsfr0                  sfr0         0000
__Lsfr1                  sfr1         0000
__Lsfr2                  sfr2         0000
__Lsfr3                  sfr3         0000
__Lspace_0               (abs)        0000
__Lspace_1               (abs)        0000
__Lspace_2               (abs)        0000
__Lspace_3               (abs)        0000
__Lspace_4               (abs)        0000
__Lstack                 stack        0000
__Lstrings               strings      0000
__Ltext                  text         0000
__S0                     (abs)        0800
__S1                     (abs)        007E
__S2                     (abs)        0000
__S3                     (abs)        0000
___aldiv                 text2        0622
___aldiv@counter         cstackBANK0  0020
___aldiv@dividend        cstackCOMMON 0074
___aldiv@divisor         cstackCOMMON 0070
___aldiv@quotient        cstackBANK0  0022
___aldiv@sign            cstackBANK0  0021
___int_sp                stack        0000
___latbits               (abs)        0002
___sp                    stack        0000
___stackhi               (abs)        0000
___stacklo               (abs)        0000
__end_of___aldiv         text2        06BF
__end_of__initialization cinit        07FC
__end_of__stringtab      strings      0009
__end_of_main            maintext     07F9
__end_of_usart_Tx        text4        05B8
__end_of_usart_TxStr     text3        05D7
__end_of_usart_init      text1        0622
__initialization         cinit        07F9
__pbssBANK0              bssBANK0     002D
__pcstackBANK0           cstackBANK0  0020
__pcstackCOMMON          cstackCOMMON 0070
__pmaintext              maintext     06BF
__pstrings               strings      0003
__ptext1                 text1        05D7
__ptext2                 text2        0622
__ptext3                 text3        05B8
__ptext4                 text4        05AC
__size_of___aldiv        (abs)        0000
__size_of_main           (abs)        0000
__size_of_usart_Tx       (abs)        0000
__size_of_usart_TxStr    (abs)        0000
__size_of_usart_init     (abs)        0000
__stringbase             strings      0008
__stringtab              strings      0003
_main                    maintext     06BF
_usart_Tx                text4        05AC
_usart_TxStr             text3        05B8
_usart_init              text1        05D7
_usart_init$817          cstackCOMMON 0079
btemp                    (abs)        007E
end_of_initialization    cinit        07FC
intlevel0                functab      0000
intlevel1                functab      0000
intlevel2                functab      0000
intlevel3                functab      0000
intlevel4                functab      0000
intlevel5                functab      0000
main@entrada             cstackCOMMON 007D
reset_vec                reset_vec    0000
start                    init         0000
start_initialization     cinit        07F9
usart_Tx@send            cstackCOMMON 0070
usart_TxStr@str          cstackCOMMON 0072
usart_init@BAUD          cstackBANK0  0026
wtemp0                   (abs)        007E


FUNCTION INFORMATION:

 *************** function _main *****************
 Defined at:
		line 14 in file "main.c"
 Parameters:    Size  Location     Type
		None
 Auto vars:     Size  Location     Type
  entrada         1   13[COMMON] unsigned char 
 Return value:  Size  Location     Type
                  1    wreg      void 
 Registers used:
		wreg, fsr0l, fsr0h, status,2, status,0, pclath, cstack
 Tracked objects:
		On entry : 
		On exit  : 
		Unchanged: 
 Data sizes:     COMMON   BANK0   BANK1   BANK3   BANK2
      Params:         0       0       0       0       0
      Locals:         1       0       0       0       0
      Temps:          0       3       0       0       0
      Totals:         1       3       0       0       0
Total ram usage:        4 bytes
 Hardware stack levels required when called:    2
 This function calls:
		_usart_TxStr
		_usart_init
 This function is called by:
		Startup code after reset
 This function uses a non-reentrant model


 *************** function _usart_init *****************
 Defined at:
		line 5 in file "usart.c"
 Parameters:    Size  Location     Type
  BAUD            4    6[BANK0 ] long 
 Auto vars:     Size  Location     Type
		None
 Return value:  Size  Location     Type
                  1    wreg      void 
 Registers used:
		wreg, status,2, status,0, pclath, cstack
 Tracked objects:
		On entry : 
		On exit  : 
		Unchanged: 
 Data sizes:     COMMON   BANK0   BANK1   BANK3   BANK2
      Params:         0       4       0       0       0
      Locals:         4       0       0       0       0
      Temps:          0       0       0       0       0
      Totals:         4       4       0       0       0
Total ram usage:        8 bytes
 Hardware stack levels used:    1
 Hardware stack levels required when called:    1
 This function calls:
		___aldiv
 This function is called by:
		_main
 This function uses a non-reentrant model


 *************** function ___aldiv *****************
 Defined at:
		line 5 in file "C:\Program Files\Microchip\xc8\v2.31\pic\sources\c90\common\aldiv.c"
 Parameters:    Size  Location     Type
  divisor         4    0[COMMON] long 
  dividend        4    4[COMMON] long 
 Auto vars:     Size  Location     Type
  quotient        4    2[BANK0 ] long 
  sign            1    1[BANK0 ] unsigned char 
  counter         1    0[BANK0 ] unsigned char 
 Return value:  Size  Location     Type
                  4    0[COMMON] long 
 Registers used:
		wreg, status,2, status,0
 Tracked objects:
		On entry : 
		On exit  : 
		Unchanged: 
 Data sizes:     COMMON   BANK0   BANK1   BANK3   BANK2
      Params:         8       0       0       0       0
      Locals:         0       6       0       0       0
      Temps:          1       0       0       0       0
      Totals:         9       6       0       0       0
Total ram usage:       15 bytes
 Hardware stack levels used:    1
 This function calls:
		Nothing
 This function is called by:
		_usart_init
 This function uses a non-reentrant model


 *************** function _usart_TxStr *****************
 Defined at:
		line 34 in file "usart.c"
 Parameters:    Size  Location     Type
  str             1    wreg     PTR unsigned char 
		 -> STR_24(9), STR_23(9), STR_22(9), STR_21(9), 
		 -> STR_20(9), STR_19(9), STR_18(9), STR_17(9), 
		 -> STR_16(9), STR_15(9), STR_14(9), STR_13(9), 
		 -> STR_12(9), STR_11(9), STR_10(9), STR_9(9), 
		 -> STR_8(9), STR_7(9), STR_6(9), STR_5(9), 
		 -> STR_4(9), STR_3(9), STR_2(9), STR_1(9), 
 Auto vars:     Size  Location     Type
  str             1    2[COMMON] PTR unsigned char 
		 -> STR_24(9), STR_23(9), STR_22(9), STR_21(9), 
		 -> STR_20(9), STR_19(9), STR_18(9), STR_17(9), 
		 -> STR_16(9), STR_15(9), STR_14(9), STR_13(9), 
		 -> STR_12(9), STR_11(9), STR_10(9), STR_9(9), 
		 -> STR_8(9), STR_7(9), STR_6(9), STR_5(9), 
		 -> STR_4(9), STR_3(9), STR_2(9), STR_1(9), 
 Return value:  Size  Location     Type
                  1    wreg      void 
 Registers used:
		wreg, fsr0l, fsr0h, status,2, status,0, pclath, cstack
 Tracked objects:
		On entry : 
		On exit  : 
		Unchanged: 
 Data sizes:     COMMON   BANK0   BANK1   BANK3   BANK2
      Params:         0       0       0       0       0
      Locals:         1       0       0       0       0
      Temps:          1       0       0       0       0
      Totals:         2       0       0       0       0
Total ram usage:        2 bytes
 Hardware stack levels used:    1
 Hardware stack levels required when called:    1
 This function calls:
		_usart_Tx
 This function is called by:
		_main
 This function uses a non-reentrant model


 *************** function _usart_Tx *****************
 Defined at:
		line 25 in file "usart.c"
 Parameters:    Size  Location     Type
  send            1    wreg     unsigned char 
 Auto vars:     Size  Location     Type
  send            1    0[COMMON] unsigned char 
 Return value:  Size  Location     Type
                  1    wreg      void 
 Registers used:
		wreg
 Tracked objects:
		On entry : 
		On exit  : 
		Unchanged: 
 Data sizes:     COMMON   BANK0   BANK1   BANK3   BANK2
      Params:         0       0       0       0       0
      Locals:         1       0       0       0       0
      Temps:          0       0       0       0       0
      Totals:         1       0       0       0       0
Total ram usage:        1 bytes
 Hardware stack levels used:    1
 This function calls:
		Nothing
 This function is called by:
		_usart_TxStr
 This function uses a non-reentrant model



MODULE INFORMATION

Module		Function		Class		Link	Load	Size
usart.c
		_usart_Tx      		CODE           	05AC	0000	12
		_usart_TxStr   		CODE           	05B8	0000	31
		_usart_init    		CODE           	05D7	0000	75

usart.c estimated size: 118

shared
		__stringtab    		STRING         	0003	0000	6
		__initialization		CODE           	07F9	0000	3

shared estimated size: 9

C:\Program Files\Microchip\xc8\v2.31\pic\sources\c90\common\aldiv.c
		___aldiv       		CODE           	0622	0000	157

C:\Program Files\Microchip\xc8\v2.31\pic\sources\c90\common\aldiv.c estimated size: 157

main.c
		_main          		CODE           	06BF	0000	314

main.c estimated size: 314



FUNCTION INFORMATION:

 *************** function _main *****************
 Defined at:
		line 14 in file "main.c"
 Parameters:    Size  Location     Type
		None
 Auto vars:     Size  Location     Type
  entrada         1   13[COMMON] unsigned char 
 Return value:  Size  Location     Type
                  1    wreg      void 
 Registers used:
		wreg, fsr0l, fsr0h, status,2, status,0, pclath, cstack
 Tracked objects:
		On entry : 
		On exit  : 
		Unchanged: 
 Data sizes:     COMMON   BANK0   BANK1   BANK3   BANK2
      Params:         0       0       0       0       0
      Locals:         1       0       0       0       0
      Temps:          0       3       0       0       0
      Totals:         1       3       0       0       0
Total ram usage:        4 bytes
 Hardware stack levels required when called:    2
 This function calls:
		_usart_TxStr
		_usart_init
 This function is called by:
		Startup code after reset
 This function uses a non-reentrant model


 *************** function _usart_init *****************
 Defined at:
		line 5 in file "usart.c"
 Parameters:    Size  Location     Type
  BAUD            4    6[BANK0 ] long 
 Auto vars:     Size  Location     Type
		None
 Return value:  Size  Location     Type
                  1    wreg      void 
 Registers used:
		wreg, status,2, status,0, pclath, cstack
 Tracked objects:
		On entry : 
		On exit  : 
		Unchanged: 
 Data sizes:     COMMON   BANK0   BANK1   BANK3   BANK2
      Params:         0       4       0       0       0
      Locals:         4       0       0       0       0
      Temps:          0       0       0       0       0
      Totals:         4       4       0       0       0
Total ram usage:        8 bytes
 Hardware stack levels used:    1
 Hardware stack levels required when called:    1
 This function calls:
		___aldiv
 This function is called by:
		_main
 This function uses a non-reentrant model


 *************** function ___aldiv *****************
 Defined at:
		line 5 in file "C:\Program Files\Microchip\xc8\v2.31\pic\sources\c90\common\aldiv.c"
 Parameters:    Size  Location     Type
  divisor         4    0[COMMON] long 
  dividend        4    4[COMMON] long 
 Auto vars:     Size  Location     Type
  quotient        4    2[BANK0 ] long 
  sign            1    1[BANK0 ] unsigned char 
  counter         1    0[BANK0 ] unsigned char 
 Return value:  Size  Location     Type
                  4    0[COMMON] long 
 Registers used:
		wreg, status,2, status,0
 Tracked objects:
		On entry : 
		On exit  : 
		Unchanged: 
 Data sizes:     COMMON   BANK0   BANK1   BANK3   BANK2
      Params:         8       0       0       0       0
      Locals:         0       6       0       0       0
      Temps:          1       0       0       0       0
      Totals:         9       6       0       0       0
Total ram usage:       15 bytes
 Hardware stack levels used:    1
 This function calls:
		Nothing
 This function is called by:
		_usart_init
 This function uses a non-reentrant model


 *************** function _usart_TxStr *****************
 Defined at:
		line 34 in file "usart.c"
 Parameters:    Size  Location     Type
  str             1    wreg     PTR unsigned char 
		 -> STR_24(9), STR_23(9), STR_22(9), STR_21(9), 
		 -> STR_20(9), STR_19(9), STR_18(9), STR_17(9), 
		 -> STR_16(9), STR_15(9), STR_14(9), STR_13(9), 
		 -> STR_12(9), STR_11(9), STR_10(9), STR_9(9), 
		 -> STR_8(9), STR_7(9), STR_6(9), STR_5(9), 
		 -> STR_4(9), STR_3(9), STR_2(9), STR_1(9), 
 Auto vars:     Size  Location     Type
  str             1    2[COMMON] PTR unsigned char 
		 -> STR_24(9), STR_23(9), STR_22(9), STR_21(9), 
		 -> STR_20(9), STR_19(9), STR_18(9), STR_17(9), 
		 -> STR_16(9), STR_15(9), STR_14(9), STR_13(9), 
		 -> STR_12(9), STR_11(9), STR_10(9), STR_9(9), 
		 -> STR_8(9), STR_7(9), STR_6(9), STR_5(9), 
		 -> STR_4(9), STR_3(9), STR_2(9), STR_1(9), 
 Return value:  Size  Location     Type
                  1    wreg      void 
 Registers used:
		wreg, fsr0l, fsr0h, status,2, status,0, pclath, cstack
 Tracked objects:
		On entry : 
		On exit  : 
		Unchanged: 
 Data sizes:     COMMON   BANK0   BANK1   BANK3   BANK2
      Params:         0       0       0       0       0
      Locals:         1       0       0       0       0
      Temps:          1       0       0       0       0
      Totals:         2       0       0       0       0
Total ram usage:        2 bytes
 Hardware stack levels used:    1
 Hardware stack levels required when called:    1
 This function calls:
		_usart_Tx
 This function is called by:
		_main
 This function uses a non-reentrant model


 *************** function _usart_Tx *****************
 Defined at:
		line 25 in file "usart.c"
 Parameters:    Size  Location     Type
  send            1    wreg     unsigned char 
 Auto vars:     Size  Location     Type
  send            1    0[COMMON] unsigned char 
 Return value:  Size  Location     Type
                  1    wreg      void 
 Registers used:
		wreg
 Tracked objects:
		On entry : 
		On exit  : 
		Unchanged: 
 Data sizes:     COMMON   BANK0   BANK1   BANK3   BANK2
      Params:         0       0       0       0       0
      Locals:         1       0       0       0       0
      Temps:          0       0       0       0       0
      Totals:         1       0       0       0       0
Total ram usage:        1 bytes
 Hardware stack levels used:    1
 This function calls:
		Nothing
 This function is called by:
		_usart_TxStr
 This function uses a non-reentrant model



MODULE INFORMATION

Module		Function		Class		Link	Load	Size
usart.c
		_usart_Tx      		CODE           	05AC	0000	12
		_usart_TxStr   		CODE           	05B8	0000	31
		_usart_init    		CODE           	05D7	0000	75

usart.c estimated size: 118

shared
		__stringtab    		STRING         	0003	0000	6
		__initialization		CODE           	07F9	0000	3

shared estimated size: 9

C:\Program Files\Microchip\xc8\v2.31\pic\sources\c90\common\aldiv.c
		___aldiv       		CODE           	0622	0000	157

C:\Program Files\Microchip\xc8\v2.31\pic\sources\c90\common\aldiv.c estimated size: 157

main.c
		_main          		CODE           	06BF	0000	314

main.c estimated size: 314

