Microchip MPLAB XC8 Compiler V2.20

Linker command line:

-W-3 --edf=C:\Program Files\Microchip\xc8\v2.20\pic\dat\en_msgs.txt -cn \
  -h+dist/default/production\BMP180.X.production.sym \
  --cmf=dist/default/production\BMP180.X.production.cmf -z -Q16F887 \
  -oC:\Users\danny\AppData\Local\Temp\seto.2 --defsym=__MPLAB_BUILD=1 \
  -Mdist/default/production/BMP180.X.production.map -E1 -ver=XC8 Compiler \
  --acfsm=1493 -ASTACK=0110h-016Fh -pstack=STACK -ACODE=00h-07FFhx4 \
  -ASTRCODE=00h-01FFFh -ASTRING=00h-0FFhx32 -ACONST=00h-0FFhx32 \
  -AENTRY=00h-0FFhx32 -ACOMMON=070h-07Fh -ABANK0=020h-06Fh \
  -ABANK1=0A0h-0EFh -ABANK2=0110h-016Fh -ABANK3=0190h-01EFh \
  -ARAM=020h-06Fh,0A0h-0EFh,0110h-016Fh,0190h-01EFh \
  -AABS1=020h-07Fh,0A0h-0EFh,0110h-016Fh,0190h-01EFh -ASFR0=00h-01Fh \
  -ASFR1=080h-09Fh -ASFR2=0100h-010Fh -ASFR3=0180h-018Fh \
  -ACONFIG=02007h-02008h -DCONFIG=2 -AIDLOC=02000h-02003h -DIDLOC=2 \
  -preset_vec=00h,intentry,init,end_init -ppowerup=CODE -pcinit=CODE \
  -pfunctab=ENTRY -AEEDATA=00h-0FFh/02100h -peeprom_data=EEDATA -DEEDATA=2 \
  -DCODE=2 -DSTRCODE=2 -DSTRING=2 -DCONST=2 -DENTRY=2 -k \
  C:\Users\danny\AppData\Local\Temp\seto.o \
  dist/default/production\BMP180.X.production.o 

Object code version is 3.11

Machine type is 16F887



                Name                               Link     Load   Length Selector   Space Scale
C:\Users\danny\AppData\Local\Temp\seto.o
                end_init                              0        0        3        0       0
                config                             2007     2007        2        0       4
dist/default/production\BMP180.X.production.o
                cinit                               7DB      7DB       25      FB6       0
                config                             2007     2007        2        0       4
                text7                               633      633       1D      C66       0
                text6                               5F8      5F8       12      BF0       0
                text5                               60A      60A       12      C14       0
                text4                               61C      61C       17      C38       0
                text3                               6AF      6AF       44      D5E       0
                text2                               675      675       3A      CEA       0
                text1                               6F3      6F3       E8      DE6       0
                maintext                            650      650       25      CA0       0
                cstackBANK0                          48       48       21       20       1
                cstackCOMMON                         70       70        C       70       1
                clrtext                             5F0      5F0        8      BE0       0
                dataBANK0                            69       69        2       20       1
                bssBANK0                             20       20       28       20       1
                dataCOMMON                           7C       7C        2       70       1
                strings                               3        3       1A        6       0
                idataBANK0                          5EC      5EC        2      BD8       0
                idataCOMMON                         5EE      5EE        2      BDC       0

TOTAL           Name                               Link     Load   Length     Space
        CLASS   STACK          

        CLASS   CODE           
                end_init                              0        0        3         0
                cinit                               7DB      7DB       25         0
                text7                               633      633       1D         0
                text6                               5F8      5F8       12         0
                text5                               60A      60A       12         0
                text4                               61C      61C       17         0
                text3                               6AF      6AF       44         0
                text2                               675      675       3A         0
                text1                               6F3      6F3       E8         0
                maintext                            650      650       25         0
                clrtext                             5F0      5F0        8         0
                idataBANK0                          5EC      5EC        2         0
                idataCOMMON                         5EE      5EE        2         0

        CLASS   STRCODE        

        CLASS   STRING         
                strings                               3        3       1A         0

        CLASS   CONST          

        CLASS   ENTRY          

        CLASS   COMMON         
                cstackCOMMON                         70       70        C         1
                dataCOMMON                           7C       7C        2         1

        CLASS   BANK0          
                cstackBANK0                          48       48       21         1
                dataBANK0                            69       69        2         1
                bssBANK0                             20       20       28         1

        CLASS   BANK1          

        CLASS   BANK2          

        CLASS   BANK3          

        CLASS   RAM            

        CLASS   ABS1           
                abs_s1                               7E       7E        2         1

        CLASS   SFR0           

        CLASS   SFR1           

        CLASS   SFR2           

        CLASS   SFR3           

        CLASS   CONFIG         
                config                             2007     2007        2         4

        CLASS   IDLOC          

        CLASS   EEDATA         



SEGMENTS        Name                           Load    Length   Top    Selector   Space  Class     Delta

                reset_vec                      000000  000003  000003         0       0  CODE        2
                strings                        000003  00001A  00001D         6       0  STRING      2
                bssBANK0                       000020  00004B  00006B        20       1  BANK0       1
                cstackCOMMON                   000070  00000E  00007E        70       1  COMMON      1
                idataBANK0                     0005EC  000002  0005EE       BD8       0  CODE        2
                idataCOMMON                    0005EE  000002  0005F0       BDC       0  CODE        2
                clrtext                        0005F0  000008  0005F8       BE0       0  CODE        2
                text6                          0005F8  000012  00060A       BF0       0  CODE        2
                text5                          00060A  000012  00061C       C14       0  CODE        2
                text4                          00061C  000017  000633       C38       0  CODE        2
                text7                          000633  00001D  000650       C66       0  CODE        2
                maintext                       000650  000025  000675       CA0       0  CODE        2
                text2                          000675  00003A  0006AF       CEA       0  CODE        2
                text3                          0006AF  000044  0006F3       D5E       0  CODE        2
                text1                          0006F3  0000E8  0007DB       DE6       0  CODE        2
                cinit                          0007DB  000025  000800       FB6       0  CODE        2


UNUSED ADDRESS RANGES

        Name                Unused          Largest block    Delta
        BANK0            006B-006F              5           1
        BANK1            00A0-00EF             50           1
        BANK2            0110-016F             60           1
        BANK3            0190-01EF             60           1
        CODE             001D-05EB            5CF           2
                         0800-1FFF            800
        CONST            001D-05EB            100           2
                         0800-1FFF            100
        EEDATA           2100-21FF            100           2
        ENTRY            001D-05EB            100           2
                         0800-1FFF            100
        IDLOC            2000-2003              4           2
        RAM              006B-006F              5           1
                         00A0-00EF             50
                         0110-016F             60
                         0190-01EF             60
        SFR0             0000-001F             20           1
        SFR1             0080-009F             20           1
        SFR2             0100-010F             10           1
        SFR3             0180-018F             10           1
        STACK            0110-016F             60           1
        STRCODE          001D-05EB            5CF           2
                         0800-1FFF           1800
        STRING           001D-05EB            100           2
                         0800-1FFF            100

                                  Symbol Table

?___lwdiv                cstackCOMMON 0070
?___lwmod                cstackCOMMON 0077
?_sprintf                cstackBANK0  0048
_ANSELH                  (abs)        0189
_PORTBbits               (abs)        0006
_PORTD                   (abs)        0008
_SSPADD                  (abs)        0093
_SSPBUF                  (abs)        0013
_SSPCON                  (abs)        0014
_SSPCON2                 (abs)        0091
_SSPCON2bits             (abs)        0091
_SSPIF                   (abs)        0063
_SSPSTAT                 (abs)        0094
_SSPSTATbits             (abs)        0094
_TRISB                   (abs)        0086
_TRISCbits               (abs)        0087
_TRISD                   (abs)        0088
__Habs1                  abs1         0000
__Hbank0                 bank0        0000
__Hbank1                 bank1        0000
__Hbank2                 bank2        0000
__Hbank3                 bank3        0000
__HbssBANK0              bssBANK0     0000
__Hcinit                 cinit        0800
__Hclrtext               clrtext      0000
__Hcode                  code         0000
__Hcommon                common       0000
__Hconfig                config       2009
__HcstackBANK0           cstackBANK0  0000
__HcstackCOMMON          cstackCOMMON 0000
__HdataBANK0             dataBANK0    0000
__HdataCOMMON            dataCOMMON   0000
__Heeprom_data           eeprom_data  0000
__Hend_init              end_init     0003
__Hfunctab               functab      0000
__HidataBANK0            idataBANK0   0000
__HidataCOMMON           idataCOMMON  0000
__Hinit                  init         0000
__Hintentry              intentry     0000
__Hmaintext              maintext     0000
__Hpowerup               powerup      0000
__Hram                   ram          0000
__Hreset_vec             reset_vec    0000
__Hsfr0                  sfr0         0000
__Hsfr1                  sfr1         0000
__Hsfr2                  sfr2         0000
__Hsfr3                  sfr3         0000
__Hspace_0               (abs)        0800
__Hspace_1               (abs)        007E
__Hspace_2               (abs)        0000
__Hspace_3               (abs)        0000
__Hspace_4               (abs)        4010
__Hstack                 stack        0000
__Hstrings               strings      0000
__Htext                  text         0000
__Labs1                  abs1         0000
__Lbank0                 bank0        0000
__Lbank1                 bank1        0000
__Lbank2                 bank2        0000
__Lbank3                 bank3        0000
__LbssBANK0              bssBANK0     0000
__Lcinit                 cinit        07DB
__Lclrtext               clrtext      0000
__Lcode                  code         0000
__Lcommon                common       0000
__Lconfig                config       0000
__LcstackBANK0           cstackBANK0  0000
__LcstackCOMMON          cstackCOMMON 0000
__LdataBANK0             dataBANK0    0000
__LdataCOMMON            dataCOMMON   0000
__Leeprom_data           eeprom_data  0000
__Lend_init              end_init     0000
__Lfunctab               functab      0000
__LidataBANK0            idataBANK0   0000
__LidataCOMMON           idataCOMMON  0000
__Linit                  init         0000
__Lintentry              intentry     0000
__Lmaintext              maintext     0000
__Lpowerup               powerup      0000
__Lram                   ram          0000
__Lreset_vec             reset_vec    0000
__Lsfr0                  sfr0         0000
__Lsfr1                  sfr1         0000
__Lsfr2                  sfr2         0000
__Lsfr3                  sfr3         0000
__Lspace_0               (abs)        0000
__Lspace_1               (abs)        0000
__Lspace_2               (abs)        0000
__Lspace_3               (abs)        0000
__Lspace_4               (abs)        0000
__Lstack                 stack        0000
__Lstrings               strings      0000
__Ltext                  text         0000
__S0                     (abs)        0800
__S1                     (abs)        007E
__S2                     (abs)        0000
__S3                     (abs)        0000
___int_sp                stack        0000
___latbits               (abs)        0002
___lwdiv                 text3        06AF
___lwdiv@counter         cstackCOMMON 0076
___lwdiv@dividend        cstackCOMMON 0072
___lwdiv@divisor         cstackCOMMON 0070
___lwdiv@quotient        cstackCOMMON 0074
___lwmod                 text2        0675
___lwmod@counter         cstackCOMMON 007B
___lwmod@dividend        cstackCOMMON 0079
___lwmod@divisor         cstackCOMMON 0077
___sp                    stack        0000
___stackhi               (abs)        0000
___stacklo               (abs)        0000
__end_of___lwdiv         text3        06F3
__end_of___lwmod         text2        06AF
__end_of__initialization cinit        07FC
__end_of__stringtab      strings      0009
__end_of_dpowers         strings      0013
__end_of_lcd_cmd         text7        0650
__end_of_lcd_init        text6        060A
__end_of_lcd_string      text4        0633
__end_of_lcd_write       text5        061C
__end_of_main            maintext     0675
__end_of_sprintf         text1        07DB
__initialization         cinit        07DB
__pbssBANK0              bssBANK0     0020
__pcstackBANK0           cstackBANK0  0048
__pcstackCOMMON          cstackCOMMON 0070
__pdataBANK0             dataBANK0    0069
__pdataCOMMON            dataCOMMON   007C
__pidataBANK0            idataBANK0   05EC
__pidataCOMMON           idataCOMMON  05EE
__pmaintext              maintext     0650
__pstrings               strings      0003
__ptext1                 text1        06F3
__ptext2                 text2        0675
__ptext3                 text3        06AF
__ptext4                 text4        061C
__ptext5                 text5        060A
__ptext6                 text6        05F8
__ptext7                 text7        0633
__size_of___lwdiv        (abs)        0000
__size_of___lwmod        (abs)        0000
__size_of_lcd_cmd        (abs)        0000
__size_of_lcd_init       (abs)        0000
__size_of_lcd_string     (abs)        0000
__size_of_lcd_write      (abs)        0000
__size_of_main           (abs)        0000
__size_of_sprintf        (abs)        0000
__stringbase             strings      0008
__stringtab              strings      0003
_dpowers                 strings      0009
_lcd_cmd                 text7        0633
_lcd_init                text6        05F8
_lcd_string              text4        061C
_lcd_write               text5        060A
_main                    maintext     0650
_sprintf                 text1        06F3
btemp                    (abs)        007E
clear_ram0               clrtext      05F0
end_of_initialization    cinit        07FC
intlevel0                functab      0000
intlevel1                functab      0000
intlevel2                functab      0000
intlevel3                functab      0000
intlevel4                functab      0000
intlevel5                functab      0000
lcd_cmd@c                cstackCOMMON 0072
lcd_string@c             cstackCOMMON 0072
lcd_write@c              cstackCOMMON 0071
main@buffer              cstackBANK0  0055
reset_vec                reset_vec    0000
sprintf@ap               cstackBANK0  004E
sprintf@c                cstackBANK0  0054
sprintf@f                cstackBANK0  0048
sprintf@flag             cstackBANK0  004F
sprintf@prec             cstackBANK0  0050
sprintf@sp               cstackBANK0  0053
sprintf@val              cstackBANK0  0051
start                    init         0000
start_initialization     cinit        07DB
wtemp0                   (abs)        007E


FUNCTION INFORMATION:

 *************** function _main *****************
 Defined at:
		line 15 in file "main.c"
 Parameters:    Size  Location     Type
		None
 Auto vars:     Size  Location     Type
  buffer         20   13[BANK0 ] unsigned char [20]
  dato            1    0        unsigned char 
 Return value:  Size  Location     Type
                  1    wreg      void 
 Registers used:
		wreg, fsr0l, fsr0h, status,2, status,0, btemp+1, pclath, cstack
 Tracked objects:
		On entry : 
		On exit  : 
		Unchanged: 
 Data sizes:     COMMON   BANK0   BANK1   BANK3   BANK2
      Params:         0       0       0       0       0
      Locals:         0      21       0       0       0
      Temps:          0       0       0       0       0
      Totals:         0      21       0       0       0
Total ram usage:       21 bytes
 Hardware stack levels required when called:    2
 This function calls:
		_lcd_init
		_lcd_string
		_sprintf
 This function is called by:
		Startup code after reset
 This function uses a non-reentrant model


 *************** function _sprintf *****************
 Defined at:
		line 505 in file "C:\Program Files\Microchip\xc8\v2.20\pic\sources\c90\common\doprnt.c"
 Parameters:    Size  Location     Type
  sp              1    wreg     PTR unsigned char 
		 -> main@buffer(20), 
  f               1    0[BANK0 ] PTR const unsigned char 
		 -> STR_1(10), 
 Auto vars:     Size  Location     Type
  sp              1   11[BANK0 ] PTR unsigned char 
		 -> main@buffer(20), 
  tmpval          4    0        struct .
  val             2    9[BANK0 ] unsigned int 
  cp              2    0        PTR const unsigned char 
  len             2    0        unsigned int 
  c               1   12[BANK0 ] unsigned char 
  prec            1    8[BANK0 ] char 
  flag            1    7[BANK0 ] unsigned char 
  ap              1    6[BANK0 ] PTR void [1]
		 -> ?_sprintf(2), 
 Return value:  Size  Location     Type
                  2    0[BANK0 ] int 
 Registers used:
		wreg, fsr0l, fsr0h, status,2, status,0, btemp+1, pclath, cstack
 Tracked objects:
		On entry : 
		On exit  : 
		Unchanged: 
 Data sizes:     COMMON   BANK0   BANK1   BANK3   BANK2
      Params:         0       3       0       0       0
      Locals:         0       7       0       0       0
      Temps:          0       3       0       0       0
      Totals:         0      13       0       0       0
Total ram usage:       13 bytes
 Hardware stack levels used:    1
 Hardware stack levels required when called:    1
 This function calls:
		___lwdiv
		___lwmod
 This function is called by:
		_main
 This function uses a non-reentrant model


 *************** function ___lwmod *****************
 Defined at:
		line 5 in file "C:\Program Files\Microchip\xc8\v2.20\pic\sources\c90\common\lwmod.c"
 Parameters:    Size  Location     Type
  divisor         2    7[COMMON] unsigned int 
  dividend        2    9[COMMON] unsigned int 
 Auto vars:     Size  Location     Type
  counter         1   11[COMMON] unsigned char 
 Return value:  Size  Location     Type
                  2    7[COMMON] unsigned int 
 Registers used:
		wreg, status,2, status,0, btemp+1
 Tracked objects:
		On entry : 
		On exit  : 
		Unchanged: 
 Data sizes:     COMMON   BANK0   BANK1   BANK3   BANK2
      Params:         4       0       0       0       0
      Locals:         1       0       0       0       0
      Temps:          0       0       0       0       0
      Totals:         5       0       0       0       0
Total ram usage:        5 bytes
 Hardware stack levels used:    1
 This function calls:
		Nothing
 This function is called by:
		_sprintf
 This function uses a non-reentrant model


 *************** function ___lwdiv *****************
 Defined at:
		line 5 in file "C:\Program Files\Microchip\xc8\v2.20\pic\sources\c90\common\lwdiv.c"
 Parameters:    Size  Location     Type
  divisor         2    0[COMMON] unsigned int 
  dividend        2    2[COMMON] unsigned int 
 Auto vars:     Size  Location     Type
  quotient        2    4[COMMON] unsigned int 
  counter         1    6[COMMON] unsigned char 
 Return value:  Size  Location     Type
                  2    0[COMMON] unsigned int 
 Registers used:
		wreg, status,2, status,0, btemp+1
 Tracked objects:
		On entry : 
		On exit  : 
		Unchanged: 
 Data sizes:     COMMON   BANK0   BANK1   BANK3   BANK2
      Params:         4       0       0       0       0
      Locals:         3       0       0       0       0
      Temps:          0       0       0       0       0
      Totals:         7       0       0       0       0
Total ram usage:        7 bytes
 Hardware stack levels used:    1
 This function calls:
		Nothing
 This function is called by:
		_sprintf
 This function uses a non-reentrant model


 *************** function _lcd_string *****************
 Defined at:
		line 52 in file "lcd.c"
 Parameters:    Size  Location     Type
  c               1    wreg     PTR unsigned char 
		 -> main@buffer(20), 
 Auto vars:     Size  Location     Type
  c               1    2[COMMON] PTR unsigned char 
		 -> main@buffer(20), 
 Return value:  Size  Location     Type
                  1    wreg      void 
 Registers used:
		wreg, fsr0l, fsr0h, status,2, status,0, btemp+1, pclath, cstack
 Tracked objects:
		On entry : 
		On exit  : 
		Unchanged: 
 Data sizes:     COMMON   BANK0   BANK1   BANK3   BANK2
      Params:         0       0       0       0       0
      Locals:         1       0       0       0       0
      Temps:          0       0       0       0       0
      Totals:         1       0       0       0       0
Total ram usage:        1 bytes
 Hardware stack levels used:    1
 Hardware stack levels required when called:    1
 This function calls:
		_lcd_write
 This function is called by:
		_main
 This function uses a non-reentrant model


 *************** function _lcd_write *****************
 Defined at:
		line 44 in file "lcd.c"
 Parameters:    Size  Location     Type
  c               1    wreg     unsigned char 
 Auto vars:     Size  Location     Type
  c               1    1[COMMON] unsigned char 
 Return value:  Size  Location     Type
                  1    wreg      void 
 Registers used:
		wreg
 Tracked objects:
		On entry : 
		On exit  : 
		Unchanged: 
 Data sizes:     COMMON   BANK0   BANK1   BANK3   BANK2
      Params:         0       0       0       0       0
      Locals:         1       0       0       0       0
      Temps:          1       0       0       0       0
      Totals:         2       0       0       0       0
Total ram usage:        2 bytes
 Hardware stack levels used:    1
 This function calls:
		Nothing
 This function is called by:
		_lcd_string
 This function uses a non-reentrant model


 *************** function _lcd_init *****************
 Defined at:
		line 21 in file "lcd.c"
 Parameters:    Size  Location     Type
		None
 Auto vars:     Size  Location     Type
		None
 Return value:  Size  Location     Type
                  1    wreg      void 
 Registers used:
		wreg, status,2, status,0, pclath, cstack
 Tracked objects:
		On entry : 
		On exit  : 
		Unchanged: 
 Data sizes:     COMMON   BANK0   BANK1   BANK3   BANK2
      Params:         0       0       0       0       0
      Locals:         0       0       0       0       0
      Temps:          0       0       0       0       0
      Totals:         0       0       0       0       0
Total ram usage:        0 bytes
 Hardware stack levels used:    1
 Hardware stack levels required when called:    1
 This function calls:
		_lcd_cmd
 This function is called by:
		_main
 This function uses a non-reentrant model


 *************** function _lcd_cmd *****************
 Defined at:
		line 35 in file "lcd.c"
 Parameters:    Size  Location     Type
  c               1    wreg     unsigned char 
 Auto vars:     Size  Location     Type
  c               1    2[COMMON] unsigned char 
 Return value:  Size  Location     Type
                  1    wreg      void 
 Registers used:
		wreg
 Tracked objects:
		On entry : 
		On exit  : 
		Unchanged: 
 Data sizes:     COMMON   BANK0   BANK1   BANK3   BANK2
      Params:         0       0       0       0       0
      Locals:         1       0       0       0       0
      Temps:          2       0       0       0       0
      Totals:         3       0       0       0       0
Total ram usage:        3 bytes
 Hardware stack levels used:    1
 This function calls:
		Nothing
 This function is called by:
		_lcd_init
		_lcd_clear
 This function uses a non-reentrant model



MODULE INFORMATION

Module		Function		Class		Link	Load	Size
C:\Program Files\Microchip\xc8\v2.20\pic\sources\c90\common\lwmod.c
		___lwmod       		CODE           	0675	0000	59

C:\Program Files\Microchip\xc8\v2.20\pic\sources\c90\common\lwmod.c estimated size: 59

C:\Program Files\Microchip\xc8\v2.20\pic\sources\c90\common\doprnt.c
		_sprintf       		CODE           	06F3	0000	233

C:\Program Files\Microchip\xc8\v2.20\pic\sources\c90\common\doprnt.c estimated size: 233

shared
		__stringtab    		STRING         	0003	0000	7
		_dpowers       		STRING         	0009	0000	11
		__initialization		CODE           	07DB	0000	34

shared estimated size: 52

C:\Program Files\Microchip\xc8\v2.20\pic\sources\c90\common\lwdiv.c
		___lwdiv       		CODE           	06AF	0000	69

C:\Program Files\Microchip\xc8\v2.20\pic\sources\c90\common\lwdiv.c estimated size: 69

lcd.c
		_lcd_cmd       		CODE           	0633	0000	30
		_lcd_write     		CODE           	060A	0000	19
		_lcd_string    		CODE           	061C	0000	24
		_lcd_init      		CODE           	05F8	0000	19

lcd.c estimated size: 92

main.c
		_main          		CODE           	0650	0000	38

main.c estimated size: 38

