Microchip MPLAB XC8 Compiler V2.31

Linker command line:

-W-3 --edf=C:\Program Files\Microchip\xc8\v2.31\pic\dat\en_msgs.txt -cn \
  -h+dist/default/production\Esclavo00.X.production.sym \
  --cmf=dist/default/production\Esclavo00.X.production.cmf -z -Q16F887 \
  -oC:\Users\danny\AppData\Local\Temp\sd58.2 --defsym=__MPLAB_BUILD=1 \
  -Mdist/default/production/Esclavo00.X.production.map -E1 \
  -ver=XC8 Compiler --acfsm=1493 -ASTACK=0110h-016Fh -pstack=STACK \
  -ACODE=00h-07FFhx4 -ASTRCODE=00h-01FFFh -ASTRING=00h-0FFhx32 \
  -ACONST=00h-0FFhx32 -AENTRY=00h-0FFhx32 -ACOMMON=070h-07Fh \
  -ABANK0=020h-06Fh -ABANK1=0A0h-0EFh -ABANK2=0110h-016Fh \
  -ABANK3=0190h-01EFh -ARAM=020h-06Fh,0A0h-0EFh,0110h-016Fh,0190h-01EFh \
  -AABS1=020h-07Fh,0A0h-0EFh,0110h-016Fh,0190h-01EFh -ASFR0=00h-01Fh \
  -ASFR1=080h-09Fh -ASFR2=0100h-010Fh -ASFR3=0180h-018Fh \
  -ACONFIG=02007h-02008h -DCONFIG=2 -AIDLOC=02000h-02003h -DIDLOC=2 \
  -AEEDATA=00h-0FFh/02100h -peeprom_data=EEDATA -DEEDATA=2 -DCODE=2 \
  -DSTRCODE=2 -DSTRING=2 -DCONST=2 -DENTRY=2 \
  -preset_vec=00h,intentry=04h,init,end_init -ppowerup=CODE -pcinit=CODE \
  -pfunctab=ENTRY -k C:\Users\danny\AppData\Local\Temp\sd58.o \
  dist/default/production\Esclavo00.X.production.o 

Object code version is 3.11

Machine type is 16F887



                Name                               Link     Load   Length Selector   Space Scale
C:\Users\danny\AppData\Local\Temp\sd58.o
                end_init                             12       12        3        8       0
                reset_vec                             0        0        3        0       0
                config                             2007     2007        2        0       4
dist/default/production\Esclavo00.X.production.o
                cinit                                15       15       15        8       0
                intentry                              4        4        E        8       0
                config                             2007     2007        2        0       4
                text6                               1F3      1F3       44        8       0
                text5                               237      237       3A        8       0
                text4                                2A       2A       E8        8       0
                text3                               112      112       9D        8       0
                text2                               2A7      2A7        F      54E       0
                text1                               271      271       22        8       0
                maintext                            1AF      1AF       44        8       0
                cstackBANK0                          3D       3D       18       20       1
                cstackCOMMON                         70       70        E       70       1
                clrtext                             2B6      2B6        8      54E       0
                bssBANK1                             A0       A0       32       A0       1
                bssBANK0                             20       20       1D       20       1
                strings                             293      293       14      526       0

TOTAL           Name                               Link     Load   Length     Space
        CLASS   STACK          

        CLASS   CODE           
                end_init                             12       12        3         0
                cinit                                15       15       15         0
                intentry                              4        4        E         0
                reset_vec                             0        0        3         0
                text6                               1F3      1F3       44         0
                text5                               237      237       3A         0
                text4                                2A       2A       E8         0
                text3                               112      112       9D         0
                text2                               2A7      2A7        F         0
                text1                               271      271       22         0
                maintext                            1AF      1AF       44         0
                clrtext                             2B6      2B6        8         0

        CLASS   STRCODE        

        CLASS   STRING         
                strings                             293      293       14         0

        CLASS   CONST          

        CLASS   ENTRY          

        CLASS   COMMON         
                cstackCOMMON                         70       70        E         1

        CLASS   BANK0          
                cstackBANK0                          3D       3D       18         1
                bssBANK0                             20       20       1D         1

        CLASS   BANK1          
                bssBANK1                             A0       A0       32         1

        CLASS   BANK2          

        CLASS   BANK3          

        CLASS   RAM            

        CLASS   ABS1           
                abs_s1                               7E       7E        2         1

        CLASS   SFR0           

        CLASS   SFR1           

        CLASS   SFR2           

        CLASS   SFR3           

        CLASS   CONFIG         
                config                             2007     2007        2         4

        CLASS   IDLOC          

        CLASS   EEDATA         



SEGMENTS        Name                           Load    Length   Top    Selector   Space  Class     Delta

                reset_vec                      000000  000003  000003         0       0  CODE        2
                intentry                       000004  00028F  000293         8       0  CODE        2
                bssBANK0                       000020  000035  000055        20       1  BANK0       1
                cstackCOMMON                   000070  00000E  00007E        70       1  COMMON      1
                bssBANK1                       0000A0  000032  0000D2        A0       1  BANK1       1
                strings                        000293  000014  0002A7       526       0  STRING      2
                text2                          0002A7  000017  0002BE       54E       0  CODE        2


UNUSED ADDRESS RANGES

        Name                Unused          Largest block    Delta
        BANK0            0055-006F             1B           1
        BANK1            00D2-00EF             1E           1
        BANK2            0110-016F             60           1
        BANK3            0190-01EF             60           1
        CODE             0003-0003              1           2
                         02BE-1FFF            800
        CONST            0003-0003              1           2
                         02BE-1FFF            100
        EEDATA           2100-21FF            100           2
        ENTRY            0003-0003              1           2
                         02BE-1FFF            100
        IDLOC            2000-2003              4           2
        RAM              0055-006F             1B           1
                         00D2-00EF             1E
                         0110-016F             60
                         0190-01EF             60
        SFR0             0000-001F             20           1
        SFR1             0080-009F             20           1
        SFR2             0100-010F             10           1
        SFR3             0180-018F             10           1
        STACK            0110-016F             60           1
        STRCODE          0003-0003              1           2
                         02BE-1FFF           1D42
        STRING           0003-0003              1           2
                         02BE-1FFF            100

                                  Symbol Table

?___lwdiv                cstackCOMMON 0070
?___lwmod                cstackCOMMON 0078
?_sprintf                cstackBANK0  003D
_ADCON0bits              (abs)        001F
_ADCON1bits              (abs)        009F
_ADRESH                  (abs)        001E
_ADRESL                  (abs)        009E
_BF                      (abs)        04A0
_INTCONbits              (abs)        000B
_PIE1bits                (abs)        008C
_PIR1bits                (abs)        000C
_PORTB                   (abs)        0006
_PORTBbits               (abs)        0006
_PORTD                   (abs)        0008
_PORTDbits               (abs)        0008
_SSPADD                  (abs)        0093
_SSPBUF                  (abs)        0013
_SSPCON                  (abs)        0014
_SSPCON2                 (abs)        0091
_SSPCON2bits             (abs)        0091
_SSPCONbits              (abs)        0014
_SSPIF                   (abs)        0063
_SSPSTAT                 (abs)        0094
_SSPSTATbits             (abs)        0094
_TRISA                   (abs)        0085
_TRISB                   (abs)        0086
_TRISC3                  (abs)        043B
_TRISC4                  (abs)        043C
_TRISCbits               (abs)        0087
_TRISD                   (abs)        0088
__Habs1                  abs1         0000
__Hbank0                 bank0        0000
__Hbank1                 bank1        0000
__Hbank2                 bank2        0000
__Hbank3                 bank3        0000
__HbssBANK0              bssBANK0     0000
__HbssBANK1              bssBANK1     0000
__Hcinit                 cinit        002A
__Hclrtext               clrtext      0000
__Hcode                  code         0000
__Hcommon                common       0000
__Hconfig                config       2009
__HcstackBANK0           cstackBANK0  0000
__HcstackCOMMON          cstackCOMMON 0000
__Heeprom_data           eeprom_data  0000
__Hend_init              end_init     0015
__Hfunctab               functab      0000
__Hinit                  init         0012
__Hintentry              intentry     0012
__Hmaintext              maintext     0000
__Hpowerup               powerup      0000
__Hram                   ram          0000
__Hreset_vec             reset_vec    0003
__Hsfr0                  sfr0         0000
__Hsfr1                  sfr1         0000
__Hsfr2                  sfr2         0000
__Hsfr3                  sfr3         0000
__Hspace_0               (abs)        02BE
__Hspace_1               (abs)        00D2
__Hspace_2               (abs)        0000
__Hspace_3               (abs)        0000
__Hspace_4               (abs)        4010
__Hstack                 stack        0000
__Hstrings               strings      0000
__Htext                  text         0000
__Labs1                  abs1         0000
__Lbank0                 bank0        0000
__Lbank1                 bank1        0000
__Lbank2                 bank2        0000
__Lbank3                 bank3        0000
__LbssBANK0              bssBANK0     0000
__LbssBANK1              bssBANK1     0000
__Lcinit                 cinit        0015
__Lclrtext               clrtext      0000
__Lcode                  code         0000
__Lcommon                common       0000
__Lconfig                config       0000
__LcstackBANK0           cstackBANK0  0000
__LcstackCOMMON          cstackCOMMON 0000
__Leeprom_data           eeprom_data  0000
__Lend_init              end_init     0012
__Lfunctab               functab      0000
__Linit                  init         0012
__Lintentry              intentry     0004
__Lmaintext              maintext     0000
__Lpowerup               powerup      0000
__Lram                   ram          0000
__Lreset_vec             reset_vec    0000
__Lsfr0                  sfr0         0000
__Lsfr1                  sfr1         0000
__Lsfr2                  sfr2         0000
__Lsfr3                  sfr3         0000
__Lspace_0               (abs)        0000
__Lspace_1               (abs)        0000
__Lspace_2               (abs)        0000
__Lspace_3               (abs)        0000
__Lspace_4               (abs)        0000
__Lstack                 stack        0000
__Lstrings               strings      0000
__Ltext                  text         0000
__S0                     (abs)        02BE
__S1                     (abs)        00D2
__S2                     (abs)        0000
__S3                     (abs)        0000
___int_sp                stack        0000
___latbits               (abs)        0002
___lwdiv                 text6        01F3
___lwdiv@counter         cstackCOMMON 0077
___lwdiv@dividend        cstackCOMMON 0072
___lwdiv@divisor         cstackCOMMON 0070
___lwdiv@quotient        cstackCOMMON 0075
___lwmod                 text5        0237
___lwmod@counter         cstackCOMMON 007D
___lwmod@dividend        cstackCOMMON 007A
___lwmod@divisor         cstackCOMMON 0078
___sp                    stack        0000
___stackhi               (abs)        0000
___stacklo               (abs)        0000
__end_of___lwdiv         text6        0237
__end_of___lwmod         text5        0271
__end_of__initialization cinit        0026
__end_of__stringtab      strings      0299
__end_of_adc_init        text2        02B6
__end_of_dpowers         strings      02A3
__end_of_i2c_Slave_Init  text1        0293
__end_of_main            maintext     01F3
__end_of_myISR           text3        01AF
__end_of_sprintf         text4        0112
__initialization         cinit        0015
__pbssBANK0              bssBANK0     0020
__pbssBANK1              bssBANK1     00A0
__pcstackBANK0           cstackBANK0  003D
__pcstackCOMMON          cstackCOMMON 0070
__pintentry              intentry     0004
__pmaintext              maintext     01AF
__pstrings               strings      0293
__ptext1                 text1        0271
__ptext2                 text2        02A7
__ptext3                 text3        0112
__ptext4                 text4        002A
__ptext5                 text5        0237
__ptext6                 text6        01F3
__size_of___lwdiv        (abs)        0000
__size_of___lwmod        (abs)        0000
__size_of_adc_init       (abs)        0000
__size_of_i2c_Slave_Init (abs)        0000
__size_of_main           (abs)        0000
__size_of_myISR          (abs)        0000
__size_of_sprintf        (abs)        0000
__stringbase             strings      0298
__stringtab              strings      0293
_adc                     bssBANK0     002C
_adc_init                text2        02A7
_data                    bssBANK0     0033
_dpowers                 strings      0299
_i2c_Slave_Init          text1        0271
_main                    maintext     01AF
_myISR                   text3        0112
_sprintf                 text4        002A
_z                       bssBANK0     0032
btemp                    (abs)        007E
clear_ram0               clrtext      02B6
end_of_initialization    cinit        0026
i2c_Slave_Init@address   cstackBANK0  0050
interrupt_function       intentry     0004
intlevel0                functab      0000
intlevel1                functab      0000
intlevel2                functab      0000
intlevel3                functab      0000
intlevel4                functab      0000
intlevel5                functab      0000
reset_vec                reset_vec    0000
saved_w                  (abs)        007E
sprintf@ap               cstackBANK0  0043
sprintf@c                cstackBANK0  0049
sprintf@f                cstackBANK0  003D
sprintf@flag             cstackBANK0  0044
sprintf@prec             cstackBANK0  0045
sprintf@sp               cstackBANK0  0048
sprintf@val              cstackBANK0  0046
start                    init         0012
start_initialization     cinit        0015
wtemp0                   (abs)        007E


FUNCTION INFORMATION:

 *************** function _main *****************
 Defined at:
		line 77 in file "main.c"
 Parameters:    Size  Location     Type
		None
 Auto vars:     Size  Location     Type
		None
 Return value:  Size  Location     Type
                  1    wreg      void 
 Registers used:
		wreg, status,2, status,0, pclath, cstack
 Tracked objects:
		On entry : 
		On exit  : 
		Unchanged: 
 Data sizes:     COMMON   BANK0   BANK1   BANK3   BANK2
      Params:         0       0       0       0       0
      Locals:         0       0       0       0       0
      Temps:          0       3       0       0       0
      Totals:         0       3       0       0       0
Total ram usage:        3 bytes
 Hardware stack levels required when called:    4
 This function calls:
		_adc_init
		_i2c_Slave_Init
 This function is called by:
		Startup code after reset
 This function uses a non-reentrant model


 *************** function _i2c_Slave_Init *****************
 Defined at:
		line 87 in file "i2c.c"
 Parameters:    Size  Location     Type
  address         2   19[BANK0 ] short 
 Auto vars:     Size  Location     Type
		None
 Return value:  Size  Location     Type
                  1    wreg      void 
 Registers used:
		wreg, status,2, status,0
 Tracked objects:
		On entry : 
		On exit  : 
		Unchanged: 
 Data sizes:     COMMON   BANK0   BANK1   BANK3   BANK2
      Params:         0       2       0       0       0
      Locals:         0       0       0       0       0
      Temps:          0       0       0       0       0
      Totals:         0       2       0       0       0
Total ram usage:        2 bytes
 Hardware stack levels used:    1
 Hardware stack levels required when called:    3
 This function calls:
		Nothing
 This function is called by:
		_main
 This function uses a non-reentrant model


 *************** function _adc_init *****************
 Defined at:
		line 20 in file "adc.c"
 Parameters:    Size  Location     Type
		None
 Auto vars:     Size  Location     Type
		None
 Return value:  Size  Location     Type
                  1    wreg      void 
 Registers used:
		wreg, status,2, status,0
 Tracked objects:
		On entry : 
		On exit  : 
		Unchanged: 
 Data sizes:     COMMON   BANK0   BANK1   BANK3   BANK2
      Params:         0       0       0       0       0
      Locals:         0       0       0       0       0
      Temps:          0       0       0       0       0
      Totals:         0       0       0       0       0
Total ram usage:        0 bytes
 Hardware stack levels used:    1
 Hardware stack levels required when called:    3
 This function calls:
		Nothing
 This function is called by:
		_main
 This function uses a non-reentrant model


 *************** function _myISR *****************
 Defined at:
		line 13 in file "main.c"
 Parameters:    Size  Location     Type
		None
 Auto vars:     Size  Location     Type
		None
 Return value:  Size  Location     Type
                  1    wreg      void 
 Registers used:
		wreg, fsr0l, fsr0h, status,2, status,0, btemp+1, pclath, cstack
 Tracked objects:
		On entry : 
		On exit  : 
		Unchanged: 
 Data sizes:     COMMON   BANK0   BANK1   BANK3   BANK2
      Params:         0       0       0       0       0
      Locals:         0       0       0       0       0
      Temps:          0       6       0       0       0
      Totals:         0       6       0       0       0
Total ram usage:        6 bytes
 Hardware stack levels used:    1
 Hardware stack levels required when called:    2
 This function calls:
		_sprintf
 This function is called by:
		Interrupt level 1
 This function uses a non-reentrant model


 *************** function _sprintf *****************
 Defined at:
		line 505 in file "C:\Program Files\Microchip\xc8\v2.31\pic\sources\c90\common\doprnt.c"
 Parameters:    Size  Location     Type
  sp              1    wreg     PTR unsigned char 
		 -> data(10), 
  f               1    0[BANK0 ] PTR const unsigned char 
		 -> STR_1(4), 
 Auto vars:     Size  Location     Type
  sp              1   11[BANK0 ] PTR unsigned char 
		 -> data(10), 
  tmpval          4    0        struct .
  val             2    9[BANK0 ] unsigned int 
  cp              2    0        PTR const unsigned char 
  len             2    0        unsigned int 
  c               1   12[BANK0 ] unsigned char 
  prec            1    8[BANK0 ] char 
  flag            1    7[BANK0 ] unsigned char 
  ap              1    6[BANK0 ] PTR void [1]
		 -> ?_sprintf(2), 
 Return value:  Size  Location     Type
                  2    0[BANK0 ] int 
 Registers used:
		wreg, fsr0l, fsr0h, status,2, status,0, btemp+1, pclath, cstack
 Tracked objects:
		On entry : 
		On exit  : 
		Unchanged: 
 Data sizes:     COMMON   BANK0   BANK1   BANK3   BANK2
      Params:         0       3       0       0       0
      Locals:         0       7       0       0       0
      Temps:          0       3       0       0       0
      Totals:         0      13       0       0       0
Total ram usage:       13 bytes
 Hardware stack levels used:    1
 Hardware stack levels required when called:    1
 This function calls:
		___lwdiv
		___lwmod
 This function is called by:
		_myISR
 This function uses a non-reentrant model


 *************** function ___lwmod *****************
 Defined at:
		line 5 in file "C:\Program Files\Microchip\xc8\v2.31\pic\sources\c90\common\lwmod.c"
 Parameters:    Size  Location     Type
  divisor         2    8[COMMON] unsigned int 
  dividend        2   10[COMMON] unsigned int 
 Auto vars:     Size  Location     Type
  counter         1   13[COMMON] unsigned char 
 Return value:  Size  Location     Type
                  2    8[COMMON] unsigned int 
 Registers used:
		wreg, status,2, status,0
 Tracked objects:
		On entry : 
		On exit  : 
		Unchanged: 
 Data sizes:     COMMON   BANK0   BANK1   BANK3   BANK2
      Params:         4       0       0       0       0
      Locals:         1       0       0       0       0
      Temps:          1       0       0       0       0
      Totals:         6       0       0       0       0
Total ram usage:        6 bytes
 Hardware stack levels used:    1
 This function calls:
		Nothing
 This function is called by:
		_sprintf
 This function uses a non-reentrant model


 *************** function ___lwdiv *****************
 Defined at:
		line 5 in file "C:\Program Files\Microchip\xc8\v2.31\pic\sources\c90\common\lwdiv.c"
 Parameters:    Size  Location     Type
  divisor         2    0[COMMON] unsigned int 
  dividend        2    2[COMMON] unsigned int 
 Auto vars:     Size  Location     Type
  quotient        2    5[COMMON] unsigned int 
  counter         1    7[COMMON] unsigned char 
 Return value:  Size  Location     Type
                  2    0[COMMON] unsigned int 
 Registers used:
		wreg, status,2, status,0
 Tracked objects:
		On entry : 
		On exit  : 
		Unchanged: 
 Data sizes:     COMMON   BANK0   BANK1   BANK3   BANK2
      Params:         4       0       0       0       0
      Locals:         3       0       0       0       0
      Temps:          1       0       0       0       0
      Totals:         8       0       0       0       0
Total ram usage:        8 bytes
 Hardware stack levels used:    1
 This function calls:
		Nothing
 This function is called by:
		_sprintf
 This function uses a non-reentrant model



MODULE INFORMATION

Module		Function		Class		Link	Load	Size
C:\Program Files\Microchip\xc8\v2.31\pic\sources\c90\common\doprnt.c
		_sprintf       		CODE           	002A	0000	232

C:\Program Files\Microchip\xc8\v2.31\pic\sources\c90\common\doprnt.c estimated size: 232

C:\Program Files\Microchip\xc8\v2.31\pic\sources\c90\common\lwmod.c
		___lwmod       		CODE           	0237	0000	58

C:\Program Files\Microchip\xc8\v2.31\pic\sources\c90\common\lwmod.c estimated size: 58

i2c.c
		_i2c_Slave_Init		CODE           	0271	0000	34

i2c.c estimated size: 34

adc.c
		_adc_init      		CODE           	02A7	0000	15

adc.c estimated size: 15

C:\Program Files\Microchip\xc8\v2.31\pic\sources\c90\common\lwdiv.c
		___lwdiv       		CODE           	01F3	0000	68

C:\Program Files\Microchip\xc8\v2.31\pic\sources\c90\common\lwdiv.c estimated size: 68

shared
		__stringtab    		STRING         	0293	0000	6
		_dpowers       		STRING         	0299	0000	10
		__initialization		CODE           	0015	0000	17

shared estimated size: 33

main.c
		_myISR         		CODE           	0112	0000	157
		_main          		CODE           	01AF	0000	68

main.c estimated size: 225

