Microchip MPLAB XC8 Compiler V2.20

Linker command line:

-W-3 --edf=C:\Program Files\Microchip\xc8\v2.20\pic\dat\en_msgs.txt -cn \
  -h+dist/default/production\Esclavo1.X.production.sym \
  --cmf=dist/default/production\Esclavo1.X.production.cmf -z -Q16F887 \
  -oC:\Users\danny\AppData\Local\Temp\sajk.2 --defsym=__MPLAB_BUILD=1 \
  -Mdist/default/production/Esclavo1.X.production.map -E1 -ver=XC8 Compiler \
  --acfsm=1493 -ASTACK=0110h-016Fh -pstack=STACK -ACODE=00h-07FFhx4 \
  -ASTRCODE=00h-01FFFh -ASTRING=00h-0FFhx32 -ACONST=00h-0FFhx32 \
  -AENTRY=00h-0FFhx32 -ACOMMON=070h-07Fh -ABANK0=020h-06Fh \
  -ABANK1=0A0h-0EFh -ABANK2=0110h-016Fh -ABANK3=0190h-01EFh \
  -ARAM=020h-06Fh,0A0h-0EFh,0110h-016Fh,0190h-01EFh \
  -AABS1=020h-07Fh,0A0h-0EFh,0110h-016Fh,0190h-01EFh -ASFR0=00h-01Fh \
  -ASFR1=080h-09Fh -ASFR2=0100h-010Fh -ASFR3=0180h-018Fh \
  -ACONFIG=02007h-02008h -DCONFIG=2 -AIDLOC=02000h-02003h -DIDLOC=2 \
  -preset_vec=00h,intentry=04h,init,end_init -ppowerup=CODE -pcinit=CODE \
  -pfunctab=ENTRY -AEEDATA=00h-0FFh/02100h -peeprom_data=EEDATA -DEEDATA=2 \
  -DCODE=2 -DSTRCODE=2 -DSTRING=2 -DCONST=2 -DENTRY=2 -k \
  C:\Users\danny\AppData\Local\Temp\sajk.o \
  dist/default/production\Esclavo1.X.production.o 

Object code version is 3.11

Machine type is 16F887



                Name                               Link     Load   Length Selector   Space Scale
C:\Users\danny\AppData\Local\Temp\sajk.o
                end_init                             12       12        3        8       0
                reset_vec                             0        0        3        0       0
                config                             2007     2007        2        0       4
dist/default/production\Esclavo1.X.production.o
                cinit                                15       15        E        8       0
                intentry                              4        4        E        8       0
                config                             2007     2007        2        0       4
                text24                              604      604        D      B2E       0
                text23                              5AE      5AE       14      B2E       0
                text22                              626      626        9      B2E       0
                text21                              5D5      5D5       13      B2E       0
                text20                              5F6      5F6        E      B2E       0
                text19                              5C2      5C2       13      B2E       0
                text18                              637      637        8      B2E       0
                text17                              52E      52E       2A        8       0
                text16                              3EC      3EC       44        8       0
                text15                              430      430       3A        8       0
                text14                              161      161       E8        8       0
                text13                              500      500       2E        8       0
                text12                              558      558       20        8       0
                text11                              4D1      4D1       2F        8       0
                text10                              4A2      4A2       2F        8       0
                text9                               355      355       4C        8       0
                text8                               46A      46A       38        8       0
                text7                               611      611        C      B2E       0
                text6                               597      597       17      B2E       0
                text5                                23       23      13E        8       0
                text4                               5E8      5E8        E      B2E       0
                text3                               61D      61D        9      B2E       0
                text2                               249      249       9D        8       0
                text1                               2E6      2E6       6F        8       0
                maintext                            3A1      3A1       4B        8       0
                cstackBANK0                          20       20       28       20       1
                cstackCOMMON                         70       70        C       70       1
                cstackBANK1                          A0       A0        7       A0       1
                clrtext                             62F      62F        8      B2E       0
                bssBANK0                             48       48       11       20       1
                bssCOMMON                            7C       7C        1       70       1
                strings                             578      578       1F      AF0       0

TOTAL           Name                               Link     Load   Length     Space
        CLASS   STACK          

        CLASS   CODE           
                end_init                             12       12        3         0
                cinit                                15       15        E         0
                intentry                              4        4        E         0
                reset_vec                             0        0        3         0
                text24                              604      604        D         0
                text23                              5AE      5AE       14         0
                text22                              626      626        9         0
                text21                              5D5      5D5       13         0
                text20                              5F6      5F6        E         0
                text19                              5C2      5C2       13         0
                text18                              637      637        8         0
                text17                              52E      52E       2A         0
                text16                              3EC      3EC       44         0
                text15                              430      430       3A         0
                text14                              161      161       E8         0
                text13                              500      500       2E         0
                text12                              558      558       20         0
                text11                              4D1      4D1       2F         0
                text10                              4A2      4A2       2F         0
                text9                               355      355       4C         0
                text8                               46A      46A       38         0
                text7                               611      611        C         0
                text6                               597      597       17         0
                text5                                23       23      13E         0
                text4                               5E8      5E8        E         0
                text3                               61D      61D        9         0
                text2                               249      249       9D         0
                text1                               2E6      2E6       6F         0
                maintext                            3A1      3A1       4B         0
                clrtext                             62F      62F        8         0

        CLASS   STRCODE        

        CLASS   STRING         
                strings                             578      578       1F         0

        CLASS   CONST          

        CLASS   ENTRY          

        CLASS   COMMON         
                cstackCOMMON                         70       70        C         1
                bssCOMMON                            7C       7C        1         1

        CLASS   BANK0          
                cstackBANK0                          20       20       28         1
                bssBANK0                             48       48       11         1

        CLASS   BANK1          
                cstackBANK1                          A0       A0        7         1

        CLASS   BANK2          

        CLASS   BANK3          

        CLASS   RAM            

        CLASS   ABS1           
                abs_s1                               7E       7E        2         1

        CLASS   SFR0           

        CLASS   SFR1           

        CLASS   SFR2           

        CLASS   SFR3           

        CLASS   CONFIG         
                config                             2007     2007        2         4

        CLASS   IDLOC          

        CLASS   EEDATA         



SEGMENTS        Name                           Load    Length   Top    Selector   Space  Class     Delta

                reset_vec                      000000  000003  000003         0       0  CODE        2
                intentry                       000004  000574  000578         8       0  CODE        2
                cstackBANK0                    000020  000039  000059        20       1  BANK0       1
                cstackCOMMON                   000070  00000D  00007D        70       1  COMMON      1
                cstackBANK1                    0000A0  000007  0000A7        A0       1  BANK1       1
                strings                        000578  00001F  000597       AF0       0  STRING      2
                text6                          000597  0000A8  00063F       B2E       0  CODE        2


UNUSED ADDRESS RANGES

        Name                Unused          Largest block    Delta
        BANK0            0059-006F             17           1
        BANK1            00A7-00EF             49           1
        BANK2            0110-016F             60           1
        BANK3            0190-01EF             60           1
        CODE             0003-0003              1           2
                         063F-1FFF            800
        COMMON           007D-007D              1           1
        CONST            0003-0003              1           2
                         063F-1FFF            100
        EEDATA           2100-21FF            100           2
        ENTRY            0003-0003              1           2
                         063F-1FFF            100
        IDLOC            2000-2003              4           2
        RAM              0059-006F             17           1
                         00A7-00EF             49
                         0110-016F             60
                         0190-01EF             60
        SFR0             0000-001F             20           1
        SFR1             0080-009F             20           1
        SFR2             0100-010F             10           1
        SFR3             0180-018F             10           1
        STACK            0110-016F             60           1
        STRCODE          0003-0003              1           2
                         063F-1FFF           19C1
        STRING           0003-0003              1           2
                         063F-1FFF            100

                                  Symbol Table

?___aldiv                 cstackBANK0  0035
?___lwdiv                 cstackCOMMON 0070
?___lwmod                 cstackCOMMON 0077
?_sprintf                 cstackBANK0  0020
?_strcmp                  cstackCOMMON 0070
?_strcspn                 cstackCOMMON 0073
?_strspn                  cstackCOMMON 0073
_INTCONbits               (abs)        000B
_PIE1bits                 (abs)        008C
_PIR1bits                 (abs)        000C
_PORTB                    (abs)        0006
_PORTBbits                (abs)        0006
_PORTD                    (abs)        0008
_RCREG                    (abs)        001A
_RCSTAbits                (abs)        0018
_SPBRG                    (abs)        0099
_SSPADD                   (abs)        0093
_SSPBUF                   (abs)        0013
_SSPCON                   (abs)        0014
_SSPCON2                  (abs)        0091
_SSPCON2bits              (abs)        0091
_SSPCONbits               (abs)        0014
_SSPIF                    (abs)        0063
_SSPSTAT                  (abs)        0094
_SSPSTATbits              (abs)        0094
_TRISB                    (abs)        0086
_TRISBbits                (abs)        0086
_TRISC3                   (abs)        043B
_TRISC4                   (abs)        043C
_TRISCbits                (abs)        0087
_TRISD                    (abs)        0088
_TXREG                    (abs)        0019
_TXSTAbits                (abs)        0098
__Habs1                   abs1         0000
__Hbank0                  bank0        0000
__Hbank1                  bank1        0000
__Hbank2                  bank2        0000
__Hbank3                  bank3        0000
__HbssBANK0               bssBANK0     0000
__HbssCOMMON              bssCOMMON    0000
__Hcinit                  cinit        0023
__Hclrtext                clrtext      0000
__Hcode                   code         0000
__Hcommon                 common       0000
__Hconfig                 config       2009
__HcstackBANK0            cstackBANK0  0000
__HcstackBANK1            cstackBANK1  0000
__HcstackCOMMON           cstackCOMMON 0000
__Heeprom_data            eeprom_data  0000
__Hend_init               end_init     0015
__Hfunctab                functab      0000
__Hinit                   init         0012
__Hintentry               intentry     0012
__Hmaintext               maintext     0000
__Hpowerup                powerup      0000
__Hram                    ram          0000
__Hreset_vec              reset_vec    0003
__Hsfr0                   sfr0         0000
__Hsfr1                   sfr1         0000
__Hsfr2                   sfr2         0000
__Hsfr3                   sfr3         0000
__Hspace_0                (abs)        063F
__Hspace_1                (abs)        00A7
__Hspace_2                (abs)        0000
__Hspace_3                (abs)        0000
__Hspace_4                (abs)        4010
__Hstack                  stack        0000
__Hstrings                strings      0000
__Htext                   text         0000
__Labs1                   abs1         0000
__Lbank0                  bank0        0000
__Lbank1                  bank1        0000
__Lbank2                  bank2        0000
__Lbank3                  bank3        0000
__LbssBANK0               bssBANK0     0000
__LbssCOMMON              bssCOMMON    0000
__Lcinit                  cinit        0015
__Lclrtext                clrtext      0000
__Lcode                   code         0000
__Lcommon                 common       0000
__Lconfig                 config       0000
__LcstackBANK0            cstackBANK0  0000
__LcstackBANK1            cstackBANK1  0000
__LcstackCOMMON           cstackCOMMON 0000
__Leeprom_data            eeprom_data  0000
__Lend_init               end_init     0012
__Lfunctab                functab      0000
__Linit                   init         0012
__Lintentry               intentry     0004
__Lmaintext               maintext     0000
__Lpowerup                powerup      0000
__Lram                    ram          0000
__Lreset_vec              reset_vec    0000
__Lsfr0                   sfr0         0000
__Lsfr1                   sfr1         0000
__Lsfr2                   sfr2         0000
__Lsfr3                   sfr3         0000
__Lspace_0                (abs)        0000
__Lspace_1                (abs)        0000
__Lspace_2                (abs)        0000
__Lspace_3                (abs)        0000
__Lspace_4                (abs)        0000
__Lstack                  stack        0000
__Lstrings                strings      0000
__Ltext                   text         0000
__S0                      (abs)        063F
__S1                      (abs)        00A7
__S2                      (abs)        0000
__S3                      (abs)        0000
___aldiv                  text2        0249
___aldiv@counter          cstackBANK0  003E
___aldiv@dividend         cstackBANK0  0039
___aldiv@divisor          cstackBANK0  0035
___aldiv@quotient         cstackBANK0  0040
___aldiv@sign             cstackBANK0  003F
___int_sp                 stack        0000
___latbits                (abs)        0002
___lwdiv                  text16       03EC
___lwdiv@counter          cstackCOMMON 0076
___lwdiv@dividend         cstackCOMMON 0072
___lwdiv@divisor          cstackCOMMON 0070
___lwdiv@quotient         cstackCOMMON 0074
___lwmod                  text15       0430
___lwmod@counter          cstackCOMMON 007B
___lwmod@dividend         cstackCOMMON 0079
___lwmod@divisor          cstackCOMMON 0077
___sp                     stack        0000
___stackhi                (abs)        0000
___stacklo                (abs)        0000
__end_of___aldiv          text2        02E6
__end_of___lwdiv          text16       0430
__end_of___lwmod          text15       046A
__end_of__initialization  cinit        001F
__end_of__stringtab       strings      057E
__end_of_dpowers          strings      0588
__end_of_get1             text18       063F
__end_of_i2c_idle         text24       0611
__end_of_i2c_init         text4        05F6
__end_of_i2c_read         text23       05C2
__end_of_i2c_sendACK      text22       062F
__end_of_i2c_start        text21       05E8
__end_of_i2c_stop         text20       0604
__end_of_i2c_write        text19       05D5
__end_of_main             maintext     03EC
__end_of_myISR            text5        0161
__end_of_recivedCMD       text17       0558
__end_of_sprintf          text14       0249
__end_of_strchr           text12       0578
__end_of_strcmp           text13       052E
__end_of_strcspn          text11       0500
__end_of_strspn           text10       04D1
__end_of_strtok           text9        03A1
__end_of_token            text8        04A2
__end_of_usart_Interrupt  text3        0626
__end_of_usart_Tx         text7        061D
__end_of_usart_TxStr      text6        05AE
__end_of_usart_init       text1        0355
__initialization          cinit        0015
__pbssBANK0               bssBANK0     0048
__pbssCOMMON              bssCOMMON    007C
__pcstackBANK0            cstackBANK0  0020
__pcstackBANK1            cstackBANK1  00A0
__pcstackCOMMON           cstackCOMMON 0070
__pintentry               intentry     0004
__pmaintext               maintext     03A1
__pstrings                strings      0578
__ptext1                  text1        02E6
__ptext10                 text10       04A2
__ptext11                 text11       04D1
__ptext12                 text12       0558
__ptext13                 text13       0500
__ptext14                 text14       0161
__ptext15                 text15       0430
__ptext16                 text16       03EC
__ptext17                 text17       052E
__ptext18                 text18       0637
__ptext19                 text19       05C2
__ptext2                  text2        0249
__ptext20                 text20       05F6
__ptext21                 text21       05D5
__ptext22                 text22       0626
__ptext23                 text23       05AE
__ptext24                 text24       0604
__ptext3                  text3        061D
__ptext4                  text4        05E8
__ptext5                  text5        0023
__ptext6                  text6        0597
__ptext7                  text7        0611
__ptext8                  text8        046A
__ptext9                  text9        0355
__size_of___aldiv         (abs)        0000
__size_of___lwdiv         (abs)        0000
__size_of___lwmod         (abs)        0000
__size_of_get1            (abs)        0000
__size_of_i2c_idle        (abs)        0000
__size_of_i2c_init        (abs)        0000
__size_of_i2c_read        (abs)        0000
__size_of_i2c_sendACK     (abs)        0000
__size_of_i2c_start       (abs)        0000
__size_of_i2c_stop        (abs)        0000
__size_of_i2c_write       (abs)        0000
__size_of_main            (abs)        0000
__size_of_myISR           (abs)        0000
__size_of_recivedCMD      (abs)        0000
__size_of_sprintf         (abs)        0000
__size_of_strchr          (abs)        0000
__size_of_strcmp          (abs)        0000
__size_of_strcspn         (abs)        0000
__size_of_strspn          (abs)        0000
__size_of_strtok          (abs)        0000
__size_of_token           (abs)        0000
__size_of_usart_Interrupt (abs)        0000
__size_of_usart_Tx        (abs)        0000
__size_of_usart_TxStr     (abs)        0000
__size_of_usart_init      (abs)        0000
__stringbase              strings      057D
__stringtab               strings      0578
_data                     bssBANK0     004F
_dir                      bssBANK0     0048
_dpowers                  strings      057E
_get1                     text18       0637
_i2c_idle                 text24       0604
_i2c_init                 text4        05E8
_i2c_read                 text23       05AE
_i2c_sendACK              text22       0626
_i2c_start                text21       05D5
_i2c_stop                 text20       05F6
_i2c_write                text19       05C2
_lectura                  bssBANK0     004D
_main                     maintext     03A1
_myISR                    text5        0023
_recivedCMD               text17       052E
_res                      bssBANK0     004B
_sprintf                  text14       0161
_strchr                   text12       0558
_strcmp                   text13       0500
_strcspn                  text11       04D1
_strspn                   text10       04A2
_strtok                   text9        0355
_token                    text8        046A
_usart_Interrupt          text3        061D
_usart_Tx                 text7        0611
_usart_TxStr              text6        0597
_usart_init               text1        02E6
_usart_init$1345          cstackBANK1  00A0
btemp                     (abs)        007E
clear_ram0                clrtext      062F
end_of_initialization     cinit        001F
i2c_write@dato            cstackCOMMON 0070
interrupt_function        intentry     0004
intlevel0                 functab      0000
intlevel1                 functab      0000
intlevel2                 functab      0000
intlevel3                 functab      0000
intlevel4                 functab      0000
intlevel5                 functab      0000
recivedCMD@cmd            cstackCOMMON 0071
recivedCMD@i              cstackCOMMON 0072
recivedCMD@j              cstackCOMMON 0073
reset_vec                 reset_vec    0000
saved_w                   (abs)        007E
sprintf@ap                cstackBANK0  0026
sprintf@c                 cstackBANK0  002C
sprintf@f                 cstackBANK0  0020
sprintf@flag              cstackBANK0  0027
sprintf@prec              cstackBANK0  0028
sprintf@sp                cstackBANK0  002B
sprintf@val               cstackBANK0  0029
start                     init         0012
start_initialization      cinit        0015
strchr@chr                cstackCOMMON 0070
strchr@ptr                cstackCOMMON 0072
strcmp@r                  cstackCOMMON 0074
strcmp@s1                 cstackCOMMON 0075
strcmp@s2                 cstackCOMMON 0070
strcspn@i                 cstackCOMMON 0077
strcspn@s1                cstackCOMMON 0079
strcspn@s2                cstackCOMMON 0073
strspn@i                  cstackCOMMON 0077
strspn@s1                 cstackCOMMON 0079
strspn@s2                 cstackCOMMON 0073
strtok@s1                 cstackCOMMON 007B
strtok@s2                 cstackCOMMON 007A
strtok@sp                 bssCOMMON    007C
token@cmd                 cstackBANK0  0022
token@i                   cstackBANK0  0020
token@tok                 cstackBANK0  0023
usart_Tx@send             cstackCOMMON 0070
usart_TxStr@str           cstackCOMMON 0071
usart_init@BAUD           cstackBANK0  0044
wtemp0                    (abs)        007E


FUNCTION INFORMATION:

 *************** function _main *****************
 Defined at:
		line 61 in file "main.c"
 Parameters:    Size  Location     Type
		None
 Auto vars:     Size  Location     Type
		None
 Return value:  Size  Location     Type
                  1    wreg      void 
 Registers used:
		wreg, status,2, status,0, btemp+1, pclath, cstack
 Tracked objects:
		On entry : 
		On exit  : 
		Unchanged: 
 Data sizes:     COMMON   BANK0   BANK1   BANK3   BANK2
      Params:         0       0       0       0       0
      Locals:         0       0       0       0       0
      Temps:          0       0       3       0       0
      Totals:         0       0       3       0       0
Total ram usage:        3 bytes
 Hardware stack levels required when called:    8
 This function calls:
		_i2c_init
		_usart_Interrupt
		_usart_init
 This function is called by:
		Startup code after reset
 This function uses a non-reentrant model


 *************** function _usart_init *****************
 Defined at:
		line 4 in file "usart.c"
 Parameters:    Size  Location     Type
  BAUD            4   36[BANK0 ] long 
 Auto vars:     Size  Location     Type
		None
 Return value:  Size  Location     Type
                  1    wreg      void 
 Registers used:
		wreg, status,2, status,0, btemp+1, pclath, cstack
 Tracked objects:
		On entry : 
		On exit  : 
		Unchanged: 
 Data sizes:     COMMON   BANK0   BANK1   BANK3   BANK2
      Params:         0       4       0       0       0
      Locals:         0       0       4       0       0
      Temps:          0       0       0       0       0
      Totals:         0       4       4       0       0
Total ram usage:        8 bytes
 Hardware stack levels used:    1
 Hardware stack levels required when called:    7
 This function calls:
		___aldiv
 This function is called by:
		_main
 This function uses a non-reentrant model


 *************** function ___aldiv *****************
 Defined at:
		line 5 in file "C:\Program Files\Microchip\xc8\v2.20\pic\sources\c90\common\aldiv.c"
 Parameters:    Size  Location     Type
  divisor         4   21[BANK0 ] long 
  dividend        4   25[BANK0 ] long 
 Auto vars:     Size  Location     Type
  quotient        4   32[BANK0 ] long 
  sign            1   31[BANK0 ] unsigned char 
  counter         1   30[BANK0 ] unsigned char 
 Return value:  Size  Location     Type
                  4   21[BANK0 ] long 
 Registers used:
		wreg, status,2, status,0, btemp+1
 Tracked objects:
		On entry : 
		On exit  : 
		Unchanged: 
 Data sizes:     COMMON   BANK0   BANK1   BANK3   BANK2
      Params:         0       8       0       0       0
      Locals:         0       6       0       0       0
      Temps:          0       1       0       0       0
      Totals:         0      15       0       0       0
Total ram usage:       15 bytes
 Hardware stack levels used:    1
 Hardware stack levels required when called:    6
 This function calls:
		Nothing
 This function is called by:
		_usart_init
 This function uses a non-reentrant model


 *************** function _usart_Interrupt *****************
 Defined at:
		line 41 in file "usart.c"
 Parameters:    Size  Location     Type
		None
 Auto vars:     Size  Location     Type
		None
 Return value:  Size  Location     Type
                  1    wreg      void 
 Registers used:
		None
 Tracked objects:
		On entry : 
		On exit  : 
		Unchanged: 
 Data sizes:     COMMON   BANK0   BANK1   BANK3   BANK2
      Params:         0       0       0       0       0
      Locals:         0       0       0       0       0
      Temps:          0       0       0       0       0
      Totals:         0       0       0       0       0
Total ram usage:        0 bytes
 Hardware stack levels used:    1
 Hardware stack levels required when called:    6
 This function calls:
		Nothing
 This function is called by:
		_main
 This function uses a non-reentrant model


 *************** function _i2c_init *****************
 Defined at:
		line 10 in file "i2c.c"
 Parameters:    Size  Location     Type
		None
 Auto vars:     Size  Location     Type
		None
 Return value:  Size  Location     Type
                  1    wreg      void 
 Registers used:
		wreg, status,2
 Tracked objects:
		On entry : 
		On exit  : 
		Unchanged: 
 Data sizes:     COMMON   BANK0   BANK1   BANK3   BANK2
      Params:         0       0       0       0       0
      Locals:         0       0       0       0       0
      Temps:          0       0       0       0       0
      Totals:         0       0       0       0       0
Total ram usage:        0 bytes
 Hardware stack levels used:    1
 Hardware stack levels required when called:    6
 This function calls:
		Nothing
 This function is called by:
		_main
 This function uses a non-reentrant model


 *************** function _myISR *****************
 Defined at:
		line 12 in file "main.c"
 Parameters:    Size  Location     Type
		None
 Auto vars:     Size  Location     Type
		None
 Return value:  Size  Location     Type
                  1    wreg      void 
 Registers used:
		wreg, fsr0l, fsr0h, status,2, status,0, btemp+1, pclath, cstack
 Tracked objects:
		On entry : 
		On exit  : 
		Unchanged: 
 Data sizes:     COMMON   BANK0   BANK1   BANK3   BANK2
      Params:         0       0       0       0       0
      Locals:         0       0       0       0       0
      Temps:          0       8       0       0       0
      Totals:         0       8       0       0       0
Total ram usage:        8 bytes
 Hardware stack levels used:    1
 Hardware stack levels required when called:    5
 This function calls:
		_i2c_read
		_i2c_sendACK
		_i2c_start
		_i2c_stop
		_i2c_write
		_recivedCMD
		_sprintf
		_strcmp
		_token
		_usart_Tx
		_usart_TxStr
 This function is called by:
		Interrupt level 1
 This function uses a non-reentrant model


 *************** function _usart_TxStr *****************
 Defined at:
		line 33 in file "usart.c"
 Parameters:    Size  Location     Type
  str             1    wreg     PTR unsigned char 
		 -> data(10), 
 Auto vars:     Size  Location     Type
  str             1    1[COMMON] PTR unsigned char 
		 -> data(10), 
 Return value:  Size  Location     Type
                  1    wreg      void 
 Registers used:
		wreg, fsr0l, fsr0h, status,2, status,0, btemp+1, pclath, cstack
 Tracked objects:
		On entry : 
		On exit  : 
		Unchanged: 
 Data sizes:     COMMON   BANK0   BANK1   BANK3   BANK2
      Params:         0       0       0       0       0
      Locals:         1       0       0       0       0
      Temps:          0       0       0       0       0
      Totals:         1       0       0       0       0
Total ram usage:        1 bytes
 Hardware stack levels used:    1
 Hardware stack levels required when called:    1
 This function calls:
		_usart_Tx
 This function is called by:
		_myISR
 This function uses a non-reentrant model


 *************** function _usart_Tx *****************
 Defined at:
		line 24 in file "usart.c"
 Parameters:    Size  Location     Type
  send            1    wreg     unsigned char 
 Auto vars:     Size  Location     Type
  send            1    0[COMMON] unsigned char 
 Return value:  Size  Location     Type
                  1    wreg      void 
 Registers used:
		wreg
 Tracked objects:
		On entry : 
		On exit  : 
		Unchanged: 
 Data sizes:     COMMON   BANK0   BANK1   BANK3   BANK2
      Params:         0       0       0       0       0
      Locals:         1       0       0       0       0
      Temps:          0       0       0       0       0
      Totals:         1       0       0       0       0
Total ram usage:        1 bytes
 Hardware stack levels used:    1
 This function calls:
		Nothing
 This function is called by:
		_usart_TxStr
		_myISR
 This function uses a non-reentrant model


 *************** function _token *****************
 Defined at:
		line 68 in file "usart.c"
 Parameters:    Size  Location     Type
  cmd             1    wreg     PTR unsigned char 
		 -> data(10), 
 Auto vars:     Size  Location     Type
  cmd             1    2[BANK0 ] PTR unsigned char 
		 -> data(10), 
  i               2    0[BANK0 ] int 
  tok             1    3[BANK0 ] PTR unsigned char 
		 -> data(10), NULL(0), 
 Return value:  Size  Location     Type
                  1    wreg      void 
 Registers used:
		wreg, fsr0l, fsr0h, status,2, status,0, btemp+1, pclath, cstack
 Tracked objects:
		On entry : 
		On exit  : 
		Unchanged: 
 Data sizes:     COMMON   BANK0   BANK1   BANK3   BANK2
      Params:         0       0       0       0       0
      Locals:         0       4       0       0       0
      Temps:          0       0       0       0       0
      Totals:         0       4       0       0       0
Total ram usage:        4 bytes
 Hardware stack levels used:    1
 Hardware stack levels required when called:    4
 This function calls:
		_strtok
 This function is called by:
		_myISR
 This function uses a non-reentrant model


 *************** function _strtok *****************
 Defined at:
		line 8 in file "C:\Program Files\Microchip\xc8\v2.20\pic\sources\c90\common\strtok.c"
 Parameters:    Size  Location     Type
  s1              1    wreg     PTR unsigned char 
		 -> data(10), NULL(0), 
  s2              1   10[COMMON] PTR const unsigned char 
		 -> STR_2(2), STR_1(2), 
 Auto vars:     Size  Location     Type
  s1              1   11[COMMON] PTR unsigned char 
		 -> data(10), NULL(0), 
 Return value:  Size  Location     Type
                  1    wreg      PTR unsigned char 
 Registers used:
		wreg, fsr0l, fsr0h, status,2, status,0, btemp+1, pclath, cstack
 Tracked objects:
		On entry : 
		On exit  : 
		Unchanged: 
 Data sizes:     COMMON   BANK0   BANK1   BANK3   BANK2
      Params:         1       0       0       0       0
      Locals:         1       0       0       0       0
      Temps:          0       0       0       0       0
      Totals:         2       0       0       0       0
Total ram usage:        2 bytes
 Hardware stack levels used:    1
 Hardware stack levels required when called:    3
 This function calls:
		_strcspn
		_strspn
 This function is called by:
		_token
 This function uses a non-reentrant model


 *************** function _strspn *****************
 Defined at:
		line 4 in file "C:\Program Files\Microchip\xc8\v2.20\pic\sources\c90\common\strspn.c"
 Parameters:    Size  Location     Type
  s1              1    wreg     PTR const unsigned char 
		 -> data(10), NULL(0), 
  s2              1    3[COMMON] PTR const unsigned char 
		 -> STR_2(2), STR_1(2), 
 Auto vars:     Size  Location     Type
  s1              1    9[COMMON] PTR const unsigned char 
		 -> data(10), NULL(0), 
  i               2    7[COMMON] unsigned int 
 Return value:  Size  Location     Type
                  2    3[COMMON] unsigned int 
 Registers used:
		wreg, fsr0l, fsr0h, status,2, status,0, btemp+1, pclath, cstack
 Tracked objects:
		On entry : 
		On exit  : 
		Unchanged: 
 Data sizes:     COMMON   BANK0   BANK1   BANK3   BANK2
      Params:         2       0       0       0       0
      Locals:         3       0       0       0       0
      Temps:          2       0       0       0       0
      Totals:         7       0       0       0       0
Total ram usage:        7 bytes
 Hardware stack levels used:    1
 Hardware stack levels required when called:    2
 This function calls:
		_strchr
 This function is called by:
		_strtok
 This function uses a non-reentrant model


 *************** function _strcspn *****************
 Defined at:
		line 4 in file "C:\Program Files\Microchip\xc8\v2.20\pic\sources\c90\common\strcspn.c"
 Parameters:    Size  Location     Type
  s1              1    wreg     PTR const unsigned char 
		 -> data(10), NULL(0), 
  s2              1    3[COMMON] PTR const unsigned char 
		 -> STR_2(2), STR_1(2), 
 Auto vars:     Size  Location     Type
  s1              1    9[COMMON] PTR const unsigned char 
		 -> data(10), NULL(0), 
  i               2    7[COMMON] unsigned int 
 Return value:  Size  Location     Type
                  2    3[COMMON] unsigned int 
 Registers used:
		wreg, fsr0l, fsr0h, status,2, status,0, btemp+1, pclath, cstack
 Tracked objects:
		On entry : 
		On exit  : 
		Unchanged: 
 Data sizes:     COMMON   BANK0   BANK1   BANK3   BANK2
      Params:         2       0       0       0       0
      Locals:         3       0       0       0       0
      Temps:          2       0       0       0       0
      Totals:         7       0       0       0       0
Total ram usage:        7 bytes
 Hardware stack levels used:    1
 Hardware stack levels required when called:    2
 This function calls:
		_strchr
 This function is called by:
		_strtok
 This function uses a non-reentrant model


 *************** function _strchr *****************
 Defined at:
		line 4 in file "C:\Program Files\Microchip\xc8\v2.20\pic\sources\c90\common\strchr.c"
 Parameters:    Size  Location     Type
  ptr             1    wreg     PTR const unsigned char 
		 -> STR_2(2), STR_1(2), 
  chr             2    0[COMMON] int 
 Auto vars:     Size  Location     Type
  ptr             1    2[COMMON] PTR const unsigned char 
		 -> STR_2(2), STR_1(2), 
 Return value:  Size  Location     Type
                  1    wreg      PTR unsigned char 
 Registers used:
		wreg, fsr0l, fsr0h, pclath
 Tracked objects:
		On entry : 
		On exit  : 
		Unchanged: 
 Data sizes:     COMMON   BANK0   BANK1   BANK3   BANK2
      Params:         2       0       0       0       0
      Locals:         1       0       0       0       0
      Temps:          0       0       0       0       0
      Totals:         3       0       0       0       0
Total ram usage:        3 bytes
 Hardware stack levels used:    2
 This function calls:
		Nothing
 This function is called by:
		_strcspn
		_strspn
 This function uses a non-reentrant model


 *************** function _strcmp *****************
 Defined at:
		line 33 in file "C:\Program Files\Microchip\xc8\v2.20\pic\sources\c90\common\strcmp.c"
 Parameters:    Size  Location     Type
  s1              1    wreg     PTR const unsigned char 
		 -> data(10), NULL(0), 
  s2              1    0[COMMON] PTR const unsigned char 
		 -> STR_6(3), STR_4(3), STR_3(3), 
 Auto vars:     Size  Location     Type
  s1              1    5[COMMON] PTR const unsigned char 
		 -> data(10), NULL(0), 
  r               1    4[COMMON] char 
 Return value:  Size  Location     Type
                  2    0[COMMON] int 
 Registers used:
		wreg, fsr0l, fsr0h, status,2, status,0, btemp+1, pclath
 Tracked objects:
		On entry : 
		On exit  : 
		Unchanged: 
 Data sizes:     COMMON   BANK0   BANK1   BANK3   BANK2
      Params:         2       0       0       0       0
      Locals:         2       0       0       0       0
      Temps:          2       0       0       0       0
      Totals:         6       0       0       0       0
Total ram usage:        6 bytes
 Hardware stack levels used:    2
 This function calls:
		Nothing
 This function is called by:
		_myISR
 This function uses a non-reentrant model


 *************** function _sprintf *****************
 Defined at:
		line 505 in file "C:\Program Files\Microchip\xc8\v2.20\pic\sources\c90\common\doprnt.c"
 Parameters:    Size  Location     Type
  sp              1    wreg     PTR unsigned char 
		 -> data(10), 
  f               1    0[BANK0 ] PTR const unsigned char 
		 -> STR_7(4), STR_5(4), 
 Auto vars:     Size  Location     Type
  sp              1   11[BANK0 ] PTR unsigned char 
		 -> data(10), 
  tmpval          4    0        struct .
  val             2    9[BANK0 ] unsigned int 
  cp              2    0        PTR const unsigned char 
  len             2    0        unsigned int 
  c               1   12[BANK0 ] unsigned char 
  prec            1    8[BANK0 ] char 
  flag            1    7[BANK0 ] unsigned char 
  ap              1    6[BANK0 ] PTR void [1]
		 -> ?_sprintf(2), 
 Return value:  Size  Location     Type
                  2    0[BANK0 ] int 
 Registers used:
		wreg, fsr0l, fsr0h, status,2, status,0, btemp+1, pclath, cstack
 Tracked objects:
		On entry : 
		On exit  : 
		Unchanged: 
 Data sizes:     COMMON   BANK0   BANK1   BANK3   BANK2
      Params:         0       3       0       0       0
      Locals:         0       7       0       0       0
      Temps:          0       3       0       0       0
      Totals:         0      13       0       0       0
Total ram usage:       13 bytes
 Hardware stack levels used:    1
 Hardware stack levels required when called:    1
 This function calls:
		___lwdiv
		___lwmod
 This function is called by:
		_myISR
 This function uses a non-reentrant model


 *************** function ___lwmod *****************
 Defined at:
		line 5 in file "C:\Program Files\Microchip\xc8\v2.20\pic\sources\c90\common\lwmod.c"
 Parameters:    Size  Location     Type
  divisor         2    7[COMMON] unsigned int 
  dividend        2    9[COMMON] unsigned int 
 Auto vars:     Size  Location     Type
  counter         1   11[COMMON] unsigned char 
 Return value:  Size  Location     Type
                  2    7[COMMON] unsigned int 
 Registers used:
		wreg, status,2, status,0, btemp+1
 Tracked objects:
		On entry : 
		On exit  : 
		Unchanged: 
 Data sizes:     COMMON   BANK0   BANK1   BANK3   BANK2
      Params:         4       0       0       0       0
      Locals:         1       0       0       0       0
      Temps:          0       0       0       0       0
      Totals:         5       0       0       0       0
Total ram usage:        5 bytes
 Hardware stack levels used:    1
 This function calls:
		Nothing
 This function is called by:
		_sprintf
 This function uses a non-reentrant model


 *************** function ___lwdiv *****************
 Defined at:
		line 5 in file "C:\Program Files\Microchip\xc8\v2.20\pic\sources\c90\common\lwdiv.c"
 Parameters:    Size  Location     Type
  divisor         2    0[COMMON] unsigned int 
  dividend        2    2[COMMON] unsigned int 
 Auto vars:     Size  Location     Type
  quotient        2    4[COMMON] unsigned int 
  counter         1    6[COMMON] unsigned char 
 Return value:  Size  Location     Type
                  2    0[COMMON] unsigned int 
 Registers used:
		wreg, status,2, status,0, btemp+1
 Tracked objects:
		On entry : 
		On exit  : 
		Unchanged: 
 Data sizes:     COMMON   BANK0   BANK1   BANK3   BANK2
      Params:         4       0       0       0       0
      Locals:         3       0       0       0       0
      Temps:          0       0       0       0       0
      Totals:         7       0       0       0       0
Total ram usage:        7 bytes
 Hardware stack levels used:    1
 This function calls:
		Nothing
 This function is called by:
		_sprintf
 This function uses a non-reentrant model


 *************** function _recivedCMD *****************
 Defined at:
		line 48 in file "usart.c"
 Parameters:    Size  Location     Type
  cmd             1    wreg     PTR unsigned char 
		 -> data(10), 
 Auto vars:     Size  Location     Type
  cmd             1    1[COMMON] PTR unsigned char 
		 -> data(10), 
  j               1    3[COMMON] unsigned char 
  i               1    2[COMMON] unsigned char 
 Return value:  Size  Location     Type
                  1    wreg      void 
 Registers used:
		wreg, fsr0l, fsr0h, status,2, status,0, btemp+1, pclath, cstack
 Tracked objects:
		On entry : 
		On exit  : 
		Unchanged: 
 Data sizes:     COMMON   BANK0   BANK1   BANK3   BANK2
      Params:         0       0       0       0       0
      Locals:         3       0       0       0       0
      Temps:          1       0       0       0       0
      Totals:         4       0       0       0       0
Total ram usage:        4 bytes
 Hardware stack levels used:    1
 Hardware stack levels required when called:    1
 This function calls:
		_get1
 This function is called by:
		_myISR
 This function uses a non-reentrant model


 *************** function _get1 *****************
 Defined at:
		line 61 in file "usart.c"
 Parameters:    Size  Location     Type
		None
 Auto vars:     Size  Location     Type
		None
 Return value:  Size  Location     Type
                  1    wreg      unsigned char 
 Registers used:
		wreg
 Tracked objects:
		On entry : 
		On exit  : 
		Unchanged: 
 Data sizes:     COMMON   BANK0   BANK1   BANK3   BANK2
      Params:         0       0       0       0       0
      Locals:         0       0       0       0       0
      Temps:          0       0       0       0       0
      Totals:         0       0       0       0       0
Total ram usage:        0 bytes
 Hardware stack levels used:    1
 This function calls:
		Nothing
 This function is called by:
		_recivedCMD
 This function uses a non-reentrant model


 *************** function _i2c_write *****************
 Defined at:
		line 52 in file "i2c.c"
 Parameters:    Size  Location     Type
  dato            1    wreg     unsigned char 
 Auto vars:     Size  Location     Type
  dato            1    0[COMMON] unsigned char 
 Return value:  Size  Location     Type
                  1    wreg      unsigned char 
 Registers used:
		wreg, status,2, status,0, pclath, cstack
 Tracked objects:
		On entry : 
		On exit  : 
		Unchanged: 
 Data sizes:     COMMON   BANK0   BANK1   BANK3   BANK2
      Params:         0       0       0       0       0
      Locals:         1       0       0       0       0
      Temps:          0       0       0       0       0
      Totals:         1       0       0       0       0
Total ram usage:        1 bytes
 Hardware stack levels used:    1
 Hardware stack levels required when called:    1
 This function calls:
		_i2c_idle
 This function is called by:
		_myISR
 This function uses a non-reentrant model


 *************** function _i2c_stop *****************
 Defined at:
		line 37 in file "i2c.c"
 Parameters:    Size  Location     Type
		None
 Auto vars:     Size  Location     Type
		None
 Return value:  Size  Location     Type
                  1    wreg      void 
 Registers used:
		None
 Tracked objects:
		On entry : 
		On exit  : 
		Unchanged: 
 Data sizes:     COMMON   BANK0   BANK1   BANK3   BANK2
      Params:         0       0       0       0       0
      Locals:         0       0       0       0       0
      Temps:          0       0       0       0       0
      Totals:         0       0       0       0       0
Total ram usage:        0 bytes
 Hardware stack levels used:    1
 This function calls:
		Nothing
 This function is called by:
		_myISR
 This function uses a non-reentrant model


 *************** function _i2c_start *****************
 Defined at:
		line 20 in file "i2c.c"
 Parameters:    Size  Location     Type
		None
 Auto vars:     Size  Location     Type
		None
 Return value:  Size  Location     Type
                  1    wreg      void 
 Registers used:
		wreg, status,2, status,0, pclath, cstack
 Tracked objects:
		On entry : 
		On exit  : 
		Unchanged: 
 Data sizes:     COMMON   BANK0   BANK1   BANK3   BANK2
      Params:         0       0       0       0       0
      Locals:         0       0       0       0       0
      Temps:          0       0       0       0       0
      Totals:         0       0       0       0       0
Total ram usage:        0 bytes
 Hardware stack levels used:    1
 Hardware stack levels required when called:    1
 This function calls:
		_i2c_idle
 This function is called by:
		_myISR
 This function uses a non-reentrant model


 *************** function _i2c_sendACK *****************
 Defined at:
		line 76 in file "i2c.c"
 Parameters:    Size  Location     Type
		None
 Auto vars:     Size  Location     Type
		None
 Return value:  Size  Location     Type
                  1    wreg      void 
 Registers used:
		None
 Tracked objects:
		On entry : 
		On exit  : 
		Unchanged: 
 Data sizes:     COMMON   BANK0   BANK1   BANK3   BANK2
      Params:         0       0       0       0       0
      Locals:         0       0       0       0       0
      Temps:          0       0       0       0       0
      Totals:         0       0       0       0       0
Total ram usage:        0 bytes
 Hardware stack levels used:    1
 This function calls:
		Nothing
 This function is called by:
		_myISR
 This function uses a non-reentrant model


 *************** function _i2c_read *****************
 Defined at:
		line 44 in file "i2c.c"
 Parameters:    Size  Location     Type
		None
 Auto vars:     Size  Location     Type
		None
 Return value:  Size  Location     Type
                  1    wreg      unsigned char 
 Registers used:
		wreg, status,2, status,0, pclath, cstack
 Tracked objects:
		On entry : 
		On exit  : 
		Unchanged: 
 Data sizes:     COMMON   BANK0   BANK1   BANK3   BANK2
      Params:         0       0       0       0       0
      Locals:         0       0       0       0       0
      Temps:          0       0       0       0       0
      Totals:         0       0       0       0       0
Total ram usage:        0 bytes
 Hardware stack levels used:    1
 Hardware stack levels required when called:    1
 This function calls:
		_i2c_idle
 This function is called by:
		_myISR
 This function uses a non-reentrant model


 *************** function _i2c_idle *****************
 Defined at:
		line 81 in file "i2c.c"
 Parameters:    Size  Location     Type
		None
 Auto vars:     Size  Location     Type
		None
 Return value:  Size  Location     Type
                  1    wreg      void 
 Registers used:
		wreg, status,2
 Tracked objects:
		On entry : 
		On exit  : 
		Unchanged: 
 Data sizes:     COMMON   BANK0   BANK1   BANK3   BANK2
      Params:         0       0       0       0       0
      Locals:         0       0       0       0       0
      Temps:          0       0       0       0       0
      Totals:         0       0       0       0       0
Total ram usage:        0 bytes
 Hardware stack levels used:    1
 This function calls:
		Nothing
 This function is called by:
		_i2c_start
		_i2c_read
		_i2c_write
		_i2c_restart
 This function uses a non-reentrant model



MODULE INFORMATION

Module		Function		Class		Link	Load	Size
C:\Program Files\Microchip\xc8\v2.20\pic\sources\c90\common\aldiv.c
		___aldiv       		CODE           	0249	0000	158

C:\Program Files\Microchip\xc8\v2.20\pic\sources\c90\common\aldiv.c estimated size: 158

C:\Program Files\Microchip\xc8\v2.20\pic\sources\c90\common\strtok.c
		_strtok        		CODE           	0355	0000	77

C:\Program Files\Microchip\xc8\v2.20\pic\sources\c90\common\strtok.c estimated size: 77

C:\Program Files\Microchip\xc8\v2.20\pic\sources\c90\common\strcspn.c
		_strcspn       		CODE           	04D1	0000	48

C:\Program Files\Microchip\xc8\v2.20\pic\sources\c90\common\strcspn.c estimated size: 48

usart.c
		_usart_Tx      		CODE           	0611	0000	13
		_usart_TxStr   		CODE           	0597	0000	24
		_usart_Interrupt		CODE           	061D	0000	10
		_get1          		CODE           	0637	0000	9
		_recivedCMD    		CODE           	052E	0000	43
		_usart_init    		CODE           	02E6	0000	112
		_token         		CODE           	046A	0000	57

usart.c estimated size: 268

i2c.c
		_i2c_start     		CODE           	05D5	0000	20
		_i2c_idle      		CODE           	0604	0000	14
		_i2c_write     		CODE           	05C2	0000	20
		_i2c_stop      		CODE           	05F6	0000	15
		_i2c_read      		CODE           	05AE	0000	21
		_i2c_init      		CODE           	05E8	0000	15
		_i2c_sendACK   		CODE           	0626	0000	10

i2c.c estimated size: 115

C:\Program Files\Microchip\xc8\v2.20\pic\sources\c90\common\lwmod.c
		___lwmod       		CODE           	0430	0000	59

C:\Program Files\Microchip\xc8\v2.20\pic\sources\c90\common\lwmod.c estimated size: 59

C:\Program Files\Microchip\xc8\v2.20\pic\sources\c90\common\strcmp.c
		_strcmp        		CODE           	0500	0000	47

C:\Program Files\Microchip\xc8\v2.20\pic\sources\c90\common\strcmp.c estimated size: 47

C:\Program Files\Microchip\xc8\v2.20\pic\sources\c90\common\strchr.c
		_strchr        		CODE           	0558	0000	33

C:\Program Files\Microchip\xc8\v2.20\pic\sources\c90\common\strchr.c estimated size: 33

C:\Program Files\Microchip\xc8\v2.20\pic\sources\c90\common\doprnt.c
		_sprintf       		CODE           	0161	0000	233

C:\Program Files\Microchip\xc8\v2.20\pic\sources\c90\common\doprnt.c estimated size: 233

shared
		__stringtab    		STRING         	0578	0000	7
		_dpowers       		STRING         	057E	0000	11
		__initialization		CODE           	0015	0000	11

shared estimated size: 29

C:\Program Files\Microchip\xc8\v2.20\pic\sources\c90\common\strspn.c
		_strspn        		CODE           	04A2	0000	48

C:\Program Files\Microchip\xc8\v2.20\pic\sources\c90\common\strspn.c estimated size: 48

C:\Program Files\Microchip\xc8\v2.20\pic\sources\c90\common\lwdiv.c
		___lwdiv       		CODE           	03EC	0000	69

C:\Program Files\Microchip\xc8\v2.20\pic\sources\c90\common\lwdiv.c estimated size: 69

main.c
		_myISR         		CODE           	0023	0000	319
		_main          		CODE           	03A1	0000	76

main.c estimated size: 395

