Microchip MPLAB XC8 Compiler V2.31

Linker command line:

-W-3 --edf=C:\Program Files\Microchip\xc8\v2.31\pic\dat\en_msgs.txt -cn \
  -h+dist/default/production\Esclavo1.X.production.sym \
  --cmf=dist/default/production\Esclavo1.X.production.cmf -z -Q16F887 \
  -oC:\Users\danny\AppData\Local\Temp\s1ok.2 --defsym=__MPLAB_BUILD=1 \
  -Mdist/default/production/Esclavo1.X.production.map -E1 -ver=XC8 Compiler \
  --acfsm=1493 -ASTACK=0110h-016Fh -pstack=STACK -ACODE=00h-07FFhx4 \
  -ASTRCODE=00h-01FFFh -ASTRING=00h-0FFhx32 -ACONST=00h-0FFhx32 \
  -AENTRY=00h-0FFhx32 -ACOMMON=070h-07Fh -ABANK0=020h-06Fh \
  -ABANK1=0A0h-0EFh -ABANK2=0110h-016Fh -ABANK3=0190h-01EFh \
  -ARAM=020h-06Fh,0A0h-0EFh,0110h-016Fh,0190h-01EFh \
  -AABS1=020h-07Fh,0A0h-0EFh,0110h-016Fh,0190h-01EFh -ASFR0=00h-01Fh \
  -ASFR1=080h-09Fh -ASFR2=0100h-010Fh -ASFR3=0180h-018Fh \
  -ACONFIG=02007h-02008h -DCONFIG=2 -AIDLOC=02000h-02003h -DIDLOC=2 \
  -AEEDATA=00h-0FFh/02100h -peeprom_data=EEDATA -DEEDATA=2 -DCODE=2 \
  -DSTRCODE=2 -DSTRING=2 -DCONST=2 -DENTRY=2 \
  -preset_vec=00h,intentry=04h,init,end_init -ppowerup=CODE -pcinit=CODE \
  -pfunctab=ENTRY -k C:\Users\danny\AppData\Local\Temp\s1ok.o \
  dist/default/production\Esclavo1.X.production.o 

Object code version is 3.11

Machine type is 16F887



                Name                               Link     Load   Length Selector   Space Scale
C:\Users\danny\AppData\Local\Temp\s1ok.o
                end_init                             12       12        3        8       0
                reset_vec                             0        0        3        0       0
                config                             2007     2007        2        0       4
dist/default/production\Esclavo1.X.production.o
                cinit                                15       15       14        8       0
                intentry                              4        4        E        8       0
                config                             2007     2007        2        0       4
                text18                              3A8      3A8        D      718       0
                text17                              368      368       13        8       0
                text16                              39A      39A        E      718       0
                text15                              355      355       13        8       0
                text14                              3CA      3CA        8      718       0
                text13                              30B      30B       2A        8       0
                text12                              2DD      2DD       2E        8       0
                text11                              335      335       20        8       0
                text10                              2AE      2AE       2F        8       0
                text9                               27F      27F       2F        8       0
                text8                               15B      15B       52        8       0
                text7                               247      247       38        8       0
                text6                               3B5      3B5        C      718       0
                text5                                C6       C6       95        8       0
                text4                               38C      38C        E      718       0
                text3                               3C1      3C1        9      718       0
                text2                                29       29       9D        8       0
                text1                               1AD      1AD       4F        8       0
                maintext                            1FC      1FC       4B        8       0
                cstackBANK0                          20       20       25       20       1
                cstackCOMMON                         70       70        E       70       1
                bssBANK0                             45       45        E       20       1
                strings                             37B      37B       11      6F6       0

TOTAL           Name                               Link     Load   Length     Space
        CLASS   STACK          

        CLASS   CODE           
                end_init                             12       12        3         0
                cinit                                15       15       14         0
                intentry                              4        4        E         0
                reset_vec                             0        0        3         0
                text18                              3A8      3A8        D         0
                text17                              368      368       13         0
                text16                              39A      39A        E         0
                text15                              355      355       13         0
                text14                              3CA      3CA        8         0
                text13                              30B      30B       2A         0
                text12                              2DD      2DD       2E         0
                text11                              335      335       20         0
                text10                              2AE      2AE       2F         0
                text9                               27F      27F       2F         0
                text8                               15B      15B       52         0
                text7                               247      247       38         0
                text6                               3B5      3B5        C         0
                text5                                C6       C6       95         0
                text4                               38C      38C        E         0
                text3                               3C1      3C1        9         0
                text2                                29       29       9D         0
                text1                               1AD      1AD       4F         0
                maintext                            1FC      1FC       4B         0

        CLASS   STRCODE        

        CLASS   STRING         
                strings                             37B      37B       11         0

        CLASS   CONST          

        CLASS   ENTRY          

        CLASS   COMMON         
                cstackCOMMON                         70       70        E         1

        CLASS   BANK0          
                cstackBANK0                          20       20       25         1
                bssBANK0                             45       45        E         1

        CLASS   BANK1          

        CLASS   BANK2          

        CLASS   BANK3          

        CLASS   RAM            

        CLASS   ABS1           
                abs_s1                               7E       7E        2         1

        CLASS   SFR0           

        CLASS   SFR1           

        CLASS   SFR2           

        CLASS   SFR3           

        CLASS   CONFIG         
                config                             2007     2007        2         4

        CLASS   IDLOC          

        CLASS   EEDATA         



SEGMENTS        Name                           Load    Length   Top    Selector   Space  Class     Delta

                reset_vec                      000000  000003  000003         0       0  CODE        2
                intentry                       000004  000377  00037B         8       0  CODE        2
                cstackBANK0                    000020  000033  000053        20       1  BANK0       1
                cstackCOMMON                   000070  00000E  00007E        70       1  COMMON      1
                strings                        00037B  000011  00038C       6F6       0  STRING      2
                text4                          00038C  000046  0003D2       718       0  CODE        2


UNUSED ADDRESS RANGES

        Name                Unused          Largest block    Delta
        BANK0            0053-006F             1D           1
        BANK1            00A0-00EF             50           1
        BANK2            0110-016F             60           1
        BANK3            0190-01EF             60           1
        CODE             0003-0003              1           2
                         03D2-1FFF            800
        CONST            0003-0003              1           2
                         03D2-1FFF            100
        EEDATA           2100-21FF            100           2
        ENTRY            0003-0003              1           2
                         03D2-1FFF            100
        IDLOC            2000-2003              4           2
        RAM              0053-006F             1D           1
                         00A0-00EF             50
                         0110-016F             60
                         0190-01EF             60
        SFR0             0000-001F             20           1
        SFR1             0080-009F             20           1
        SFR2             0100-010F             10           1
        SFR3             0180-018F             10           1
        STACK            0110-016F             60           1
        STRCODE          0003-0003              1           2
                         03D2-1FFF           1C2E
        STRING           0003-0003              1           2
                         03D2-1FFF            100

                                  Symbol Table

?___aldiv                 cstackBANK0  002B
?_strcmp                  cstackCOMMON 0070
?_strcspn                 cstackCOMMON 0073
?_strspn                  cstackCOMMON 0073
_INTCONbits               (abs)        000B
_PIE1bits                 (abs)        008C
_PIR1bits                 (abs)        000C
_PORTB                    (abs)        0006
_PORTBbits                (abs)        0006
_PORTD                    (abs)        0008
_PORTDbits                (abs)        0008
_RCREG                    (abs)        001A
_RCSTAbits                (abs)        0018
_SPBRG                    (abs)        0099
_SSPADD                   (abs)        0093
_SSPBUF                   (abs)        0013
_SSPCON                   (abs)        0014
_SSPCON2                  (abs)        0091
_SSPCON2bits              (abs)        0091
_SSPCONbits               (abs)        0014
_SSPIF                    (abs)        0063
_SSPSTAT                  (abs)        0094
_SSPSTATbits              (abs)        0094
_TRISB                    (abs)        0086
_TRISBbits                (abs)        0086
_TRISC3                   (abs)        043B
_TRISC4                   (abs)        043C
_TRISCbits                (abs)        0087
_TRISD                    (abs)        0088
_TXREG                    (abs)        0019
_TXSTAbits                (abs)        0098
__Habs1                   abs1         0000
__Hbank0                  bank0        0000
__Hbank1                  bank1        0000
__Hbank2                  bank2        0000
__Hbank3                  bank3        0000
__HbssBANK0               bssBANK0     0000
__Hcinit                  cinit        0029
__Hclrtext                clrtext      0000
__Hcode                   code         0000
__Hcommon                 common       0000
__Hconfig                 config       2009
__HcstackBANK0            cstackBANK0  0000
__HcstackCOMMON           cstackCOMMON 0000
__Heeprom_data            eeprom_data  0000
__Hend_init               end_init     0015
__Hfunctab                functab      0000
__Hinit                   init         0012
__Hintentry               intentry     0012
__Hmaintext               maintext     0000
__Hpowerup                powerup      0000
__Hram                    ram          0000
__Hreset_vec              reset_vec    0003
__Hsfr0                   sfr0         0000
__Hsfr1                   sfr1         0000
__Hsfr2                   sfr2         0000
__Hsfr3                   sfr3         0000
__Hspace_0                (abs)        03D2
__Hspace_1                (abs)        007E
__Hspace_2                (abs)        0000
__Hspace_3                (abs)        0000
__Hspace_4                (abs)        4010
__Hstack                  stack        0000
__Hstrings                strings      0000
__Htext                   text         0000
__Labs1                   abs1         0000
__Lbank0                  bank0        0000
__Lbank1                  bank1        0000
__Lbank2                  bank2        0000
__Lbank3                  bank3        0000
__LbssBANK0               bssBANK0     0000
__Lcinit                  cinit        0015
__Lclrtext                clrtext      0000
__Lcode                   code         0000
__Lcommon                 common       0000
__Lconfig                 config       0000
__LcstackBANK0            cstackBANK0  0000
__LcstackCOMMON           cstackCOMMON 0000
__Leeprom_data            eeprom_data  0000
__Lend_init               end_init     0012
__Lfunctab                functab      0000
__Linit                   init         0012
__Lintentry               intentry     0004
__Lmaintext               maintext     0000
__Lpowerup                powerup      0000
__Lram                    ram          0000
__Lreset_vec              reset_vec    0000
__Lsfr0                   sfr0         0000
__Lsfr1                   sfr1         0000
__Lsfr2                   sfr2         0000
__Lsfr3                   sfr3         0000
__Lspace_0                (abs)        0000
__Lspace_1                (abs)        0000
__Lspace_2                (abs)        0000
__Lspace_3                (abs)        0000
__Lspace_4                (abs)        0000
__Lstack                  stack        0000
__Lstrings                strings      0000
__Ltext                   text         0000
__S0                      (abs)        03D2
__S1                      (abs)        007E
__S2                      (abs)        0000
__S3                      (abs)        0000
___aldiv                  text2        0029
___aldiv@counter          cstackBANK0  0034
___aldiv@dividend         cstackBANK0  002F
___aldiv@divisor          cstackBANK0  002B
___aldiv@quotient         cstackBANK0  0036
___aldiv@sign             cstackBANK0  0035
___int_sp                 stack        0000
___latbits                (abs)        0002
___sp                     stack        0000
___stackhi                (abs)        0000
___stacklo                (abs)        0000
__end_of___aldiv          text2        00C6
__end_of__initialization  cinit        0025
__end_of__stringtab       strings      0381
__end_of_get1             text14       03D2
__end_of_i2c_idle         text18       03B5
__end_of_i2c_init         text4        039A
__end_of_i2c_start        text17       037B
__end_of_i2c_stop         text16       03A8
__end_of_i2c_write        text15       0368
__end_of_main             maintext     0247
__end_of_myISR            text5        015B
__end_of_recivedCMD       text13       0335
__end_of_strchr           text11       0355
__end_of_strcmp           text12       030B
__end_of_strcspn          text10       02DD
__end_of_strspn           text9        02AE
__end_of_strtok           text8        01AD
__end_of_token            text7        027F
__end_of_usart_Interrupt  text3        03CA
__end_of_usart_Tx         text6        03C1
__end_of_usart_init       text1        01FC
__initialization          cinit        0015
__pbssBANK0               bssBANK0     0045
__pcstackBANK0            cstackBANK0  0020
__pcstackCOMMON           cstackCOMMON 0070
__pintentry               intentry     0004
__pmaintext               maintext     01FC
__pstrings                strings      037B
__ptext1                  text1        01AD
__ptext10                 text10       02AE
__ptext11                 text11       0335
__ptext12                 text12       02DD
__ptext13                 text13       030B
__ptext14                 text14       03CA
__ptext15                 text15       0355
__ptext16                 text16       039A
__ptext17                 text17       0368
__ptext18                 text18       03A8
__ptext2                  text2        0029
__ptext3                  text3        03C1
__ptext4                  text4        038C
__ptext5                  text5        00C6
__ptext6                  text6        03B5
__ptext7                  text7        0247
__ptext8                  text8        015B
__ptext9                  text9        027F
__size_of___aldiv         (abs)        0000
__size_of_get1            (abs)        0000
__size_of_i2c_idle        (abs)        0000
__size_of_i2c_init        (abs)        0000
__size_of_i2c_start       (abs)        0000
__size_of_i2c_stop        (abs)        0000
__size_of_i2c_write       (abs)        0000
__size_of_main            (abs)        0000
__size_of_myISR           (abs)        0000
__size_of_recivedCMD      (abs)        0000
__size_of_strchr          (abs)        0000
__size_of_strcmp          (abs)        0000
__size_of_strcspn         (abs)        0000
__size_of_strspn          (abs)        0000
__size_of_strtok          (abs)        0000
__size_of_token           (abs)        0000
__size_of_usart_Interrupt (abs)        0000
__size_of_usart_Tx        (abs)        0000
__size_of_usart_init      (abs)        0000
__stringbase              strings      0380
__stringtab               strings      037B
_data                     bssBANK0     0049
_dir                      bssBANK0     0045
_get1                     text14       03CA
_i2c_idle                 text18       03A8
_i2c_init                 text4        038C
_i2c_start                text17       0368
_i2c_stop                 text16       039A
_i2c_write                text15       0355
_main                     maintext     01FC
_myISR                    text5        00C6
_recivedCMD               text13       030B
_strchr                   text11       0335
_strcmp                   text12       02DD
_strcspn                  text10       02AE
_strspn                   text9        027F
_strtok                   text8        015B
_token                    text7        0247
_usart_Interrupt          text3        03C1
_usart_Tx                 text6        03B5
_usart_init               text1        01AD
_usart_init$1331          cstackBANK0  003E
btemp                     (abs)        007E
end_of_initialization     cinit        0025
i2c_write@dato            cstackCOMMON 0070
interrupt_function        intentry     0004
intlevel0                 functab      0000
intlevel1                 functab      0000
intlevel2                 functab      0000
intlevel3                 functab      0000
intlevel4                 functab      0000
intlevel5                 functab      0000
recivedCMD@cmd            cstackCOMMON 0072
recivedCMD@i              cstackCOMMON 0073
recivedCMD@j              cstackCOMMON 0074
reset_vec                 reset_vec    0000
saved_w                   (abs)        007E
start                     init         0012
start_initialization      cinit        0015
strchr@chr                cstackCOMMON 0070
strchr@ptr                cstackCOMMON 0072
strcmp@r                  cstackCOMMON 0075
strcmp@s1                 cstackCOMMON 0076
strcmp@s2                 cstackCOMMON 0070
strcspn@i                 cstackCOMMON 0077
strcspn@s1                cstackCOMMON 0079
strcspn@s2                cstackCOMMON 0073
strspn@i                  cstackCOMMON 0077
strspn@s1                 cstackCOMMON 0079
strspn@s2                 cstackCOMMON 0073
strtok@s1                 cstackCOMMON 007D
strtok@s2                 cstackCOMMON 007A
strtok@sp                 bssBANK0     0048
token@cmd                 cstackBANK0  0024
token@i                   cstackBANK0  0022
token@tok                 cstackBANK0  0025
usart_Tx@send             cstackCOMMON 0070
usart_init@BAUD           cstackBANK0  003A
wtemp0                    (abs)        007E


FUNCTION INFORMATION:

 *************** function _main *****************
 Defined at:
		line 38 in file "main.c"
 Parameters:    Size  Location     Type
		None
 Auto vars:     Size  Location     Type
		None
 Return value:  Size  Location     Type
                  1    wreg      void 
 Registers used:
		wreg, status,2, status,0, pclath, cstack
 Tracked objects:
		On entry : 
		On exit  : 
		Unchanged: 
 Data sizes:     COMMON   BANK0   BANK1   BANK3   BANK2
      Params:         0       0       0       0       0
      Locals:         0       0       0       0       0
      Temps:          0       3       0       0       0
      Totals:         0       3       0       0       0
Total ram usage:        3 bytes
 Hardware stack levels required when called:    8
 This function calls:
		_i2c_init
		_usart_Interrupt
		_usart_init
 This function is called by:
		Startup code after reset
 This function uses a non-reentrant model


 *************** function _usart_init *****************
 Defined at:
		line 4 in file "usart.c"
 Parameters:    Size  Location     Type
  BAUD            4   26[BANK0 ] long 
 Auto vars:     Size  Location     Type
		None
 Return value:  Size  Location     Type
                  1    wreg      void 
 Registers used:
		wreg, status,2, status,0, pclath, cstack
 Tracked objects:
		On entry : 
		On exit  : 
		Unchanged: 
 Data sizes:     COMMON   BANK0   BANK1   BANK3   BANK2
      Params:         0       4       0       0       0
      Locals:         0       4       0       0       0
      Temps:          0       0       0       0       0
      Totals:         0       8       0       0       0
Total ram usage:        8 bytes
 Hardware stack levels used:    1
 Hardware stack levels required when called:    7
 This function calls:
		___aldiv
 This function is called by:
		_main
 This function uses a non-reentrant model


 *************** function ___aldiv *****************
 Defined at:
		line 5 in file "C:\Program Files\Microchip\xc8\v2.31\pic\sources\c90\common\aldiv.c"
 Parameters:    Size  Location     Type
  divisor         4   11[BANK0 ] long 
  dividend        4   15[BANK0 ] long 
 Auto vars:     Size  Location     Type
  quotient        4   22[BANK0 ] long 
  sign            1   21[BANK0 ] unsigned char 
  counter         1   20[BANK0 ] unsigned char 
 Return value:  Size  Location     Type
                  4   11[BANK0 ] long 
 Registers used:
		wreg, status,2, status,0
 Tracked objects:
		On entry : 
		On exit  : 
		Unchanged: 
 Data sizes:     COMMON   BANK0   BANK1   BANK3   BANK2
      Params:         0       8       0       0       0
      Locals:         0       6       0       0       0
      Temps:          0       1       0       0       0
      Totals:         0      15       0       0       0
Total ram usage:       15 bytes
 Hardware stack levels used:    1
 Hardware stack levels required when called:    6
 This function calls:
		Nothing
 This function is called by:
		_usart_init
 This function uses a non-reentrant model


 *************** function _usart_Interrupt *****************
 Defined at:
		line 41 in file "usart.c"
 Parameters:    Size  Location     Type
		None
 Auto vars:     Size  Location     Type
		None
 Return value:  Size  Location     Type
                  1    wreg      void 
 Registers used:
		None
 Tracked objects:
		On entry : 
		On exit  : 
		Unchanged: 
 Data sizes:     COMMON   BANK0   BANK1   BANK3   BANK2
      Params:         0       0       0       0       0
      Locals:         0       0       0       0       0
      Temps:          0       0       0       0       0
      Totals:         0       0       0       0       0
Total ram usage:        0 bytes
 Hardware stack levels used:    1
 Hardware stack levels required when called:    6
 This function calls:
		Nothing
 This function is called by:
		_main
 This function uses a non-reentrant model


 *************** function _i2c_init *****************
 Defined at:
		line 10 in file "i2c.c"
 Parameters:    Size  Location     Type
		None
 Auto vars:     Size  Location     Type
		None
 Return value:  Size  Location     Type
                  1    wreg      void 
 Registers used:
		wreg, status,2
 Tracked objects:
		On entry : 
		On exit  : 
		Unchanged: 
 Data sizes:     COMMON   BANK0   BANK1   BANK3   BANK2
      Params:         0       0       0       0       0
      Locals:         0       0       0       0       0
      Temps:          0       0       0       0       0
      Totals:         0       0       0       0       0
Total ram usage:        0 bytes
 Hardware stack levels used:    1
 Hardware stack levels required when called:    6
 This function calls:
		Nothing
 This function is called by:
		_main
 This function uses a non-reentrant model


 *************** function _myISR *****************
 Defined at:
		line 14 in file "main.c"
 Parameters:    Size  Location     Type
		None
 Auto vars:     Size  Location     Type
		None
 Return value:  Size  Location     Type
                  1    wreg      void 
 Registers used:
		wreg, fsr0l, fsr0h, status,2, status,0, pclath, cstack
 Tracked objects:
		On entry : 
		On exit  : 
		Unchanged: 
 Data sizes:     COMMON   BANK0   BANK1   BANK3   BANK2
      Params:         0       0       0       0       0
      Locals:         0       0       0       0       0
      Temps:          0       5       0       0       0
      Totals:         0       5       0       0       0
Total ram usage:        5 bytes
 Hardware stack levels used:    1
 Hardware stack levels required when called:    5
 This function calls:
		_i2c_start
		_i2c_stop
		_i2c_write
		_recivedCMD
		_strcmp
		_token
		_usart_Tx
 This function is called by:
		Interrupt level 1
 This function uses a non-reentrant model


 *************** function _usart_Tx *****************
 Defined at:
		line 24 in file "usart.c"
 Parameters:    Size  Location     Type
  send            1    wreg     unsigned char 
 Auto vars:     Size  Location     Type
  send            1    0[COMMON] unsigned char 
 Return value:  Size  Location     Type
                  1    wreg      void 
 Registers used:
		wreg
 Tracked objects:
		On entry : 
		On exit  : 
		Unchanged: 
 Data sizes:     COMMON   BANK0   BANK1   BANK3   BANK2
      Params:         0       0       0       0       0
      Locals:         1       0       0       0       0
      Temps:          0       0       0       0       0
      Totals:         1       0       0       0       0
Total ram usage:        1 bytes
 Hardware stack levels used:    1
 This function calls:
		Nothing
 This function is called by:
		_myISR
		_usart_TxStr
 This function uses a non-reentrant model


 *************** function _token *****************
 Defined at:
		line 68 in file "usart.c"
 Parameters:    Size  Location     Type
  cmd             1    wreg     PTR unsigned char 
		 -> data(10), 
 Auto vars:     Size  Location     Type
  cmd             1    4[BANK0 ] PTR unsigned char 
		 -> data(10), 
  i               2    2[BANK0 ] int 
  tok             1    5[BANK0 ] PTR unsigned char 
		 -> data(10), NULL(0), 
 Return value:  Size  Location     Type
                  1    wreg      void 
 Registers used:
		wreg, fsr0l, fsr0h, status,2, status,0, pclath, cstack
 Tracked objects:
		On entry : 
		On exit  : 
		Unchanged: 
 Data sizes:     COMMON   BANK0   BANK1   BANK3   BANK2
      Params:         0       0       0       0       0
      Locals:         0       4       0       0       0
      Temps:          0       2       0       0       0
      Totals:         0       6       0       0       0
Total ram usage:        6 bytes
 Hardware stack levels used:    1
 Hardware stack levels required when called:    4
 This function calls:
		_strtok
 This function is called by:
		_myISR
 This function uses a non-reentrant model


 *************** function _strtok *****************
 Defined at:
		line 8 in file "C:\Program Files\Microchip\xc8\v2.31\pic\sources\c90\common\strtok.c"
 Parameters:    Size  Location     Type
  s1              1    wreg     PTR unsigned char 
		 -> data(10), NULL(0), 
  s2              1   10[COMMON] PTR const unsigned char 
		 -> STR_2(2), STR_1(2), 
 Auto vars:     Size  Location     Type
  s1              1   13[COMMON] PTR unsigned char 
		 -> data(10), NULL(0), 
 Return value:  Size  Location     Type
                  1    wreg      PTR unsigned char 
 Registers used:
		wreg, fsr0l, fsr0h, status,2, status,0, pclath, cstack
 Tracked objects:
		On entry : 
		On exit  : 
		Unchanged: 
 Data sizes:     COMMON   BANK0   BANK1   BANK3   BANK2
      Params:         1       0       0       0       0
      Locals:         1       0       0       0       0
      Temps:          2       0       0       0       0
      Totals:         4       0       0       0       0
Total ram usage:        4 bytes
 Hardware stack levels used:    1
 Hardware stack levels required when called:    3
 This function calls:
		_strcspn
		_strspn
 This function is called by:
		_token
 This function uses a non-reentrant model


 *************** function _strspn *****************
 Defined at:
		line 4 in file "C:\Program Files\Microchip\xc8\v2.31\pic\sources\c90\common\strspn.c"
 Parameters:    Size  Location     Type
  s1              1    wreg     PTR const unsigned char 
		 -> data(10), NULL(0), 
  s2              1    3[COMMON] PTR const unsigned char 
		 -> STR_2(2), STR_1(2), 
 Auto vars:     Size  Location     Type
  s1              1    9[COMMON] PTR const unsigned char 
		 -> data(10), NULL(0), 
  i               2    7[COMMON] unsigned int 
 Return value:  Size  Location     Type
                  2    3[COMMON] unsigned int 
 Registers used:
		wreg, fsr0l, fsr0h, status,2, status,0, pclath, cstack
 Tracked objects:
		On entry : 
		On exit  : 
		Unchanged: 
 Data sizes:     COMMON   BANK0   BANK1   BANK3   BANK2
      Params:         2       0       0       0       0
      Locals:         3       0       0       0       0
      Temps:          2       0       0       0       0
      Totals:         7       0       0       0       0
Total ram usage:        7 bytes
 Hardware stack levels used:    1
 Hardware stack levels required when called:    2
 This function calls:
		_strchr
 This function is called by:
		_strtok
 This function uses a non-reentrant model


 *************** function _strcspn *****************
 Defined at:
		line 4 in file "C:\Program Files\Microchip\xc8\v2.31\pic\sources\c90\common\strcspn.c"
 Parameters:    Size  Location     Type
  s1              1    wreg     PTR const unsigned char 
		 -> data(10), NULL(0), 
  s2              1    3[COMMON] PTR const unsigned char 
		 -> STR_2(2), STR_1(2), 
 Auto vars:     Size  Location     Type
  s1              1    9[COMMON] PTR const unsigned char 
		 -> data(10), NULL(0), 
  i               2    7[COMMON] unsigned int 
 Return value:  Size  Location     Type
                  2    3[COMMON] unsigned int 
 Registers used:
		wreg, fsr0l, fsr0h, status,2, status,0, pclath, cstack
 Tracked objects:
		On entry : 
		On exit  : 
		Unchanged: 
 Data sizes:     COMMON   BANK0   BANK1   BANK3   BANK2
      Params:         2       0       0       0       0
      Locals:         3       0       0       0       0
      Temps:          2       0       0       0       0
      Totals:         7       0       0       0       0
Total ram usage:        7 bytes
 Hardware stack levels used:    1
 Hardware stack levels required when called:    2
 This function calls:
		_strchr
 This function is called by:
		_strtok
 This function uses a non-reentrant model


 *************** function _strchr *****************
 Defined at:
		line 4 in file "C:\Program Files\Microchip\xc8\v2.31\pic\sources\c90\common\strchr.c"
 Parameters:    Size  Location     Type
  ptr             1    wreg     PTR const unsigned char 
		 -> STR_2(2), STR_1(2), 
  chr             2    0[COMMON] int 
 Auto vars:     Size  Location     Type
  ptr             1    2[COMMON] PTR const unsigned char 
		 -> STR_2(2), STR_1(2), 
 Return value:  Size  Location     Type
                  1    wreg      PTR unsigned char 
 Registers used:
		wreg, fsr0l, fsr0h, pclath
 Tracked objects:
		On entry : 
		On exit  : 
		Unchanged: 
 Data sizes:     COMMON   BANK0   BANK1   BANK3   BANK2
      Params:         2       0       0       0       0
      Locals:         1       0       0       0       0
      Temps:          0       0       0       0       0
      Totals:         3       0       0       0       0
Total ram usage:        3 bytes
 Hardware stack levels used:    2
 This function calls:
		Nothing
 This function is called by:
		_strcspn
		_strspn
 This function uses a non-reentrant model


 *************** function _strcmp *****************
 Defined at:
		line 33 in file "C:\Program Files\Microchip\xc8\v2.31\pic\sources\c90\common\strcmp.c"
 Parameters:    Size  Location     Type
  s1              1    wreg     PTR const unsigned char 
		 -> data(10), NULL(0), 
  s2              1    0[COMMON] PTR const unsigned char 
		 -> STR_5(3), STR_4(3), STR_3(3), 
 Auto vars:     Size  Location     Type
  s1              1    6[COMMON] PTR const unsigned char 
		 -> data(10), NULL(0), 
  r               1    5[COMMON] char 
 Return value:  Size  Location     Type
                  2    0[COMMON] int 
 Registers used:
		wreg, fsr0l, fsr0h, status,2, status,0, pclath
 Tracked objects:
		On entry : 
		On exit  : 
		Unchanged: 
 Data sizes:     COMMON   BANK0   BANK1   BANK3   BANK2
      Params:         2       0       0       0       0
      Locals:         2       0       0       0       0
      Temps:          3       0       0       0       0
      Totals:         7       0       0       0       0
Total ram usage:        7 bytes
 Hardware stack levels used:    2
 This function calls:
		Nothing
 This function is called by:
		_myISR
 This function uses a non-reentrant model


 *************** function _recivedCMD *****************
 Defined at:
		line 48 in file "usart.c"
 Parameters:    Size  Location     Type
  cmd             1    wreg     PTR unsigned char 
		 -> data(10), 
 Auto vars:     Size  Location     Type
  cmd             1    2[COMMON] PTR unsigned char 
		 -> data(10), 
  j               1    4[COMMON] unsigned char 
  i               1    3[COMMON] unsigned char 
 Return value:  Size  Location     Type
                  1    wreg      void 
 Registers used:
		wreg, fsr0l, fsr0h, status,2, status,0, pclath, cstack
 Tracked objects:
		On entry : 
		On exit  : 
		Unchanged: 
 Data sizes:     COMMON   BANK0   BANK1   BANK3   BANK2
      Params:         0       0       0       0       0
      Locals:         3       0       0       0       0
      Temps:          2       0       0       0       0
      Totals:         5       0       0       0       0
Total ram usage:        5 bytes
 Hardware stack levels used:    1
 Hardware stack levels required when called:    1
 This function calls:
		_get1
 This function is called by:
		_myISR
 This function uses a non-reentrant model


 *************** function _get1 *****************
 Defined at:
		line 61 in file "usart.c"
 Parameters:    Size  Location     Type
		None
 Auto vars:     Size  Location     Type
		None
 Return value:  Size  Location     Type
                  1    wreg      unsigned char 
 Registers used:
		wreg
 Tracked objects:
		On entry : 
		On exit  : 
		Unchanged: 
 Data sizes:     COMMON   BANK0   BANK1   BANK3   BANK2
      Params:         0       0       0       0       0
      Locals:         0       0       0       0       0
      Temps:          0       0       0       0       0
      Totals:         0       0       0       0       0
Total ram usage:        0 bytes
 Hardware stack levels used:    1
 This function calls:
		Nothing
 This function is called by:
		_recivedCMD
 This function uses a non-reentrant model


 *************** function _i2c_write *****************
 Defined at:
		line 52 in file "i2c.c"
 Parameters:    Size  Location     Type
  dato            1    wreg     unsigned char 
 Auto vars:     Size  Location     Type
  dato            1    0[COMMON] unsigned char 
 Return value:  Size  Location     Type
                  1    wreg      unsigned char 
 Registers used:
		wreg, status,2, status,0, pclath, cstack
 Tracked objects:
		On entry : 
		On exit  : 
		Unchanged: 
 Data sizes:     COMMON   BANK0   BANK1   BANK3   BANK2
      Params:         0       0       0       0       0
      Locals:         1       0       0       0       0
      Temps:          0       0       0       0       0
      Totals:         1       0       0       0       0
Total ram usage:        1 bytes
 Hardware stack levels used:    1
 Hardware stack levels required when called:    1
 This function calls:
		_i2c_idle
 This function is called by:
		_myISR
 This function uses a non-reentrant model


 *************** function _i2c_stop *****************
 Defined at:
		line 37 in file "i2c.c"
 Parameters:    Size  Location     Type
		None
 Auto vars:     Size  Location     Type
		None
 Return value:  Size  Location     Type
                  1    wreg      void 
 Registers used:
		None
 Tracked objects:
		On entry : 
		On exit  : 
		Unchanged: 
 Data sizes:     COMMON   BANK0   BANK1   BANK3   BANK2
      Params:         0       0       0       0       0
      Locals:         0       0       0       0       0
      Temps:          0       0       0       0       0
      Totals:         0       0       0       0       0
Total ram usage:        0 bytes
 Hardware stack levels used:    1
 This function calls:
		Nothing
 This function is called by:
		_myISR
 This function uses a non-reentrant model


 *************** function _i2c_start *****************
 Defined at:
		line 20 in file "i2c.c"
 Parameters:    Size  Location     Type
		None
 Auto vars:     Size  Location     Type
		None
 Return value:  Size  Location     Type
                  1    wreg      void 
 Registers used:
		wreg, status,2, status,0, pclath, cstack
 Tracked objects:
		On entry : 
		On exit  : 
		Unchanged: 
 Data sizes:     COMMON   BANK0   BANK1   BANK3   BANK2
      Params:         0       0       0       0       0
      Locals:         0       0       0       0       0
      Temps:          0       0       0       0       0
      Totals:         0       0       0       0       0
Total ram usage:        0 bytes
 Hardware stack levels used:    1
 Hardware stack levels required when called:    1
 This function calls:
		_i2c_idle
 This function is called by:
		_myISR
 This function uses a non-reentrant model


 *************** function _i2c_idle *****************
 Defined at:
		line 81 in file "i2c.c"
 Parameters:    Size  Location     Type
		None
 Auto vars:     Size  Location     Type
		None
 Return value:  Size  Location     Type
                  1    wreg      void 
 Registers used:
		wreg, status,2
 Tracked objects:
		On entry : 
		On exit  : 
		Unchanged: 
 Data sizes:     COMMON   BANK0   BANK1   BANK3   BANK2
      Params:         0       0       0       0       0
      Locals:         0       0       0       0       0
      Temps:          0       0       0       0       0
      Totals:         0       0       0       0       0
Total ram usage:        0 bytes
 Hardware stack levels used:    1
 This function calls:
		Nothing
 This function is called by:
		_i2c_start
		_i2c_write
		_i2c_restart
		_i2c_read
 This function uses a non-reentrant model



MODULE INFORMATION

Module		Function		Class		Link	Load	Size
C:\Program Files\Microchip\xc8\v2.31\pic\sources\c90\common\strspn.c
		_strspn        		CODE           	027F	0000	47

C:\Program Files\Microchip\xc8\v2.31\pic\sources\c90\common\strspn.c estimated size: 47

usart.c
		_usart_Tx      		CODE           	03B5	0000	12
		_usart_Interrupt		CODE           	03C1	0000	9
		_get1          		CODE           	03CA	0000	8
		_recivedCMD    		CODE           	030B	0000	42
		_usart_init    		CODE           	01AD	0000	79
		_token         		CODE           	0247	0000	56

usart.c estimated size: 206

i2c.c
		_i2c_start     		CODE           	0368	0000	19
		_i2c_idle      		CODE           	03A8	0000	13
		_i2c_write     		CODE           	0355	0000	19
		_i2c_stop      		CODE           	039A	0000	14
		_i2c_init      		CODE           	038C	0000	14

i2c.c estimated size: 79

C:\Program Files\Microchip\xc8\v2.31\pic\sources\c90\common\strcspn.c
		_strcspn       		CODE           	02AE	0000	47

C:\Program Files\Microchip\xc8\v2.31\pic\sources\c90\common\strcspn.c estimated size: 47

C:\Program Files\Microchip\xc8\v2.31\pic\sources\c90\common\strtok.c
		_strtok        		CODE           	015B	0000	82

C:\Program Files\Microchip\xc8\v2.31\pic\sources\c90\common\strtok.c estimated size: 82

shared
		__stringtab    		STRING         	037B	0000	6
		__initialization		CODE           	0015	0000	16

shared estimated size: 22

C:\Program Files\Microchip\xc8\v2.31\pic\sources\c90\common\aldiv.c
		___aldiv       		CODE           	0029	0000	157

C:\Program Files\Microchip\xc8\v2.31\pic\sources\c90\common\aldiv.c estimated size: 157

C:\Program Files\Microchip\xc8\v2.31\pic\sources\c90\common\strcmp.c
		_strcmp        		CODE           	02DD	0000	46

C:\Program Files\Microchip\xc8\v2.31\pic\sources\c90\common\strcmp.c estimated size: 46

C:\Program Files\Microchip\xc8\v2.31\pic\sources\c90\common\strchr.c
		_strchr        		CODE           	0335	0000	32

C:\Program Files\Microchip\xc8\v2.31\pic\sources\c90\common\strchr.c estimated size: 32

main.c
		_myISR         		CODE           	00C6	0000	149
		_main          		CODE           	01FC	0000	75

main.c estimated size: 224

