Microchip MPLAB XC8 Compiler V2.31

Linker command line:

-W-3 --edf=C:\Program Files\Microchip\xc8\v2.31\pic\dat\en_msgs.txt -cn \
  -h+dist/default/production\Cluster.X.production.sym \
  --cmf=dist/default/production\Cluster.X.production.cmf -z -Q16F887 \
  -oC:\Users\danny\AppData\Local\Temp\seps.2 --defsym=__MPLAB_BUILD=1 \
  -Mdist/default/production/Cluster.X.production.map -E1 -ver=XC8 Compiler \
  --acfsm=1493 -ASTACK=0110h-016Fh -pstack=STACK -ACODE=00h-07FFhx4 \
  -ASTRCODE=00h-01FFFh -ASTRING=00h-0FFhx32 -ACONST=00h-0FFhx32 \
  -AENTRY=00h-0FFhx32 -ACOMMON=070h-07Fh -ABANK0=020h-06Fh \
  -ABANK1=0A0h-0EFh -ABANK2=0110h-016Fh -ABANK3=0190h-01EFh \
  -ARAM=020h-06Fh,0A0h-0EFh,0110h-016Fh,0190h-01EFh \
  -AABS1=020h-07Fh,0A0h-0EFh,0110h-016Fh,0190h-01EFh -ASFR0=00h-01Fh \
  -ASFR1=080h-09Fh -ASFR2=0100h-010Fh -ASFR3=0180h-018Fh \
  -ACONFIG=02007h-02008h -DCONFIG=2 -AIDLOC=02000h-02003h -DIDLOC=2 \
  -AEEDATA=00h-0FFh/02100h -peeprom_data=EEDATA -DEEDATA=2 -DCODE=2 \
  -DSTRCODE=2 -DSTRING=2 -DCONST=2 -DENTRY=2 \
  -preset_vec=00h,intentry=04h,init,end_init -ppowerup=CODE -pcinit=CODE \
  -pfunctab=ENTRY -k C:\Users\danny\AppData\Local\Temp\seps.o \
  dist/default/production\Cluster.X.production.o 

Object code version is 3.11

Machine type is 16F887



                Name                               Link     Load   Length Selector   Space Scale
C:\Users\danny\AppData\Local\Temp\seps.o
                end_init                             12       12        3        8       0
                reset_vec                             0        0        3        0       0
                config                             2007     2007        2        0       4
dist/default/production\Cluster.X.production.o
                cinit                                15       15       17        8       0
                intentry                              4        4        E        8       0
                config                             2007     2007        2        0       4
                text16                              5A5      5A5        8      5EA       0
                text15                              48D      48D       2A      5EA       0
                text14                              590      590        C      5EA       0
                text13                              507      507       26      5EA       0
                text12                              550      550       1F      5EA       0
                text11                              56F      56F       15      5EA       0
                text10                              463      463       2A      5EA       0
                text9                               5AD      5AD        7      5EA       0
                text8                               392      392       82      5EA       0
                text7                               4DF      4DF       28      5EA       0
                text6                               52D      52D       23      5EA       0
                text5                               59C      59C        9      5EA       0
                text4                               584      584        C      5EA       0
                text3                               4B7      4B7       28      5EA       0
                text2                               2F5      2F5       9D      5EA       0
                text1                               414      414       4F      5EA       0
                maintext                             2C       2C      1A2        8       0
                cstackBANK0                          20       20       1B       20       1
                cstackCOMMON                         70       70        9       70       1
                bssBANK0                             3B       3B        C       20       1
                bssCOMMON                            79       79        5       70       1
                strings                             200      200       F5      400       0

TOTAL           Name                               Link     Load   Length     Space
        CLASS   STACK          

        CLASS   CODE           
                end_init                             12       12        3         0
                cinit                                15       15       17         0
                intentry                              4        4        E         0
                reset_vec                             0        0        3         0
                text16                              5A5      5A5        8         0
                text15                              48D      48D       2A         0
                text14                              590      590        C         0
                text13                              507      507       26         0
                text12                              550      550       1F         0
                text11                              56F      56F       15         0
                text10                              463      463       2A         0
                text9                               5AD      5AD        7         0
                text8                               392      392       82         0
                text7                               4DF      4DF       28         0
                text6                               52D      52D       23         0
                text5                               59C      59C        9         0
                text4                               584      584        C         0
                text3                               4B7      4B7       28         0
                text2                               2F5      2F5       9D         0
                text1                               414      414       4F         0
                maintext                             2C       2C      1A2         0

        CLASS   STRCODE        

        CLASS   STRING         
                strings                             200      200       F5         0

        CLASS   CONST          

        CLASS   ENTRY          

        CLASS   COMMON         
                cstackCOMMON                         70       70        9         1
                bssCOMMON                            79       79        5         1

        CLASS   BANK0          
                cstackBANK0                          20       20       1B         1
                bssBANK0                             3B       3B        C         1

        CLASS   BANK1          

        CLASS   BANK2          

        CLASS   BANK3          

        CLASS   RAM            

        CLASS   ABS1           
                abs_s1                               7E       7E        2         1

        CLASS   SFR0           

        CLASS   SFR1           

        CLASS   SFR2           

        CLASS   SFR3           

        CLASS   CONFIG         
                config                             2007     2007        2         4

        CLASS   IDLOC          

        CLASS   EEDATA         



SEGMENTS        Name                           Load    Length   Top    Selector   Space  Class     Delta

                reset_vec                      000000  000003  000003         0       0  CODE        2
                intentry                       000004  0001CA  0001CE         8       0  CODE        2
                cstackBANK0                    000020  000027  000047        20       1  BANK0       1
                cstackCOMMON                   000070  00000E  00007E        70       1  COMMON      1
                strings                        000200  0000F5  0002F5       400       0  STRING      2
                text2                          0002F5  0002BF  0005B4       5EA       0  CODE        2


UNUSED ADDRESS RANGES

        Name                Unused          Largest block    Delta
        BANK0            0047-006F             29           1
        BANK1            00A0-00EF             50           1
        BANK2            0110-016F             60           1
        BANK3            0190-01EF             60           1
        CODE             0003-0003              1           2
                         01CE-01FF             32
                         05B4-1FFF            800
        CONST            0003-0003              1           2
                         01CE-01FF             32
                         05B4-1FFF            100
        EEDATA           2100-21FF            100           2
        ENTRY            0003-0003              1           2
                         01CE-01FF             32
                         05B4-1FFF            100
        IDLOC            2000-2003              4           2
        RAM              0047-006F             29           1
                         00A0-00EF             50
                         0110-016F             60
                         0190-01EF             60
        SFR0             0000-001F             20           1
        SFR1             0080-009F             20           1
        SFR2             0100-010F             10           1
        SFR3             0180-018F             10           1
        STACK            0110-016F             60           1
        STRCODE          0003-0003              1           2
                         01CE-01FF             32
                         05B4-1FFF           1A4C
        STRING           0003-0003              1           2
                         01CE-01FF             32
                         05B4-1FFF            100

                                  Symbol Table

?___aldiv                 cstackBANK0  0020
_ANSEL                    (abs)        0188
_ANSELH                   (abs)        0189
_INTCONbits               (abs)        000B
_PIE1bits                 (abs)        008C
_PIR1bits                 (abs)        000C
_PORTB                    (abs)        0006
_PORTD                    (abs)        0008
_PORTDbits                (abs)        0008
_PORTE                    (abs)        0009
_RCREG                    (abs)        001A
_RCSTAbits                (abs)        0018
_SPBRG                    (abs)        0099
_TRISB                    (abs)        0086
_TRISBbits                (abs)        0086
_TRISD                    (abs)        0088
_TRISDbits                (abs)        0088
_TRISE                    (abs)        0089
_TXREG                    (abs)        0019
_TXSTAbits                (abs)        0098
__Habs1                   abs1         0000
__Hbank0                  bank0        0000
__Hbank1                  bank1        0000
__Hbank2                  bank2        0000
__Hbank3                  bank3        0000
__HbssBANK0               bssBANK0     0000
__HbssCOMMON              bssCOMMON    0000
__Hcinit                  cinit        002C
__Hclrtext                clrtext      0000
__Hcode                   code         0000
__Hcommon                 common       0000
__Hconfig                 config       2009
__HcstackBANK0            cstackBANK0  0000
__HcstackCOMMON           cstackCOMMON 0000
__Heeprom_data            eeprom_data  0000
__Hend_init               end_init     0015
__Hfunctab                functab      0000
__Hinit                   init         0012
__Hintentry               intentry     0012
__Hmaintext               maintext     0000
__Hpowerup                powerup      0000
__Hram                    ram          0000
__Hreset_vec              reset_vec    0003
__Hsfr0                   sfr0         0000
__Hsfr1                   sfr1         0000
__Hsfr2                   sfr2         0000
__Hsfr3                   sfr3         0000
__Hspace_0                (abs)        05B4
__Hspace_1                (abs)        007E
__Hspace_2                (abs)        0000
__Hspace_3                (abs)        0000
__Hspace_4                (abs)        4010
__Hstack                  stack        0000
__Hstrings                strings      0000
__Htext                   text         0000
__Labs1                   abs1         0000
__Lbank0                  bank0        0000
__Lbank1                  bank1        0000
__Lbank2                  bank2        0000
__Lbank3                  bank3        0000
__LbssBANK0               bssBANK0     0000
__LbssCOMMON              bssCOMMON    0000
__Lcinit                  cinit        0015
__Lclrtext                clrtext      0000
__Lcode                   code         0000
__Lcommon                 common       0000
__Lconfig                 config       0000
__LcstackBANK0            cstackBANK0  0000
__LcstackCOMMON           cstackCOMMON 0000
__Leeprom_data            eeprom_data  0000
__Lend_init               end_init     0012
__Lfunctab                functab      0000
__Linit                   init         0012
__Lintentry               intentry     0004
__Lmaintext               maintext     0000
__Lpowerup                powerup      0000
__Lram                    ram          0000
__Lreset_vec              reset_vec    0000
__Lsfr0                   sfr0         0000
__Lsfr1                   sfr1         0000
__Lsfr2                   sfr2         0000
__Lsfr3                   sfr3         0000
__Lspace_0                (abs)        0000
__Lspace_1                (abs)        0000
__Lspace_2                (abs)        0000
__Lspace_3                (abs)        0000
__Lspace_4                (abs)        0000
__Lstack                  stack        0000
__Lstrings                strings      0000
__Ltext                   text         0000
__S0                      (abs)        05B4
__S1                      (abs)        007E
__S2                      (abs)        0000
__S3                      (abs)        0000
___aldiv                  text2        02F5
___aldiv@counter          cstackBANK0  0029
___aldiv@dividend         cstackBANK0  0024
___aldiv@divisor          cstackBANK0  0020
___aldiv@quotient         cstackBANK0  002B
___aldiv@sign             cstackBANK0  002A
___int_sp                 stack        0000
___latbits                (abs)        0002
___sp                     stack        0000
___stackhi                (abs)        0000
___stacklo                (abs)        0000
__end_of___aldiv          text2        0392
__end_of__initialization  cinit        0028
__end_of__stringtab       strings      0210
__end_of_en_pulse         text11       0584
__end_of_get1             text16       05AD
__end_of_lcd_clear        text9        05B4
__end_of_lcd_cmd          text10       048D
__end_of_lcd_init         text8        0414
__end_of_lcd_print        text6        0550
__end_of_lcd_putc         text7        0507
__end_of_main             maintext     01CE
__end_of_myISR            text12       056F
__end_of_recivedCMD       text15       04B7
__end_of_usart_Interrupt  text5        05A5
__end_of_usart_Tx         text4        0590
__end_of_usart_TxStr      text3        04DF
__end_of_usart_init       text1        0463
__end_ofi1_usart_Tx       text14       059C
__end_ofi1_usart_TxStr    text13       052D
__initialization          cinit        0015
__pbssBANK0               bssBANK0     003B
__pbssCOMMON              bssCOMMON    0079
__pcstackBANK0            cstackBANK0  0020
__pcstackCOMMON           cstackCOMMON 0070
__pintentry               intentry     0004
__pmaintext               maintext     002C
__pstrings                strings      0200
__ptext1                  text1        0414
__ptext10                 text10       0463
__ptext11                 text11       056F
__ptext12                 text12       0550
__ptext13                 text13       0507
__ptext14                 text14       0590
__ptext15                 text15       048D
__ptext16                 text16       05A5
__ptext2                  text2        02F5
__ptext3                  text3        04B7
__ptext4                  text4        0584
__ptext5                  text5        059C
__ptext6                  text6        052D
__ptext7                  text7        04DF
__ptext8                  text8        0392
__ptext9                  text9        05AD
__size_of___aldiv         (abs)        0000
__size_of_en_pulse        (abs)        0000
__size_of_get1            (abs)        0000
__size_of_lcd_clear       (abs)        0000
__size_of_lcd_cmd         (abs)        0000
__size_of_lcd_init        (abs)        0000
__size_of_lcd_print       (abs)        0000
__size_of_lcd_putc        (abs)        0000
__size_of_main            (abs)        0000
__size_of_myISR           (abs)        0000
__size_of_recivedCMD      (abs)        0000
__size_of_usart_Interrupt (abs)        0000
__size_of_usart_Tx        (abs)        0000
__size_of_usart_TxStr     (abs)        0000
__size_of_usart_init      (abs)        0000
__size_ofi1_usart_Tx      (abs)        0000
__size_ofi1_usart_TxStr   (abs)        0000
__stringbase              strings      020F
__stringtab               strings      0200
_data                     bssBANK0     003B
_dir                      bssCOMMON    0079
_en_pulse                 text11       056F
_get1                     text16       05A5
_lcd_clear                text9        05AD
_lcd_cmd                  text10       0463
_lcd_init                 text8        0392
_lcd_print                text6        052D
_lcd_putc                 text7        04DF
_main                     maintext     002C
_myISR                    text12       0550
_recivedCMD               text15       048D
_usart_Interrupt          text5        059C
_usart_Tx                 text4        0584
_usart_TxStr              text3        04B7
_usart_init               text1        0414
_usart_init$1117          cstackBANK0  0033
btemp                     (abs)        007E
end_of_initialization     cinit        0028
i1_usart_Tx               text14       0590
i1_usart_TxStr            text13       0507
i1usart_Tx@send           cstackCOMMON 0070
i1usart_TxStr@str         cstackCOMMON 0071
interrupt_function        intentry     0004
intlevel0                 functab      0000
intlevel1                 functab      0000
intlevel2                 functab      0000
intlevel3                 functab      0000
intlevel4                 functab      0000
intlevel5                 functab      0000
lcd_cmd@data              cstackBANK0  0023
lcd_print@data            cstackBANK0  0024
lcd_putc@c                cstackBANK0  0022
main@entrada              cstackBANK0  003A
recivedCMD@cmd            cstackCOMMON 0072
recivedCMD@i              cstackCOMMON 0073
recivedCMD@j              cstackCOMMON 0074
reset_vec                 reset_vec    0000
saved_w                   (abs)        007E
start                     init         0012
start_initialization      cinit        0015
usart_Tx@send             cstackBANK0  0020
usart_TxStr@str           cstackBANK0  0021
usart_init@BAUD           cstackBANK0  002F
wtemp0                    (abs)        007E


FUNCTION INFORMATION:

 *************** function _main *****************
 Defined at:
		line 22 in file "main.c"
 Parameters:    Size  Location     Type
		None
 Auto vars:     Size  Location     Type
  entrada         1   26[BANK0 ] unsigned char 
 Return value:  Size  Location     Type
                  1    wreg      void 
 Registers used:
		wreg, fsr0l, fsr0h, status,2, status,0, btemp+1, pclath, cstack
 Tracked objects:
		On entry : 
		On exit  : 
		Unchanged: 
 Data sizes:     COMMON   BANK0   BANK1   BANK3   BANK2
      Params:         0       0       0       0       0
      Locals:         0       1       0       0       0
      Temps:          0       3       0       0       0
      Totals:         0       4       0       0       0
Total ram usage:        4 bytes
 Hardware stack levels required when called:    7
 This function calls:
		_lcd_init
		_lcd_print
		_usart_Interrupt
		_usart_TxStr
		_usart_init
 This function is called by:
		Startup code after reset
 This function uses a non-reentrant model


 *************** function _usart_init *****************
 Defined at:
		line 4 in file "usart.c"
 Parameters:    Size  Location     Type
  BAUD            4   15[BANK0 ] long 
 Auto vars:     Size  Location     Type
		None
 Return value:  Size  Location     Type
                  1    wreg      void 
 Registers used:
		wreg, status,2, status,0, pclath, cstack
 Tracked objects:
		On entry : 
		On exit  : 
		Unchanged: 
 Data sizes:     COMMON   BANK0   BANK1   BANK3   BANK2
      Params:         0       4       0       0       0
      Locals:         0       4       0       0       0
      Temps:          0       0       0       0       0
      Totals:         0       8       0       0       0
Total ram usage:        8 bytes
 Hardware stack levels used:    1
 Hardware stack levels required when called:    4
 This function calls:
		___aldiv
 This function is called by:
		_main
 This function uses a non-reentrant model


 *************** function ___aldiv *****************
 Defined at:
		line 5 in file "C:\Program Files\Microchip\xc8\v2.31\pic\sources\c90\common\aldiv.c"
 Parameters:    Size  Location     Type
  divisor         4    0[BANK0 ] long 
  dividend        4    4[BANK0 ] long 
 Auto vars:     Size  Location     Type
  quotient        4   11[BANK0 ] long 
  sign            1   10[BANK0 ] unsigned char 
  counter         1    9[BANK0 ] unsigned char 
 Return value:  Size  Location     Type
                  4    0[BANK0 ] long 
 Registers used:
		wreg, status,2, status,0
 Tracked objects:
		On entry : 
		On exit  : 
		Unchanged: 
 Data sizes:     COMMON   BANK0   BANK1   BANK3   BANK2
      Params:         0       8       0       0       0
      Locals:         0       6       0       0       0
      Temps:          0       1       0       0       0
      Totals:         0      15       0       0       0
Total ram usage:       15 bytes
 Hardware stack levels used:    1
 Hardware stack levels required when called:    3
 This function calls:
		Nothing
 This function is called by:
		_usart_init
 This function uses a non-reentrant model


 *************** function _usart_TxStr *****************
 Defined at:
		line 33 in file "usart.c"
 Parameters:    Size  Location     Type
  str             2    1[BANK0 ] PTR unsigned char 
		 -> STR_26(9), STR_25(9), STR_24(9), STR_23(9), 
		 -> STR_22(9), STR_21(9), STR_20(9), STR_19(9), 
		 -> STR_18(9), STR_17(9), STR_16(9), STR_15(9), 
		 -> STR_14(9), STR_13(9), STR_12(9), STR_11(9), 
		 -> STR_10(9), STR_9(9), STR_8(9), STR_7(9), 
		 -> STR_6(9), STR_5(9), STR_4(9), STR_3(9), 
		 -> STR_2(9), data(12), 
 Auto vars:     Size  Location     Type
		None
 Return value:  Size  Location     Type
                  1    wreg      void 
 Registers used:
		wreg, fsr0l, fsr0h, status,2, status,0, btemp+1, pclath, cstack
 Tracked objects:
		On entry : 
		On exit  : 
		Unchanged: 
 Data sizes:     COMMON   BANK0   BANK1   BANK3   BANK2
      Params:         0       2       0       0       0
      Locals:         0       0       0       0       0
      Temps:          0       0       0       0       0
      Totals:         0       2       0       0       0
Total ram usage:        2 bytes
 Hardware stack levels used:    1
 Hardware stack levels required when called:    4
 This function calls:
		_usart_Tx
 This function is called by:
		_main
 This function uses a non-reentrant model


 *************** function _usart_Tx *****************
 Defined at:
		line 24 in file "usart.c"
 Parameters:    Size  Location     Type
  send            1    wreg     unsigned char 
 Auto vars:     Size  Location     Type
  send            1    0[BANK0 ] unsigned char 
 Return value:  Size  Location     Type
                  1    wreg      void 
 Registers used:
		wreg
 Tracked objects:
		On entry : 
		On exit  : 
		Unchanged: 
 Data sizes:     COMMON   BANK0   BANK1   BANK3   BANK2
      Params:         0       0       0       0       0
      Locals:         0       1       0       0       0
      Temps:          0       0       0       0       0
      Totals:         0       1       0       0       0
Total ram usage:        1 bytes
 Hardware stack levels used:    1
 Hardware stack levels required when called:    3
 This function calls:
		Nothing
 This function is called by:
		_usart_TxStr
 This function uses a non-reentrant model


 *************** function _usart_Interrupt *****************
 Defined at:
		line 41 in file "usart.c"
 Parameters:    Size  Location     Type
		None
 Auto vars:     Size  Location     Type
		None
 Return value:  Size  Location     Type
                  1    wreg      void 
 Registers used:
		None
 Tracked objects:
		On entry : 
		On exit  : 
		Unchanged: 
 Data sizes:     COMMON   BANK0   BANK1   BANK3   BANK2
      Params:         0       0       0       0       0
      Locals:         0       0       0       0       0
      Temps:          0       0       0       0       0
      Totals:         0       0       0       0       0
Total ram usage:        0 bytes
 Hardware stack levels used:    1
 Hardware stack levels required when called:    3
 This function calls:
		Nothing
 This function is called by:
		_main
 This function uses a non-reentrant model


 *************** function _lcd_print *****************
 Defined at:
		line 106 in file "lcd.c"
 Parameters:    Size  Location     Type
  data            1    wreg     PTR unsigned char 
		 -> STR_1(11), 
 Auto vars:     Size  Location     Type
  data            1    4[BANK0 ] PTR unsigned char 
		 -> STR_1(11), 
 Return value:  Size  Location     Type
                  1    wreg      void 
 Registers used:
		wreg, fsr0l, fsr0h, status,2, status,0, pclath, cstack
 Tracked objects:
		On entry : 
		On exit  : 
		Unchanged: 
 Data sizes:     COMMON   BANK0   BANK1   BANK3   BANK2
      Params:         0       0       0       0       0
      Locals:         0       1       0       0       0
      Temps:          0       1       0       0       0
      Totals:         0       2       0       0       0
Total ram usage:        2 bytes
 Hardware stack levels used:    1
 Hardware stack levels required when called:    5
 This function calls:
		_lcd_putc
 This function is called by:
		_main
 This function uses a non-reentrant model


 *************** function _lcd_putc *****************
 Defined at:
		line 62 in file "lcd.c"
 Parameters:    Size  Location     Type
  c               1    wreg     unsigned char 
 Auto vars:     Size  Location     Type
  c               1    2[BANK0 ] unsigned char 
 Return value:  Size  Location     Type
                  1    wreg      void 
 Registers used:
		wreg, status,2, status,0, pclath, cstack
 Tracked objects:
		On entry : 
		On exit  : 
		Unchanged: 
 Data sizes:     COMMON   BANK0   BANK1   BANK3   BANK2
      Params:         0       0       0       0       0
      Locals:         0       1       0       0       0
      Temps:          0       1       0       0       0
      Totals:         0       2       0       0       0
Total ram usage:        2 bytes
 Hardware stack levels used:    1
 Hardware stack levels required when called:    4
 This function calls:
		_en_pulse
 This function is called by:
		_lcd_print
		_lcd_save_char
 This function uses a non-reentrant model


 *************** function _lcd_init *****************
 Defined at:
		line 12 in file "lcd.c"
 Parameters:    Size  Location     Type
		None
 Auto vars:     Size  Location     Type
		None
 Return value:  Size  Location     Type
                  1    wreg      void 
 Registers used:
		wreg, status,2, status,0, pclath, cstack
 Tracked objects:
		On entry : 
		On exit  : 
		Unchanged: 
 Data sizes:     COMMON   BANK0   BANK1   BANK3   BANK2
      Params:         0       0       0       0       0
      Locals:         0       0       0       0       0
      Temps:          0       3       0       0       0
      Totals:         0       3       0       0       0
Total ram usage:        3 bytes
 Hardware stack levels used:    1
 Hardware stack levels required when called:    6
 This function calls:
		_lcd_clear
		_lcd_cmd
 This function is called by:
		_main
 This function uses a non-reentrant model


 *************** function _lcd_clear *****************
 Defined at:
		line 80 in file "lcd.c"
 Parameters:    Size  Location     Type
		None
 Auto vars:     Size  Location     Type
		None
 Return value:  Size  Location     Type
                  1    wreg      void 
 Registers used:
		wreg, status,2, status,0, pclath, cstack
 Tracked objects:
		On entry : 
		On exit  : 
		Unchanged: 
 Data sizes:     COMMON   BANK0   BANK1   BANK3   BANK2
      Params:         0       0       0       0       0
      Locals:         0       0       0       0       0
      Temps:          0       0       0       0       0
      Totals:         0       0       0       0       0
Total ram usage:        0 bytes
 Hardware stack levels used:    1
 Hardware stack levels required when called:    5
 This function calls:
		_lcd_cmd
 This function is called by:
		_lcd_init
 This function uses a non-reentrant model


 *************** function _lcd_cmd *****************
 Defined at:
		line 150 in file "lcd.c"
 Parameters:    Size  Location     Type
  data            1    wreg     unsigned char 
 Auto vars:     Size  Location     Type
  data            1    3[BANK0 ] unsigned char 
 Return value:  Size  Location     Type
                  1    wreg      void 
 Registers used:
		wreg, status,2, status,0, pclath, cstack
 Tracked objects:
		On entry : 
		On exit  : 
		Unchanged: 
 Data sizes:     COMMON   BANK0   BANK1   BANK3   BANK2
      Params:         0       0       0       0       0
      Locals:         0       1       0       0       0
      Temps:          0       2       0       0       0
      Totals:         0       3       0       0       0
Total ram usage:        3 bytes
 Hardware stack levels used:    1
 Hardware stack levels required when called:    4
 This function calls:
		_en_pulse
 This function is called by:
		_lcd_init
		_lcd_clear
		_lcd_home
		_lcd_goto
		_lcd_save_char
 This function uses a non-reentrant model


 *************** function _en_pulse *****************
 Defined at:
		line 176 in file "lcd.c"
 Parameters:    Size  Location     Type
		None
 Auto vars:     Size  Location     Type
		None
 Return value:  Size  Location     Type
                  1    wreg      void 
 Registers used:
		wreg
 Tracked objects:
		On entry : 
		On exit  : 
		Unchanged: 
 Data sizes:     COMMON   BANK0   BANK1   BANK3   BANK2
      Params:         0       0       0       0       0
      Locals:         0       0       0       0       0
      Temps:          0       1       0       0       0
      Totals:         0       1       0       0       0
Total ram usage:        1 bytes
 Hardware stack levels used:    1
 Hardware stack levels required when called:    3
 This function calls:
		Nothing
 This function is called by:
		_lcd_putc
		_lcd_cmd
 This function uses a non-reentrant model


 *************** function _myISR *****************
 Defined at:
		line 12 in file "main.c"
 Parameters:    Size  Location     Type
		None
 Auto vars:     Size  Location     Type
		None
 Return value:  Size  Location     Type
                  1    wreg      void 
 Registers used:
		wreg, fsr0l, fsr0h, status,2, status,0, btemp+1, pclath, cstack
 Tracked objects:
		On entry : 
		On exit  : 
		Unchanged: 
 Data sizes:     COMMON   BANK0   BANK1   BANK3   BANK2
      Params:         0       0       0       0       0
      Locals:         0       0       0       0       0
      Temps:          4       0       0       0       0
      Totals:         4       0       0       0       0
Total ram usage:        4 bytes
 Hardware stack levels used:    1
 Hardware stack levels required when called:    2
 This function calls:
		_recivedCMD
		i1_usart_TxStr
 This function is called by:
		Interrupt level 1
 This function uses a non-reentrant model


 *************** function i1_usart_TxStr *****************
 Defined at:
		line 33 in file "usart.c"
 Parameters:    Size  Location     Type
  str             2    1[COMMON] PTR unsigned char 
		 -> STR_26(9), STR_25(9), STR_24(9), STR_23(9), 
		 -> STR_22(9), STR_21(9), STR_20(9), STR_19(9), 
		 -> STR_18(9), STR_17(9), STR_16(9), STR_15(9), 
		 -> STR_14(9), STR_13(9), STR_12(9), STR_11(9), 
		 -> STR_10(9), STR_9(9), STR_8(9), STR_7(9), 
		 -> STR_6(9), STR_5(9), STR_4(9), STR_3(9), 
		 -> STR_2(9), data(12), 
 Auto vars:     Size  Location     Type
		None
 Return value:  Size  Location     Type
                  1    wreg      void 
 Registers used:
		wreg, fsr0l, fsr0h, status,2, status,0, btemp+1, pclath, cstack
 Tracked objects:
		On entry : 
		On exit  : 
		Unchanged: 
 Data sizes:     COMMON   BANK0   BANK1   BANK3   BANK2
      Params:         2       0       0       0       0
      Locals:         0       0       0       0       0
      Temps:          0       0       0       0       0
      Totals:         2       0       0       0       0
Total ram usage:        2 bytes
 Hardware stack levels used:    1
 Hardware stack levels required when called:    1
 This function calls:
		i1_usart_Tx
 This function is called by:
		_myISR
 This function uses a non-reentrant model


 *************** function i1_usart_Tx *****************
 Defined at:
		line 24 in file "usart.c"
 Parameters:    Size  Location     Type
  send            1    wreg     unsigned char 
 Auto vars:     Size  Location     Type
  send            1    0[COMMON] unsigned char 
 Return value:  Size  Location     Type
                  1    wreg      void 
 Registers used:
		wreg
 Tracked objects:
		On entry : 
		On exit  : 
		Unchanged: 
 Data sizes:     COMMON   BANK0   BANK1   BANK3   BANK2
      Params:         0       0       0       0       0
      Locals:         1       0       0       0       0
      Temps:          0       0       0       0       0
      Totals:         1       0       0       0       0
Total ram usage:        1 bytes
 Hardware stack levels used:    1
 This function calls:
		Nothing
 This function is called by:
		i1_usart_TxStr
 This function uses a non-reentrant model


 *************** function _recivedCMD *****************
 Defined at:
		line 48 in file "usart.c"
 Parameters:    Size  Location     Type
  cmd             1    wreg     PTR unsigned char 
		 -> data(12), 
 Auto vars:     Size  Location     Type
  cmd             1    2[COMMON] PTR unsigned char 
		 -> data(12), 
  j               1    4[COMMON] unsigned char 
  i               1    3[COMMON] unsigned char 
 Return value:  Size  Location     Type
                  1    wreg      void 
 Registers used:
		wreg, fsr0l, fsr0h, status,2, status,0, pclath, cstack
 Tracked objects:
		On entry : 
		On exit  : 
		Unchanged: 
 Data sizes:     COMMON   BANK0   BANK1   BANK3   BANK2
      Params:         0       0       0       0       0
      Locals:         3       0       0       0       0
      Temps:          2       0       0       0       0
      Totals:         5       0       0       0       0
Total ram usage:        5 bytes
 Hardware stack levels used:    1
 Hardware stack levels required when called:    1
 This function calls:
		_get1
 This function is called by:
		_myISR
 This function uses a non-reentrant model


 *************** function _get1 *****************
 Defined at:
		line 61 in file "usart.c"
 Parameters:    Size  Location     Type
		None
 Auto vars:     Size  Location     Type
		None
 Return value:  Size  Location     Type
                  1    wreg      unsigned char 
 Registers used:
		wreg
 Tracked objects:
		On entry : 
		On exit  : 
		Unchanged: 
 Data sizes:     COMMON   BANK0   BANK1   BANK3   BANK2
      Params:         0       0       0       0       0
      Locals:         0       0       0       0       0
      Temps:          0       0       0       0       0
      Totals:         0       0       0       0       0
Total ram usage:        0 bytes
 Hardware stack levels used:    1
 This function calls:
		Nothing
 This function is called by:
		_recivedCMD
 This function uses a non-reentrant model



MODULE INFORMATION

Module		Function		Class		Link	Load	Size
usart.c
		_usart_Tx      		CODE           	0584	0000	12
		_usart_TxStr   		CODE           	04B7	0000	40
		_usart_Interrupt		CODE           	059C	0000	9
		_get1          		CODE           	05A5	0000	8
		_recivedCMD    		CODE           	048D	0000	42
		_usart_init    		CODE           	0414	0000	79

usart.c estimated size: 190

shared
		__stringtab    		STRING         	0200	0000	16
		i1_usart_Tx    		CODE           	0590	0000	12
		i1_usart_TxStr 		CODE           	0507	0000	38
		__initialization		CODE           	0015	0000	19

shared estimated size: 85

C:\Program Files\Microchip\xc8\v2.31\pic\sources\c90\common\aldiv.c
		___aldiv       		CODE           	02F5	0000	157

C:\Program Files\Microchip\xc8\v2.31\pic\sources\c90\common\aldiv.c estimated size: 157

lcd.c
		_lcd_putc      		CODE           	04DF	0000	40
		_lcd_cmd       		CODE           	0463	0000	42
		_lcd_clear     		CODE           	05AD	0000	7
		_lcd_print     		CODE           	052D	0000	35
		_en_pulse      		CODE           	056F	0000	21
		_lcd_init      		CODE           	0392	0000	130

lcd.c estimated size: 275

main.c
		_myISR         		CODE           	0550	0000	31
		_main          		CODE           	002C	0000	418

main.c estimated size: 449

