Microchip MPLAB XC8 Compiler V2.20

Linker command line:

-W-3 --edf=C:\Program Files\Microchip\xc8\v2.20\pic\dat\en_msgs.txt -cn \
  -h+dist/default/production\Esclavo0.X.production.sym \
  --cmf=dist/default/production\Esclavo0.X.production.cmf -z -Q16F887 \
  -oC:\Users\danny\AppData\Local\Temp\sfos.2 --defsym=__MPLAB_BUILD=1 \
  -Mdist/default/production/Esclavo0.X.production.map -E1 -ver=XC8 Compiler \
  --acfsm=1493 -ASTACK=0110h-016Fh -pstack=STACK -ACODE=00h-07FFhx4 \
  -ASTRCODE=00h-01FFFh -ASTRING=00h-0FFhx32 -ACONST=00h-0FFhx32 \
  -AENTRY=00h-0FFhx32 -ACOMMON=070h-07Fh -ABANK0=020h-06Fh \
  -ABANK1=0A0h-0EFh -ABANK2=0110h-016Fh -ABANK3=0190h-01EFh \
  -ARAM=020h-06Fh,0A0h-0EFh,0110h-016Fh,0190h-01EFh \
  -AABS1=020h-07Fh,0A0h-0EFh,0110h-016Fh,0190h-01EFh -ASFR0=00h-01Fh \
  -ASFR1=080h-09Fh -ASFR2=0100h-010Fh -ASFR3=0180h-018Fh \
  -ACONFIG=02007h-02008h -DCONFIG=2 -AIDLOC=02000h-02003h -DIDLOC=2 \
  -preset_vec=00h,intentry=04h,init,end_init -ppowerup=CODE -pcinit=CODE \
  -pfunctab=ENTRY -AEEDATA=00h-0FFh/02100h -peeprom_data=EEDATA -DEEDATA=2 \
  -DCODE=2 -DSTRCODE=2 -DSTRING=2 -DCONST=2 -DENTRY=2 -k \
  C:\Users\danny\AppData\Local\Temp\sfos.o \
  dist/default/production\Esclavo0.X.production.o 

Object code version is 3.11

Machine type is 16F887



                Name                               Link     Load   Length Selector   Space Scale
C:\Users\danny\AppData\Local\Temp\sfos.o
                end_init                             12       12        3        8       0
                reset_vec                             0        0        3        0       0
                config                             2007     2007        2        0       4
dist/default/production\Esclavo0.X.production.o
                cinit                                15       15       15        8       0
                intentry                              4        4        E        8       0
                config                             2007     2007        2        0       4
                text23                              5B9      5B9        D      A98       0
                text22                              563      563       14      A98       0
                text21                              58A      58A       13      A98       0
                text20                              5AB      5AB        E      A98       0
                text19                              577      577       13      A98       0
                text18                              5DB      5DB        8      A98       0
                text17                              4E3      4E3       2A        8       0
                text16                              3A1      3A1       44        8       0
                text15                              3E5      3E5       3A        8       0
                text14                              136      136       E8        8       0
                text13                              4B5      4B5       2E        8       0
                text12                              50D      50D       20        8       0
                text11                              486      486       2F        8       0
                text10                              457      457       2F        8       0
                text9                               30A      30A       4C        8       0
                text8                               41F      41F       38        8       0
                text7                               5C6      5C6        C      A98       0
                text6                               54C      54C       17      A98       0
                text5                                2A       2A      10C        8       0
                text4                               59D      59D        E      A98       0
                text3                               5D2      5D2        9      A98       0
                text2                               21E      21E       9D        8       0
                text1                               2BB      2BB       4F        8       0
                maintext                            356      356       4B        8       0
                cstackBANK0                          20       20       2D       20       1
                cstackCOMMON                         70       70        C       70       1
                bssBANK0                             4D       4D        E       20       1
                bssCOMMON                            7C       7C        1       70       1
                strings                             52D      52D       1F      A5A       0

TOTAL           Name                               Link     Load   Length     Space
        CLASS   STACK          

        CLASS   CODE           
                end_init                             12       12        3         0
                cinit                                15       15       15         0
                intentry                              4        4        E         0
                reset_vec                             0        0        3         0
                text23                              5B9      5B9        D         0
                text22                              563      563       14         0
                text21                              58A      58A       13         0
                text20                              5AB      5AB        E         0
                text19                              577      577       13         0
                text18                              5DB      5DB        8         0
                text17                              4E3      4E3       2A         0
                text16                              3A1      3A1       44         0
                text15                              3E5      3E5       3A         0
                text14                              136      136       E8         0
                text13                              4B5      4B5       2E         0
                text12                              50D      50D       20         0
                text11                              486      486       2F         0
                text10                              457      457       2F         0
                text9                               30A      30A       4C         0
                text8                               41F      41F       38         0
                text7                               5C6      5C6        C         0
                text6                               54C      54C       17         0
                text5                                2A       2A      10C         0
                text4                               59D      59D        E         0
                text3                               5D2      5D2        9         0
                text2                               21E      21E       9D         0
                text1                               2BB      2BB       4F         0
                maintext                            356      356       4B         0

        CLASS   STRCODE        

        CLASS   STRING         
                strings                             52D      52D       1F         0

        CLASS   CONST          

        CLASS   ENTRY          

        CLASS   COMMON         
                cstackCOMMON                         70       70        C         1
                bssCOMMON                            7C       7C        1         1

        CLASS   BANK0          
                cstackBANK0                          20       20       2D         1
                bssBANK0                             4D       4D        E         1

        CLASS   BANK1          

        CLASS   BANK2          

        CLASS   BANK3          

        CLASS   RAM            

        CLASS   ABS1           
                abs_s1                               7E       7E        2         1

        CLASS   SFR0           

        CLASS   SFR1           

        CLASS   SFR2           

        CLASS   SFR3           

        CLASS   CONFIG         
                config                             2007     2007        2         4

        CLASS   IDLOC          

        CLASS   EEDATA         



SEGMENTS        Name                           Load    Length   Top    Selector   Space  Class     Delta

                reset_vec                      000000  000003  000003         0       0  CODE        2
                intentry                       000004  000529  00052D         8       0  CODE        2
                cstackBANK0                    000020  00003B  00005B        20       1  BANK0       1
                cstackCOMMON                   000070  00000D  00007D        70       1  COMMON      1
                strings                        00052D  00001F  00054C       A5A       0  STRING      2
                text6                          00054C  000097  0005E3       A98       0  CODE        2


UNUSED ADDRESS RANGES

        Name                Unused          Largest block    Delta
        BANK0            005B-006F             15           1
        BANK1            00A0-00EF             50           1
        BANK2            0110-016F             60           1
        BANK3            0190-01EF             60           1
        CODE             0003-0003              1           2
                         05E3-1FFF            800
        COMMON           007D-007D              1           1
        CONST            0003-0003              1           2
                         05E3-1FFF            100
        EEDATA           2100-21FF            100           2
        ENTRY            0003-0003              1           2
                         05E3-1FFF            100
        IDLOC            2000-2003              4           2
        RAM              005B-006F             15           1
                         00A0-00EF             50
                         0110-016F             60
                         0190-01EF             60
        SFR0             0000-001F             20           1
        SFR1             0080-009F             20           1
        SFR2             0100-010F             10           1
        SFR3             0180-018F             10           1
        STACK            0110-016F             60           1
        STRCODE          0003-0003              1           2
                         05E3-1FFF           1A1D
        STRING           0003-0003              1           2
                         05E3-1FFF            100

                                  Symbol Table

?___aldiv                 cstackBANK0  0033
?___lwdiv                 cstackCOMMON 0070
?___lwmod                 cstackCOMMON 0077
?_sprintf                 cstackBANK0  0020
?_strcmp                  cstackCOMMON 0070
?_strcspn                 cstackCOMMON 0073
?_strspn                  cstackCOMMON 0073
_INTCONbits               (abs)        000B
_PIE1bits                 (abs)        008C
_PIR1bits                 (abs)        000C
_PORTB                    (abs)        0006
_PORTBbits                (abs)        0006
_PORTD                    (abs)        0008
_PORTDbits                (abs)        0008
_RCREG                    (abs)        001A
_RCSTAbits                (abs)        0018
_SPBRG                    (abs)        0099
_SSPADD                   (abs)        0093
_SSPBUF                   (abs)        0013
_SSPCON                   (abs)        0014
_SSPCON2                  (abs)        0091
_SSPCON2bits              (abs)        0091
_SSPCONbits               (abs)        0014
_SSPIF                    (abs)        0063
_SSPSTAT                  (abs)        0094
_SSPSTATbits              (abs)        0094
_TRISB                    (abs)        0086
_TRISBbits                (abs)        0086
_TRISC3                   (abs)        043B
_TRISC4                   (abs)        043C
_TRISCbits                (abs)        0087
_TRISD                    (abs)        0088
_TXREG                    (abs)        0019
_TXSTAbits                (abs)        0098
__Habs1                   abs1         0000
__Hbank0                  bank0        0000
__Hbank1                  bank1        0000
__Hbank2                  bank2        0000
__Hbank3                  bank3        0000
__HbssBANK0               bssBANK0     0000
__HbssCOMMON              bssCOMMON    0000
__Hcinit                  cinit        002A
__Hclrtext                clrtext      0000
__Hcode                   code         0000
__Hcommon                 common       0000
__Hconfig                 config       2009
__HcstackBANK0            cstackBANK0  0000
__HcstackCOMMON           cstackCOMMON 0000
__Heeprom_data            eeprom_data  0000
__Hend_init               end_init     0015
__Hfunctab                functab      0000
__Hinit                   init         0012
__Hintentry               intentry     0012
__Hmaintext               maintext     0000
__Hpowerup                powerup      0000
__Hram                    ram          0000
__Hreset_vec              reset_vec    0003
__Hsfr0                   sfr0         0000
__Hsfr1                   sfr1         0000
__Hsfr2                   sfr2         0000
__Hsfr3                   sfr3         0000
__Hspace_0                (abs)        05E3
__Hspace_1                (abs)        007D
__Hspace_2                (abs)        0000
__Hspace_3                (abs)        0000
__Hspace_4                (abs)        4010
__Hstack                  stack        0000
__Hstrings                strings      0000
__Htext                   text         0000
__Labs1                   abs1         0000
__Lbank0                  bank0        0000
__Lbank1                  bank1        0000
__Lbank2                  bank2        0000
__Lbank3                  bank3        0000
__LbssBANK0               bssBANK0     0000
__LbssCOMMON              bssCOMMON    0000
__Lcinit                  cinit        0015
__Lclrtext                clrtext      0000
__Lcode                   code         0000
__Lcommon                 common       0000
__Lconfig                 config       0000
__LcstackBANK0            cstackBANK0  0000
__LcstackCOMMON           cstackCOMMON 0000
__Leeprom_data            eeprom_data  0000
__Lend_init               end_init     0012
__Lfunctab                functab      0000
__Linit                   init         0012
__Lintentry               intentry     0004
__Lmaintext               maintext     0000
__Lpowerup                powerup      0000
__Lram                    ram          0000
__Lreset_vec              reset_vec    0000
__Lsfr0                   sfr0         0000
__Lsfr1                   sfr1         0000
__Lsfr2                   sfr2         0000
__Lsfr3                   sfr3         0000
__Lspace_0                (abs)        0000
__Lspace_1                (abs)        0000
__Lspace_2                (abs)        0000
__Lspace_3                (abs)        0000
__Lspace_4                (abs)        0000
__Lstack                  stack        0000
__Lstrings                strings      0000
__Ltext                   text         0000
__S0                      (abs)        05E3
__S1                      (abs)        007D
__S2                      (abs)        0000
__S3                      (abs)        0000
___aldiv                  text2        021E
___aldiv@counter          cstackBANK0  003C
___aldiv@dividend         cstackBANK0  0037
___aldiv@divisor          cstackBANK0  0033
___aldiv@quotient         cstackBANK0  003E
___aldiv@sign             cstackBANK0  003D
___int_sp                 stack        0000
___latbits                (abs)        0002
___lwdiv                  text16       03A1
___lwdiv@counter          cstackCOMMON 0076
___lwdiv@dividend         cstackCOMMON 0072
___lwdiv@divisor          cstackCOMMON 0070
___lwdiv@quotient         cstackCOMMON 0074
___lwmod                  text15       03E5
___lwmod@counter          cstackCOMMON 007B
___lwmod@dividend         cstackCOMMON 0079
___lwmod@divisor          cstackCOMMON 0077
___sp                     stack        0000
___stackhi                (abs)        0000
___stacklo                (abs)        0000
__end_of___aldiv          text2        02BB
__end_of___lwdiv          text16       03E5
__end_of___lwmod          text15       041F
__end_of__initialization  cinit        0026
__end_of__stringtab       strings      0533
__end_of_dpowers          strings      053D
__end_of_get1             text18       05E3
__end_of_i2c_idle         text23       05C6
__end_of_i2c_init         text4        05AB
__end_of_i2c_read         text22       0577
__end_of_i2c_start        text21       059D
__end_of_i2c_stop         text20       05B9
__end_of_i2c_write        text19       058A
__end_of_main             maintext     03A1
__end_of_myISR            text5        0136
__end_of_recivedCMD       text17       050D
__end_of_sprintf          text14       021E
__end_of_strchr           text12       052D
__end_of_strcmp           text13       04E3
__end_of_strcspn          text11       04B5
__end_of_strspn           text10       0486
__end_of_strtok           text9        0356
__end_of_token            text8        0457
__end_of_usart_Interrupt  text3        05DB
__end_of_usart_Tx         text7        05D2
__end_of_usart_TxStr      text6        0563
__end_of_usart_init       text1        030A
__initialization          cinit        0015
__pbssBANK0               bssBANK0     004D
__pbssCOMMON              bssCOMMON    007C
__pcstackBANK0            cstackBANK0  0020
__pcstackCOMMON           cstackCOMMON 0070
__pintentry               intentry     0004
__pmaintext               maintext     0356
__pstrings                strings      052D
__ptext1                  text1        02BB
__ptext10                 text10       0457
__ptext11                 text11       0486
__ptext12                 text12       050D
__ptext13                 text13       04B5
__ptext14                 text14       0136
__ptext15                 text15       03E5
__ptext16                 text16       03A1
__ptext17                 text17       04E3
__ptext18                 text18       05DB
__ptext19                 text19       0577
__ptext2                  text2        021E
__ptext20                 text20       05AB
__ptext21                 text21       058A
__ptext22                 text22       0563
__ptext23                 text23       05B9
__ptext3                  text3        05D2
__ptext4                  text4        059D
__ptext5                  text5        002A
__ptext6                  text6        054C
__ptext7                  text7        05C6
__ptext8                  text8        041F
__ptext9                  text9        030A
__size_of___aldiv         (abs)        0000
__size_of___lwdiv         (abs)        0000
__size_of___lwmod         (abs)        0000
__size_of_get1            (abs)        0000
__size_of_i2c_idle        (abs)        0000
__size_of_i2c_init        (abs)        0000
__size_of_i2c_read        (abs)        0000
__size_of_i2c_start       (abs)        0000
__size_of_i2c_stop        (abs)        0000
__size_of_i2c_write       (abs)        0000
__size_of_main            (abs)        0000
__size_of_myISR           (abs)        0000
__size_of_recivedCMD      (abs)        0000
__size_of_sprintf         (abs)        0000
__size_of_strchr          (abs)        0000
__size_of_strcmp          (abs)        0000
__size_of_strcspn         (abs)        0000
__size_of_strspn          (abs)        0000
__size_of_strtok          (abs)        0000
__size_of_token           (abs)        0000
__size_of_usart_Interrupt (abs)        0000
__size_of_usart_Tx        (abs)        0000
__size_of_usart_TxStr     (abs)        0000
__size_of_usart_init      (abs)        0000
__stringbase              strings      0532
__stringtab               strings      052D
_data                     bssBANK0     0051
_dir                      bssBANK0     004D
_dpowers                  strings      0533
_get1                     text18       05DB
_i2c_idle                 text23       05B9
_i2c_init                 text4        059D
_i2c_read                 text22       0563
_i2c_start                text21       058A
_i2c_stop                 text20       05AB
_i2c_write                text19       0577
_lectura                  bssBANK0     0050
_main                     maintext     0356
_myISR                    text5        002A
_recivedCMD               text17       04E3
_sprintf                  text14       0136
_strchr                   text12       050D
_strcmp                   text13       04B5
_strcspn                  text11       0486
_strspn                   text10       0457
_strtok                   text9        030A
_token                    text8        041F
_usart_Interrupt          text3        05D2
_usart_Tx                 text7        05C6
_usart_TxStr              text6        054C
_usart_init               text1        02BB
_usart_init$1374          cstackBANK0  0046
btemp                     (abs)        007E
end_of_initialization     cinit        0026
i2c_write@dato            cstackCOMMON 0070
interrupt_function        intentry     0004
intlevel0                 functab      0000
intlevel1                 functab      0000
intlevel2                 functab      0000
intlevel3                 functab      0000
intlevel4                 functab      0000
intlevel5                 functab      0000
recivedCMD@cmd            cstackCOMMON 0071
recivedCMD@i              cstackCOMMON 0072
recivedCMD@j              cstackCOMMON 0073
reset_vec                 reset_vec    0000
saved_w                   (abs)        007E
sprintf@ap                cstackBANK0  0026
sprintf@c                 cstackBANK0  002C
sprintf@f                 cstackBANK0  0020
sprintf@flag              cstackBANK0  0027
sprintf@prec              cstackBANK0  0028
sprintf@sp                cstackBANK0  002B
sprintf@val               cstackBANK0  0029
start                     init         0012
start_initialization      cinit        0015
strchr@chr                cstackCOMMON 0070
strchr@ptr                cstackCOMMON 0072
strcmp@r                  cstackCOMMON 0074
strcmp@s1                 cstackCOMMON 0075
strcmp@s2                 cstackCOMMON 0070
strcspn@i                 cstackCOMMON 0077
strcspn@s1                cstackCOMMON 0079
strcspn@s2                cstackCOMMON 0073
strspn@i                  cstackCOMMON 0077
strspn@s1                 cstackCOMMON 0079
strspn@s2                 cstackCOMMON 0073
strtok@s1                 cstackCOMMON 007B
strtok@s2                 cstackCOMMON 007A
strtok@sp                 bssCOMMON    007C
token@cmd                 cstackBANK0  0022
token@i                   cstackBANK0  0020
token@tok                 cstackBANK0  0023
usart_Tx@send             cstackCOMMON 0070
usart_TxStr@str           cstackCOMMON 0071
usart_init@BAUD           cstackBANK0  0042
wtemp0                    (abs)        007E


FUNCTION INFORMATION:

 *************** function _main *****************
 Defined at:
		line 56 in file "main.c"
 Parameters:    Size  Location     Type
		None
 Auto vars:     Size  Location     Type
		None
 Return value:  Size  Location     Type
                  1    wreg      void 
 Registers used:
		wreg, status,2, status,0, btemp+1, pclath, cstack
 Tracked objects:
		On entry : 
		On exit  : 
		Unchanged: 
 Data sizes:     COMMON   BANK0   BANK1   BANK3   BANK2
      Params:         0       0       0       0       0
      Locals:         0       0       0       0       0
      Temps:          0       3       0       0       0
      Totals:         0       3       0       0       0
Total ram usage:        3 bytes
 Hardware stack levels required when called:    8
 This function calls:
		_i2c_init
		_usart_Interrupt
		_usart_init
 This function is called by:
		Startup code after reset
 This function uses a non-reentrant model


 *************** function _usart_init *****************
 Defined at:
		line 4 in file "usart.c"
 Parameters:    Size  Location     Type
  BAUD            4   34[BANK0 ] long 
 Auto vars:     Size  Location     Type
		None
 Return value:  Size  Location     Type
                  1    wreg      void 
 Registers used:
		wreg, status,2, status,0, btemp+1, pclath, cstack
 Tracked objects:
		On entry : 
		On exit  : 
		Unchanged: 
 Data sizes:     COMMON   BANK0   BANK1   BANK3   BANK2
      Params:         0       4       0       0       0
      Locals:         0       4       0       0       0
      Temps:          0       0       0       0       0
      Totals:         0       8       0       0       0
Total ram usage:        8 bytes
 Hardware stack levels used:    1
 Hardware stack levels required when called:    7
 This function calls:
		___aldiv
 This function is called by:
		_main
 This function uses a non-reentrant model


 *************** function ___aldiv *****************
 Defined at:
		line 5 in file "C:\Program Files\Microchip\xc8\v2.20\pic\sources\c90\common\aldiv.c"
 Parameters:    Size  Location     Type
  divisor         4   19[BANK0 ] long 
  dividend        4   23[BANK0 ] long 
 Auto vars:     Size  Location     Type
  quotient        4   30[BANK0 ] long 
  sign            1   29[BANK0 ] unsigned char 
  counter         1   28[BANK0 ] unsigned char 
 Return value:  Size  Location     Type
                  4   19[BANK0 ] long 
 Registers used:
		wreg, status,2, status,0, btemp+1
 Tracked objects:
		On entry : 
		On exit  : 
		Unchanged: 
 Data sizes:     COMMON   BANK0   BANK1   BANK3   BANK2
      Params:         0       8       0       0       0
      Locals:         0       6       0       0       0
      Temps:          0       1       0       0       0
      Totals:         0      15       0       0       0
Total ram usage:       15 bytes
 Hardware stack levels used:    1
 Hardware stack levels required when called:    6
 This function calls:
		Nothing
 This function is called by:
		_usart_init
 This function uses a non-reentrant model


 *************** function _usart_Interrupt *****************
 Defined at:
		line 41 in file "usart.c"
 Parameters:    Size  Location     Type
		None
 Auto vars:     Size  Location     Type
		None
 Return value:  Size  Location     Type
                  1    wreg      void 
 Registers used:
		None
 Tracked objects:
		On entry : 
		On exit  : 
		Unchanged: 
 Data sizes:     COMMON   BANK0   BANK1   BANK3   BANK2
      Params:         0       0       0       0       0
      Locals:         0       0       0       0       0
      Temps:          0       0       0       0       0
      Totals:         0       0       0       0       0
Total ram usage:        0 bytes
 Hardware stack levels used:    1
 Hardware stack levels required when called:    6
 This function calls:
		Nothing
 This function is called by:
		_main
 This function uses a non-reentrant model


 *************** function _i2c_init *****************
 Defined at:
		line 10 in file "i2c.c"
 Parameters:    Size  Location     Type
		None
 Auto vars:     Size  Location     Type
		None
 Return value:  Size  Location     Type
                  1    wreg      void 
 Registers used:
		wreg, status,2
 Tracked objects:
		On entry : 
		On exit  : 
		Unchanged: 
 Data sizes:     COMMON   BANK0   BANK1   BANK3   BANK2
      Params:         0       0       0       0       0
      Locals:         0       0       0       0       0
      Temps:          0       0       0       0       0
      Totals:         0       0       0       0       0
Total ram usage:        0 bytes
 Hardware stack levels used:    1
 Hardware stack levels required when called:    6
 This function calls:
		Nothing
 This function is called by:
		_main
 This function uses a non-reentrant model


 *************** function _myISR *****************
 Defined at:
		line 14 in file "main.c"
 Parameters:    Size  Location     Type
		None
 Auto vars:     Size  Location     Type
		None
 Return value:  Size  Location     Type
                  1    wreg      void 
 Registers used:
		wreg, fsr0l, fsr0h, status,2, status,0, btemp+1, pclath, cstack
 Tracked objects:
		On entry : 
		On exit  : 
		Unchanged: 
 Data sizes:     COMMON   BANK0   BANK1   BANK3   BANK2
      Params:         0       0       0       0       0
      Locals:         0       0       0       0       0
      Temps:          0       6       0       0       0
      Totals:         0       6       0       0       0
Total ram usage:        6 bytes
 Hardware stack levels used:    1
 Hardware stack levels required when called:    5
 This function calls:
		_i2c_read
		_i2c_start
		_i2c_stop
		_i2c_write
		_recivedCMD
		_sprintf
		_strcmp
		_token
		_usart_TxStr
 This function is called by:
		Interrupt level 1
 This function uses a non-reentrant model


 *************** function _usart_TxStr *****************
 Defined at:
		line 33 in file "usart.c"
 Parameters:    Size  Location     Type
  str             1    wreg     PTR unsigned char 
		 -> data(10), 
 Auto vars:     Size  Location     Type
  str             1    1[COMMON] PTR unsigned char 
		 -> data(10), 
 Return value:  Size  Location     Type
                  1    wreg      void 
 Registers used:
		wreg, fsr0l, fsr0h, status,2, status,0, btemp+1, pclath, cstack
 Tracked objects:
		On entry : 
		On exit  : 
		Unchanged: 
 Data sizes:     COMMON   BANK0   BANK1   BANK3   BANK2
      Params:         0       0       0       0       0
      Locals:         1       0       0       0       0
      Temps:          0       0       0       0       0
      Totals:         1       0       0       0       0
Total ram usage:        1 bytes
 Hardware stack levels used:    1
 Hardware stack levels required when called:    1
 This function calls:
		_usart_Tx
 This function is called by:
		_myISR
 This function uses a non-reentrant model


 *************** function _usart_Tx *****************
 Defined at:
		line 24 in file "usart.c"
 Parameters:    Size  Location     Type
  send            1    wreg     unsigned char 
 Auto vars:     Size  Location     Type
  send            1    0[COMMON] unsigned char 
 Return value:  Size  Location     Type
                  1    wreg      void 
 Registers used:
		wreg
 Tracked objects:
		On entry : 
		On exit  : 
		Unchanged: 
 Data sizes:     COMMON   BANK0   BANK1   BANK3   BANK2
      Params:         0       0       0       0       0
      Locals:         1       0       0       0       0
      Temps:          0       0       0       0       0
      Totals:         1       0       0       0       0
Total ram usage:        1 bytes
 Hardware stack levels used:    1
 This function calls:
		Nothing
 This function is called by:
		_usart_TxStr
 This function uses a non-reentrant model


 *************** function _token *****************
 Defined at:
		line 68 in file "usart.c"
 Parameters:    Size  Location     Type
  cmd             1    wreg     PTR unsigned char 
		 -> data(10), 
 Auto vars:     Size  Location     Type
  cmd             1    2[BANK0 ] PTR unsigned char 
		 -> data(10), 
  i               2    0[BANK0 ] int 
  tok             1    3[BANK0 ] PTR unsigned char 
		 -> NULL(0), data(10), 
 Return value:  Size  Location     Type
                  1    wreg      void 
 Registers used:
		wreg, fsr0l, fsr0h, status,2, status,0, btemp+1, pclath, cstack
 Tracked objects:
		On entry : 
		On exit  : 
		Unchanged: 
 Data sizes:     COMMON   BANK0   BANK1   BANK3   BANK2
      Params:         0       0       0       0       0
      Locals:         0       4       0       0       0
      Temps:          0       0       0       0       0
      Totals:         0       4       0       0       0
Total ram usage:        4 bytes
 Hardware stack levels used:    1
 Hardware stack levels required when called:    4
 This function calls:
		_strtok
 This function is called by:
		_myISR
 This function uses a non-reentrant model


 *************** function _strtok *****************
 Defined at:
		line 8 in file "C:\Program Files\Microchip\xc8\v2.20\pic\sources\c90\common\strtok.c"
 Parameters:    Size  Location     Type
  s1              1    wreg     PTR unsigned char 
		 -> NULL(0), data(10), 
  s2              1   10[COMMON] PTR const unsigned char 
		 -> STR_7(2), STR_6(2), 
 Auto vars:     Size  Location     Type
  s1              1   11[COMMON] PTR unsigned char 
		 -> NULL(0), data(10), 
 Return value:  Size  Location     Type
                  1    wreg      PTR unsigned char 
 Registers used:
		wreg, fsr0l, fsr0h, status,2, status,0, btemp+1, pclath, cstack
 Tracked objects:
		On entry : 
		On exit  : 
		Unchanged: 
 Data sizes:     COMMON   BANK0   BANK1   BANK3   BANK2
      Params:         1       0       0       0       0
      Locals:         1       0       0       0       0
      Temps:          0       0       0       0       0
      Totals:         2       0       0       0       0
Total ram usage:        2 bytes
 Hardware stack levels used:    1
 Hardware stack levels required when called:    3
 This function calls:
		_strcspn
		_strspn
 This function is called by:
		_token
 This function uses a non-reentrant model


 *************** function _strspn *****************
 Defined at:
		line 4 in file "C:\Program Files\Microchip\xc8\v2.20\pic\sources\c90\common\strspn.c"
 Parameters:    Size  Location     Type
  s1              1    wreg     PTR const unsigned char 
		 -> NULL(0), data(10), 
  s2              1    3[COMMON] PTR const unsigned char 
		 -> STR_7(2), STR_6(2), 
 Auto vars:     Size  Location     Type
  s1              1    9[COMMON] PTR const unsigned char 
		 -> NULL(0), data(10), 
  i               2    7[COMMON] unsigned int 
 Return value:  Size  Location     Type
                  2    3[COMMON] unsigned int 
 Registers used:
		wreg, fsr0l, fsr0h, status,2, status,0, btemp+1, pclath, cstack
 Tracked objects:
		On entry : 
		On exit  : 
		Unchanged: 
 Data sizes:     COMMON   BANK0   BANK1   BANK3   BANK2
      Params:         2       0       0       0       0
      Locals:         3       0       0       0       0
      Temps:          2       0       0       0       0
      Totals:         7       0       0       0       0
Total ram usage:        7 bytes
 Hardware stack levels used:    1
 Hardware stack levels required when called:    2
 This function calls:
		_strchr
 This function is called by:
		_strtok
 This function uses a non-reentrant model


 *************** function _strcspn *****************
 Defined at:
		line 4 in file "C:\Program Files\Microchip\xc8\v2.20\pic\sources\c90\common\strcspn.c"
 Parameters:    Size  Location     Type
  s1              1    wreg     PTR const unsigned char 
		 -> NULL(0), data(10), 
  s2              1    3[COMMON] PTR const unsigned char 
		 -> STR_7(2), STR_6(2), 
 Auto vars:     Size  Location     Type
  s1              1    9[COMMON] PTR const unsigned char 
		 -> NULL(0), data(10), 
  i               2    7[COMMON] unsigned int 
 Return value:  Size  Location     Type
                  2    3[COMMON] unsigned int 
 Registers used:
		wreg, fsr0l, fsr0h, status,2, status,0, btemp+1, pclath, cstack
 Tracked objects:
		On entry : 
		On exit  : 
		Unchanged: 
 Data sizes:     COMMON   BANK0   BANK1   BANK3   BANK2
      Params:         2       0       0       0       0
      Locals:         3       0       0       0       0
      Temps:          2       0       0       0       0
      Totals:         7       0       0       0       0
Total ram usage:        7 bytes
 Hardware stack levels used:    1
 Hardware stack levels required when called:    2
 This function calls:
		_strchr
 This function is called by:
		_strtok
 This function uses a non-reentrant model


 *************** function _strchr *****************
 Defined at:
		line 4 in file "C:\Program Files\Microchip\xc8\v2.20\pic\sources\c90\common\strchr.c"
 Parameters:    Size  Location     Type
  ptr             1    wreg     PTR const unsigned char 
		 -> STR_7(2), STR_6(2), 
  chr             2    0[COMMON] int 
 Auto vars:     Size  Location     Type
  ptr             1    2[COMMON] PTR const unsigned char 
		 -> STR_7(2), STR_6(2), 
 Return value:  Size  Location     Type
                  1    wreg      PTR unsigned char 
 Registers used:
		wreg, fsr0l, fsr0h, pclath
 Tracked objects:
		On entry : 
		On exit  : 
		Unchanged: 
 Data sizes:     COMMON   BANK0   BANK1   BANK3   BANK2
      Params:         2       0       0       0       0
      Locals:         1       0       0       0       0
      Temps:          0       0       0       0       0
      Totals:         3       0       0       0       0
Total ram usage:        3 bytes
 Hardware stack levels used:    2
 This function calls:
		Nothing
 This function is called by:
		_strcspn
		_strspn
 This function uses a non-reentrant model


 *************** function _strcmp *****************
 Defined at:
		line 33 in file "C:\Program Files\Microchip\xc8\v2.20\pic\sources\c90\common\strcmp.c"
 Parameters:    Size  Location     Type
  s1              1    wreg     PTR const unsigned char 
		 -> NULL(0), data(10), 
  s2              1    0[COMMON] PTR const unsigned char 
		 -> STR_4(3), STR_2(3), STR_1(3), 
 Auto vars:     Size  Location     Type
  s1              1    5[COMMON] PTR const unsigned char 
		 -> NULL(0), data(10), 
  r               1    4[COMMON] char 
 Return value:  Size  Location     Type
                  2    0[COMMON] int 
 Registers used:
		wreg, fsr0l, fsr0h, status,2, status,0, btemp+1, pclath
 Tracked objects:
		On entry : 
		On exit  : 
		Unchanged: 
 Data sizes:     COMMON   BANK0   BANK1   BANK3   BANK2
      Params:         2       0       0       0       0
      Locals:         2       0       0       0       0
      Temps:          2       0       0       0       0
      Totals:         6       0       0       0       0
Total ram usage:        6 bytes
 Hardware stack levels used:    2
 This function calls:
		Nothing
 This function is called by:
		_myISR
 This function uses a non-reentrant model


 *************** function _sprintf *****************
 Defined at:
		line 505 in file "C:\Program Files\Microchip\xc8\v2.20\pic\sources\c90\common\doprnt.c"
 Parameters:    Size  Location     Type
  sp              1    wreg     PTR unsigned char 
		 -> data(10), 
  f               1    0[BANK0 ] PTR const unsigned char 
		 -> STR_5(4), STR_3(4), 
 Auto vars:     Size  Location     Type
  sp              1   11[BANK0 ] PTR unsigned char 
		 -> data(10), 
  tmpval          4    0        struct .
  val             2    9[BANK0 ] unsigned int 
  cp              2    0        PTR const unsigned char 
  len             2    0        unsigned int 
  c               1   12[BANK0 ] unsigned char 
  prec            1    8[BANK0 ] char 
  flag            1    7[BANK0 ] unsigned char 
  ap              1    6[BANK0 ] PTR void [1]
		 -> ?_sprintf(2), 
 Return value:  Size  Location     Type
                  2    0[BANK0 ] int 
 Registers used:
		wreg, fsr0l, fsr0h, status,2, status,0, btemp+1, pclath, cstack
 Tracked objects:
		On entry : 
		On exit  : 
		Unchanged: 
 Data sizes:     COMMON   BANK0   BANK1   BANK3   BANK2
      Params:         0       3       0       0       0
      Locals:         0       7       0       0       0
      Temps:          0       3       0       0       0
      Totals:         0      13       0       0       0
Total ram usage:       13 bytes
 Hardware stack levels used:    1
 Hardware stack levels required when called:    1
 This function calls:
		___lwdiv
		___lwmod
 This function is called by:
		_myISR
 This function uses a non-reentrant model


 *************** function ___lwmod *****************
 Defined at:
		line 5 in file "C:\Program Files\Microchip\xc8\v2.20\pic\sources\c90\common\lwmod.c"
 Parameters:    Size  Location     Type
  divisor         2    7[COMMON] unsigned int 
  dividend        2    9[COMMON] unsigned int 
 Auto vars:     Size  Location     Type
  counter         1   11[COMMON] unsigned char 
 Return value:  Size  Location     Type
                  2    7[COMMON] unsigned int 
 Registers used:
		wreg, status,2, status,0, btemp+1
 Tracked objects:
		On entry : 
		On exit  : 
		Unchanged: 
 Data sizes:     COMMON   BANK0   BANK1   BANK3   BANK2
      Params:         4       0       0       0       0
      Locals:         1       0       0       0       0
      Temps:          0       0       0       0       0
      Totals:         5       0       0       0       0
Total ram usage:        5 bytes
 Hardware stack levels used:    1
 This function calls:
		Nothing
 This function is called by:
		_sprintf
 This function uses a non-reentrant model


 *************** function ___lwdiv *****************
 Defined at:
		line 5 in file "C:\Program Files\Microchip\xc8\v2.20\pic\sources\c90\common\lwdiv.c"
 Parameters:    Size  Location     Type
  divisor         2    0[COMMON] unsigned int 
  dividend        2    2[COMMON] unsigned int 
 Auto vars:     Size  Location     Type
  quotient        2    4[COMMON] unsigned int 
  counter         1    6[COMMON] unsigned char 
 Return value:  Size  Location     Type
                  2    0[COMMON] unsigned int 
 Registers used:
		wreg, status,2, status,0, btemp+1
 Tracked objects:
		On entry : 
		On exit  : 
		Unchanged: 
 Data sizes:     COMMON   BANK0   BANK1   BANK3   BANK2
      Params:         4       0       0       0       0
      Locals:         3       0       0       0       0
      Temps:          0       0       0       0       0
      Totals:         7       0       0       0       0
Total ram usage:        7 bytes
 Hardware stack levels used:    1
 This function calls:
		Nothing
 This function is called by:
		_sprintf
 This function uses a non-reentrant model


 *************** function _recivedCMD *****************
 Defined at:
		line 48 in file "usart.c"
 Parameters:    Size  Location     Type
  cmd             1    wreg     PTR unsigned char 
		 -> data(10), 
 Auto vars:     Size  Location     Type
  cmd             1    1[COMMON] PTR unsigned char 
		 -> data(10), 
  j               1    3[COMMON] unsigned char 
  i               1    2[COMMON] unsigned char 
 Return value:  Size  Location     Type
                  1    wreg      void 
 Registers used:
		wreg, fsr0l, fsr0h, status,2, status,0, btemp+1, pclath, cstack
 Tracked objects:
		On entry : 
		On exit  : 
		Unchanged: 
 Data sizes:     COMMON   BANK0   BANK1   BANK3   BANK2
      Params:         0       0       0       0       0
      Locals:         3       0       0       0       0
      Temps:          1       0       0       0       0
      Totals:         4       0       0       0       0
Total ram usage:        4 bytes
 Hardware stack levels used:    1
 Hardware stack levels required when called:    1
 This function calls:
		_get1
 This function is called by:
		_myISR
 This function uses a non-reentrant model


 *************** function _get1 *****************
 Defined at:
		line 61 in file "usart.c"
 Parameters:    Size  Location     Type
		None
 Auto vars:     Size  Location     Type
		None
 Return value:  Size  Location     Type
                  1    wreg      unsigned char 
 Registers used:
		wreg
 Tracked objects:
		On entry : 
		On exit  : 
		Unchanged: 
 Data sizes:     COMMON   BANK0   BANK1   BANK3   BANK2
      Params:         0       0       0       0       0
      Locals:         0       0       0       0       0
      Temps:          0       0       0       0       0
      Totals:         0       0       0       0       0
Total ram usage:        0 bytes
 Hardware stack levels used:    1
 This function calls:
		Nothing
 This function is called by:
		_recivedCMD
 This function uses a non-reentrant model


 *************** function _i2c_write *****************
 Defined at:
		line 52 in file "i2c.c"
 Parameters:    Size  Location     Type
  dato            1    wreg     unsigned char 
 Auto vars:     Size  Location     Type
  dato            1    0[COMMON] unsigned char 
 Return value:  Size  Location     Type
                  1    wreg      unsigned char 
 Registers used:
		wreg, status,2, status,0, pclath, cstack
 Tracked objects:
		On entry : 
		On exit  : 
		Unchanged: 
 Data sizes:     COMMON   BANK0   BANK1   BANK3   BANK2
      Params:         0       0       0       0       0
      Locals:         1       0       0       0       0
      Temps:          0       0       0       0       0
      Totals:         1       0       0       0       0
Total ram usage:        1 bytes
 Hardware stack levels used:    1
 Hardware stack levels required when called:    1
 This function calls:
		_i2c_idle
 This function is called by:
		_myISR
 This function uses a non-reentrant model


 *************** function _i2c_stop *****************
 Defined at:
		line 37 in file "i2c.c"
 Parameters:    Size  Location     Type
		None
 Auto vars:     Size  Location     Type
		None
 Return value:  Size  Location     Type
                  1    wreg      void 
 Registers used:
		None
 Tracked objects:
		On entry : 
		On exit  : 
		Unchanged: 
 Data sizes:     COMMON   BANK0   BANK1   BANK3   BANK2
      Params:         0       0       0       0       0
      Locals:         0       0       0       0       0
      Temps:          0       0       0       0       0
      Totals:         0       0       0       0       0
Total ram usage:        0 bytes
 Hardware stack levels used:    1
 This function calls:
		Nothing
 This function is called by:
		_myISR
 This function uses a non-reentrant model


 *************** function _i2c_start *****************
 Defined at:
		line 20 in file "i2c.c"
 Parameters:    Size  Location     Type
		None
 Auto vars:     Size  Location     Type
		None
 Return value:  Size  Location     Type
                  1    wreg      void 
 Registers used:
		wreg, status,2, status,0, pclath, cstack
 Tracked objects:
		On entry : 
		On exit  : 
		Unchanged: 
 Data sizes:     COMMON   BANK0   BANK1   BANK3   BANK2
      Params:         0       0       0       0       0
      Locals:         0       0       0       0       0
      Temps:          0       0       0       0       0
      Totals:         0       0       0       0       0
Total ram usage:        0 bytes
 Hardware stack levels used:    1
 Hardware stack levels required when called:    1
 This function calls:
		_i2c_idle
 This function is called by:
		_myISR
 This function uses a non-reentrant model


 *************** function _i2c_read *****************
 Defined at:
		line 44 in file "i2c.c"
 Parameters:    Size  Location     Type
		None
 Auto vars:     Size  Location     Type
		None
 Return value:  Size  Location     Type
                  1    wreg      unsigned char 
 Registers used:
		wreg, status,2, status,0, pclath, cstack
 Tracked objects:
		On entry : 
		On exit  : 
		Unchanged: 
 Data sizes:     COMMON   BANK0   BANK1   BANK3   BANK2
      Params:         0       0       0       0       0
      Locals:         0       0       0       0       0
      Temps:          0       0       0       0       0
      Totals:         0       0       0       0       0
Total ram usage:        0 bytes
 Hardware stack levels used:    1
 Hardware stack levels required when called:    1
 This function calls:
		_i2c_idle
 This function is called by:
		_myISR
 This function uses a non-reentrant model


 *************** function _i2c_idle *****************
 Defined at:
		line 81 in file "i2c.c"
 Parameters:    Size  Location     Type
		None
 Auto vars:     Size  Location     Type
		None
 Return value:  Size  Location     Type
                  1    wreg      void 
 Registers used:
		wreg, status,2
 Tracked objects:
		On entry : 
		On exit  : 
		Unchanged: 
 Data sizes:     COMMON   BANK0   BANK1   BANK3   BANK2
      Params:         0       0       0       0       0
      Locals:         0       0       0       0       0
      Temps:          0       0       0       0       0
      Totals:         0       0       0       0       0
Total ram usage:        0 bytes
 Hardware stack levels used:    1
 This function calls:
		Nothing
 This function is called by:
		_i2c_start
		_i2c_read
		_i2c_write
		_i2c_restart
 This function uses a non-reentrant model



MODULE INFORMATION

Module		Function		Class		Link	Load	Size
C:\Program Files\Microchip\xc8\v2.20\pic\sources\c90\common\aldiv.c
		___aldiv       		CODE           	021E	0000	158

C:\Program Files\Microchip\xc8\v2.20\pic\sources\c90\common\aldiv.c estimated size: 158

C:\Program Files\Microchip\xc8\v2.20\pic\sources\c90\common\strtok.c
		_strtok        		CODE           	030A	0000	77

C:\Program Files\Microchip\xc8\v2.20\pic\sources\c90\common\strtok.c estimated size: 77

C:\Program Files\Microchip\xc8\v2.20\pic\sources\c90\common\strcspn.c
		_strcspn       		CODE           	0486	0000	48

C:\Program Files\Microchip\xc8\v2.20\pic\sources\c90\common\strcspn.c estimated size: 48

usart.c
		_usart_Tx      		CODE           	05C6	0000	13
		_usart_TxStr   		CODE           	054C	0000	24
		_usart_Interrupt		CODE           	05D2	0000	10
		_get1          		CODE           	05DB	0000	9
		_recivedCMD    		CODE           	04E3	0000	43
		_usart_init    		CODE           	02BB	0000	80
		_token         		CODE           	041F	0000	57

usart.c estimated size: 236

i2c.c
		_i2c_start     		CODE           	058A	0000	20
		_i2c_idle      		CODE           	05B9	0000	14
		_i2c_write     		CODE           	0577	0000	20
		_i2c_stop      		CODE           	05AB	0000	15
		_i2c_read      		CODE           	0563	0000	21
		_i2c_init      		CODE           	059D	0000	15

i2c.c estimated size: 105

C:\Program Files\Microchip\xc8\v2.20\pic\sources\c90\common\lwmod.c
		___lwmod       		CODE           	03E5	0000	59

C:\Program Files\Microchip\xc8\v2.20\pic\sources\c90\common\lwmod.c estimated size: 59

C:\Program Files\Microchip\xc8\v2.20\pic\sources\c90\common\strcmp.c
		_strcmp        		CODE           	04B5	0000	47

C:\Program Files\Microchip\xc8\v2.20\pic\sources\c90\common\strcmp.c estimated size: 47

C:\Program Files\Microchip\xc8\v2.20\pic\sources\c90\common\strchr.c
		_strchr        		CODE           	050D	0000	33

C:\Program Files\Microchip\xc8\v2.20\pic\sources\c90\common\strchr.c estimated size: 33

C:\Program Files\Microchip\xc8\v2.20\pic\sources\c90\common\doprnt.c
		_sprintf       		CODE           	0136	0000	233

C:\Program Files\Microchip\xc8\v2.20\pic\sources\c90\common\doprnt.c estimated size: 233

shared
		__stringtab    		STRING         	052D	0000	7
		_dpowers       		STRING         	0533	0000	11
		__initialization		CODE           	0015	0000	18

shared estimated size: 36

C:\Program Files\Microchip\xc8\v2.20\pic\sources\c90\common\strspn.c
		_strspn        		CODE           	0457	0000	48

C:\Program Files\Microchip\xc8\v2.20\pic\sources\c90\common\strspn.c estimated size: 48

C:\Program Files\Microchip\xc8\v2.20\pic\sources\c90\common\lwdiv.c
		___lwdiv       		CODE           	03A1	0000	69

C:\Program Files\Microchip\xc8\v2.20\pic\sources\c90\common\lwdiv.c estimated size: 69

main.c
		_myISR         		CODE           	002A	0000	269
		_main          		CODE           	0356	0000	76

main.c estimated size: 345

